<?xml version="1.0"?>
<link_info>
   <banner>MSP430 Linker PC v4.4.3</banner>
   <copyright>Copyright (c) 2003-2015 Texas Instruments Incorporated</copyright>
   <link_time>0x5633f244</link_time>
   <link_errors>0x0</link_errors>
   <output_file>ComunicacionModuloRX.out</output_file>
   <entry_point>
      <name>_c_int00_noargs_noexit</name>
      <address>0x2230</address>
   </entry_point>
   <input_file_list>
      <input_file id="fl-2">
         <path>.\src\</path>
         <kind>object</kind>
         <file>main.obj</file>
         <name>main.obj</name>
      </input_file>
      <input_file id="fl-3">
         <path>.\src\bsp\hal\</path>
         <kind>object</kind>
         <file>hal_cc2500.obj</file>
         <name>hal_cc2500.obj</name>
      </input_file>
      <input_file id="fl-4">
         <path>.\src\bsp\hal\</path>
         <kind>object</kind>
         <file>hal_pin.obj</file>
         <name>hal_pin.obj</name>
      </input_file>
      <input_file id="fl-5">
         <path>.\src\bsp\hal\</path>
         <kind>object</kind>
         <file>hal_usci_spi.obj</file>
         <name>hal_usci_spi.obj</name>
      </input_file>
      <input_file id="fl-6">
         <path>.\src\bsp\hal\</path>
         <kind>object</kind>
         <file>uart.obj</file>
         <name>uart.obj</name>
      </input_file>
      <input_file id="fl-7">
         <path>.\src\bsp\</path>
         <kind>object</kind>
         <file>bsp.obj</file>
         <name>bsp.obj</name>
      </input_file>
      <input_file id="fl-36">
         <path>C:\ti\ccsv6\tools\compiler\ti-cgt-msp430_4.4.3\lib\</path>
         <kind>archive</kind>
         <file>rts430x_lc_rd_eabi.lib</file>
         <name>boot.obj</name>
      </input_file>
      <input_file id="fl-37">
         <path>C:\ti\ccsv6\tools\compiler\ti-cgt-msp430_4.4.3\lib\</path>
         <kind>archive</kind>
         <file>rts430x_lc_rd_eabi.lib</file>
         <name>boot_special.obj</name>
      </input_file>
      <input_file id="fl-38">
         <path>C:\ti\ccsv6\tools\compiler\ti-cgt-msp430_4.4.3\lib\</path>
         <kind>archive</kind>
         <file>rts430x_lc_rd_eabi.lib</file>
         <name>copy_decompress_none.obj</name>
      </input_file>
      <input_file id="fl-39">
         <path>C:\ti\ccsv6\tools\compiler\ti-cgt-msp430_4.4.3\lib\</path>
         <kind>archive</kind>
         <file>rts430x_lc_rd_eabi.lib</file>
         <name>copy_decompress_rle.obj</name>
      </input_file>
      <input_file id="fl-3a">
         <path>C:\ti\ccsv6\tools\compiler\ti-cgt-msp430_4.4.3\lib\</path>
         <kind>archive</kind>
         <file>rts430x_lc_rd_eabi.lib</file>
         <name>copy_zero_init.obj</name>
      </input_file>
      <input_file id="fl-3b">
         <path>C:\ti\ccsv6\tools\compiler\ti-cgt-msp430_4.4.3\lib\</path>
         <kind>archive</kind>
         <file>rts430x_lc_rd_eabi.lib</file>
         <name>cvtfd.obj</name>
      </input_file>
      <input_file id="fl-3c">
         <path>C:\ti\ccsv6\tools\compiler\ti-cgt-msp430_4.4.3\lib\</path>
         <kind>archive</kind>
         <file>rts430x_lc_rd_eabi.lib</file>
         <name>div32u.obj</name>
      </input_file>
      <input_file id="fl-3d">
         <path>C:\ti\ccsv6\tools\compiler\ti-cgt-msp430_4.4.3\lib\</path>
         <kind>archive</kind>
         <file>rts430x_lc_rd_eabi.lib</file>
         <name>exit.obj</name>
      </input_file>
      <input_file id="fl-3e">
         <path>C:\ti\ccsv6\tools\compiler\ti-cgt-msp430_4.4.3\lib\</path>
         <kind>archive</kind>
         <file>rts430x_lc_rd_eabi.lib</file>
         <name>fs_add.obj</name>
      </input_file>
      <input_file id="fl-3f">
         <path>C:\ti\ccsv6\tools\compiler\ti-cgt-msp430_4.4.3\lib\</path>
         <kind>archive</kind>
         <file>rts430x_lc_rd_eabi.lib</file>
         <name>fs_div.obj</name>
      </input_file>
      <input_file id="fl-40">
         <path>C:\ti\ccsv6\tools\compiler\ti-cgt-msp430_4.4.3\lib\</path>
         <kind>archive</kind>
         <file>rts430x_lc_rd_eabi.lib</file>
         <name>fs_itof.obj</name>
      </input_file>
      <input_file id="fl-41">
         <path>C:\ti\ccsv6\tools\compiler\ti-cgt-msp430_4.4.3\lib\</path>
         <kind>archive</kind>
         <file>rts430x_lc_rd_eabi.lib</file>
         <name>fs_mpy.obj</name>
      </input_file>
      <input_file id="fl-42">
         <path>C:\ti\ccsv6\tools\compiler\ti-cgt-msp430_4.4.3\lib\</path>
         <kind>archive</kind>
         <file>rts430x_lc_rd_eabi.lib</file>
         <name>fs_tou.obj</name>
      </input_file>
      <input_file id="fl-43">
         <path>C:\ti\ccsv6\tools\compiler\ti-cgt-msp430_4.4.3\lib\</path>
         <kind>archive</kind>
         <file>rts430x_lc_rd_eabi.lib</file>
         <name>fs_ultof.obj</name>
      </input_file>
      <input_file id="fl-44">
         <path>C:\ti\ccsv6\tools\compiler\ti-cgt-msp430_4.4.3\lib\</path>
         <kind>archive</kind>
         <file>rts430x_lc_rd_eabi.lib</file>
         <name>int14.obj</name>
      </input_file>
      <input_file id="fl-45">
         <path>C:\ti\ccsv6\tools\compiler\ti-cgt-msp430_4.4.3\lib\</path>
         <kind>archive</kind>
         <file>rts430x_lc_rd_eabi.lib</file>
         <name>int15.obj</name>
      </input_file>
      <input_file id="fl-46">
         <path>C:\ti\ccsv6\tools\compiler\ti-cgt-msp430_4.4.3\lib\</path>
         <kind>archive</kind>
         <file>rts430x_lc_rd_eabi.lib</file>
         <name>int16.obj</name>
      </input_file>
      <input_file id="fl-47">
         <path>C:\ti\ccsv6\tools\compiler\ti-cgt-msp430_4.4.3\lib\</path>
         <kind>archive</kind>
         <file>rts430x_lc_rd_eabi.lib</file>
         <name>int19.obj</name>
      </input_file>
      <input_file id="fl-48">
         <path>C:\ti\ccsv6\tools\compiler\ti-cgt-msp430_4.4.3\lib\</path>
         <kind>archive</kind>
         <file>rts430x_lc_rd_eabi.lib</file>
         <name>int23.obj</name>
      </input_file>
      <input_file id="fl-49">
         <path>C:\ti\ccsv6\tools\compiler\ti-cgt-msp430_4.4.3\lib\</path>
         <kind>archive</kind>
         <file>rts430x_lc_rd_eabi.lib</file>
         <name>int24.obj</name>
      </input_file>
      <input_file id="fl-4a">
         <path>C:\ti\ccsv6\tools\compiler\ti-cgt-msp430_4.4.3\lib\</path>
         <kind>archive</kind>
         <file>rts430x_lc_rd_eabi.lib</file>
         <name>int25.obj</name>
      </input_file>
      <input_file id="fl-4b">
         <path>C:\ti\ccsv6\tools\compiler\ti-cgt-msp430_4.4.3\lib\</path>
         <kind>archive</kind>
         <file>rts430x_lc_rd_eabi.lib</file>
         <name>int27.obj</name>
      </input_file>
      <input_file id="fl-4c">
         <path>C:\ti\ccsv6\tools\compiler\ti-cgt-msp430_4.4.3\lib\</path>
         <kind>archive</kind>
         <file>rts430x_lc_rd_eabi.lib</file>
         <name>isr_trap.obj</name>
      </input_file>
      <input_file id="fl-4d">
         <path>C:\ti\ccsv6\tools\compiler\ti-cgt-msp430_4.4.3\lib\</path>
         <kind>archive</kind>
         <file>rts430x_lc_rd_eabi.lib</file>
         <name>lsl16.obj</name>
      </input_file>
      <input_file id="fl-4e">
         <path>C:\ti\ccsv6\tools\compiler\ti-cgt-msp430_4.4.3\lib\</path>
         <kind>archive</kind>
         <file>rts430x_lc_rd_eabi.lib</file>
         <name>memcpy.obj</name>
      </input_file>
      <input_file id="fl-4f">
         <path>C:\ti\ccsv6\tools\compiler\ti-cgt-msp430_4.4.3\lib\</path>
         <kind>archive</kind>
         <file>rts430x_lc_rd_eabi.lib</file>
         <name>mpu_init.obj</name>
      </input_file>
      <input_file id="fl-50">
         <path>C:\ti\ccsv6\tools\compiler\ti-cgt-msp430_4.4.3\lib\</path>
         <kind>archive</kind>
         <file>rts430x_lc_rd_eabi.lib</file>
         <name>mult16.obj</name>
      </input_file>
      <input_file id="fl-51">
         <path>C:\ti\ccsv6\tools\compiler\ti-cgt-msp430_4.4.3\lib\</path>
         <kind>archive</kind>
         <file>rts430x_lc_rd_eabi.lib</file>
         <name>mult1632_hw.obj</name>
      </input_file>
      <input_file id="fl-52">
         <path>C:\ti\ccsv6\tools\compiler\ti-cgt-msp430_4.4.3\lib\</path>
         <kind>archive</kind>
         <file>rts430x_lc_rd_eabi.lib</file>
         <name>mult16_hw.obj</name>
      </input_file>
      <input_file id="fl-53">
         <path>C:\ti\ccsv6\tools\compiler\ti-cgt-msp430_4.4.3\lib\</path>
         <kind>archive</kind>
         <file>rts430x_lc_rd_eabi.lib</file>
         <name>mult3264_hw.obj</name>
      </input_file>
      <input_file id="fl-54">
         <path>C:\ti\ccsv6\tools\compiler\ti-cgt-msp430_4.4.3\lib\</path>
         <kind>archive</kind>
         <file>rts430x_lc_rd_eabi.lib</file>
         <name>mult32_hw.obj</name>
      </input_file>
      <input_file id="fl-55">
         <path>C:\ti\ccsv6\tools\compiler\ti-cgt-msp430_4.4.3\lib\</path>
         <kind>archive</kind>
         <file>rts430x_lc_rd_eabi.lib</file>
         <name>mult64_hw.obj</name>
      </input_file>
      <input_file id="fl-56">
         <path>C:\ti\ccsv6\tools\compiler\ti-cgt-msp430_4.4.3\lib\</path>
         <kind>archive</kind>
         <file>rts430x_lc_rd_eabi.lib</file>
         <name>pre_init.obj</name>
      </input_file>
      <input_file id="fl-57">
         <path>C:\ti\ccsv6\tools\compiler\ti-cgt-msp430_4.4.3\lib\</path>
         <kind>archive</kind>
         <file>rts430x_lc_rd_eabi.lib</file>
         <name>round.obj</name>
      </input_file>
      <input_file id="fl-58">
         <path>C:\ti\ccsv6\tools\compiler\ti-cgt-msp430_4.4.3\lib\</path>
         <kind>archive</kind>
         <file>rts430x_lc_rd_eabi.lib</file>
         <name>strlen.obj</name>
      </input_file>
      <input_file id="fl-59">
         <path>C:\ti\ccsv6\tools\compiler\ti-cgt-msp430_4.4.3\lib\</path>
         <kind>archive</kind>
         <file>rts430x_lc_rd_eabi.lib</file>
         <name>subd.obj</name>
      </input_file>
      <input_file id="fl-5a">
         <path>C:\ti\ccsv6\tools\compiler\ti-cgt-msp430_4.4.3\lib\</path>
         <kind>archive</kind>
         <file>rts430x_lc_rd_eabi.lib</file>
         <name>xdint.obj</name>
      </input_file>
      <input_file id="fl-5b">
         <path>C:\ti\ccsv6\tools\compiler\ti-cgt-msp430_4.4.3\lib\</path>
         <kind>archive</kind>
         <file>rts430x_lc_rd_eabi.lib</file>
         <name>_lock.obj</name>
      </input_file>
      <input_file id="fl-5c">
         <path>C:\ti\ccsv6\tools\compiler\ti-cgt-msp430_4.4.3\lib\</path>
         <kind>archive</kind>
         <file>rts430x_lc_rd_eabi.lib</file>
         <name>addd.obj</name>
      </input_file>
      <input_file id="fl-5d">
         <path>C:\ti\ccsv6\tools\compiler\ti-cgt-msp430_4.4.3\lib\</path>
         <kind>archive</kind>
         <file>rts430x_lc_rd_eabi.lib</file>
         <name>args_main.obj</name>
      </input_file>
      <input_file id="fl-5e">
         <path>C:\ti\ccsv6\tools\compiler\ti-cgt-msp430_4.4.3\lib\</path>
         <kind>archive</kind>
         <file>rts430x_lc_rd_eabi.lib</file>
         <name>asr32.obj</name>
      </input_file>
      <input_file id="fl-5f">
         <path>C:\ti\ccsv6\tools\compiler\ti-cgt-msp430_4.4.3\lib\</path>
         <kind>archive</kind>
         <file>rts430x_lc_rd_eabi.lib</file>
         <name>autoinit_wdt.obj</name>
      </input_file>
      <input_file id="fl-60">
         <path>C:\ti\ccsv6\tools\compiler\ti-cgt-msp430_4.4.3\lib\</path>
         <kind>archive</kind>
         <file>rts430x_lc_rd_eabi.lib</file>
         <name>cmpd.obj</name>
      </input_file>
      <input_file id="fl-61">
         <path>C:\ti\ccsv6\tools\compiler\ti-cgt-msp430_4.4.3\lib\</path>
         <kind>archive</kind>
         <file>rts430x_lc_rd_eabi.lib</file>
         <name>frcaddd.obj</name>
      </input_file>
      <input_file id="fl-62">
         <path>C:\ti\ccsv6\tools\compiler\ti-cgt-msp430_4.4.3\lib\</path>
         <kind>archive</kind>
         <file>rts430x_lc_rd_eabi.lib</file>
         <name>lsl32.obj</name>
      </input_file>
      <input_file id="fl-63">
         <path>C:\ti\ccsv6\tools\compiler\ti-cgt-msp430_4.4.3\lib\</path>
         <kind>archive</kind>
         <file>rts430x_lc_rd_eabi.lib</file>
         <name>lsr32.obj</name>
      </input_file>
      <input_file id="fl-64">
         <path>C:\ti\ccsv6\tools\compiler\ti-cgt-msp430_4.4.3\lib\</path>
         <kind>archive</kind>
         <file>rts430x_lc_rd_eabi.lib</file>
         <name>renormd.obj</name>
      </input_file>
   </input_file_list>
   <object_component_list>
      <object_component id="oc-159">
         <name>.common:bspFlags</name>
         <uninitialized>true</uninitialized>
         <run_address>0x11dc</run_address>
         <size>0x1</size>
      </object_component>
      <object_component id="oc-1e6">
         <name>.common:LedVerde</name>
         <uninitialized>true</uninitialized>
         <run_address>0x11be</run_address>
         <size>0x4</size>
      </object_component>
      <object_component id="oc-1d3">
         <name>.common:LedRojo</name>
         <uninitialized>true</uninitialized>
         <run_address>0x11ba</run_address>
         <size>0x4</size>
      </object_component>
      <object_component id="oc-280">
         <name>.common:Switch1</name>
         <uninitialized>true</uninitialized>
         <run_address>0x11c2</run_address>
         <size>0x4</size>
      </object_component>
      <object_component id="oc-185">
         <name>.common:cont_rebase_timer</name>
         <uninitialized>true</uninitialized>
         <run_address>0x11dd</run_address>
         <size>0x1</size>
      </object_component>
      <object_component id="oc-2b4">
         <name>.common:i</name>
         <uninitialized>true</uninitialized>
         <run_address>0x11de</run_address>
         <size>0x1</size>
      </object_component>
      <object_component id="oc-181">
         <name>.common:ciclo_correccion</name>
         <uninitialized>true</uninitialized>
         <run_address>0x11c6</run_address>
         <size>0x4</size>
      </object_component>
      <object_component id="oc-177">
         <name>.common:proxima_correccion</name>
         <uninitialized>true</uninitialized>
         <run_address>0x11ca</run_address>
         <size>0x4</size>
      </object_component>
      <object_component id="oc-2b5">
         <name>.common:checkSum</name>
         <uninitialized>true</uninitialized>
         <run_address>0x11d8</run_address>
         <size>0x2</size>
      </object_component>
      <object_component id="oc-1cc">
         <name>.common:bufferSerie</name>
         <uninitialized>true</uninitialized>
         <run_address>0x1196</run_address>
         <size>0x12</size>
      </object_component>
      <object_component id="oc-309">
         <name>.common:spiBaseAdd</name>
         <uninitialized>true</uninitialized>
         <run_address>0x11ce</run_address>
         <size>0x4</size>
      </object_component>
      <object_component id="oc-22b">
         <name>.common:prtInfList</name>
         <uninitialized>true</uninitialized>
         <run_address>0x115a</run_address>
         <size>0x14</size>
      </object_component>
      <object_component id="oc-22f">
         <name>.common:tar$1</name>
         <uninitialized>true</uninitialized>
         <run_address>0x11da</run_address>
         <size>0x2</size>
      </object_component>
      <object_component id="oc-230">
         <name>.common:time_stamp$2</name>
         <uninitialized>true</uninitialized>
         <run_address>0x11d2</run_address>
         <size>0x4</size>
      </object_component>
      <object_component id="oc-18b">
         <name>.common:bsp_contMs</name>
         <uninitialized>true</uninitialized>
         <run_address>0x11d6</run_address>
         <size>0x2</size>
      </object_component>
      <object_component id="oc-151">
         <name>.common:rf_rxBuffer</name>
         <uninitialized>true</uninitialized>
         <run_address>0x11a8</run_address>
         <size>0x12</size>
      </object_component>
      <object_component id="oc-15c">
         <name>.common:rf_rxLen</name>
         <uninitialized>true</uninitialized>
         <run_address>0x11e0</run_address>
         <size>0x1</size>
      </object_component>
      <object_component id="oc-152">
         <name>.common:rf_rxRssi</name>
         <uninitialized>true</uninitialized>
         <run_address>0x11e2</run_address>
         <size>0x1</size>
      </object_component>
      <object_component id="oc-14d">
         <name>.common:rf_rxLqi</name>
         <uninitialized>true</uninitialized>
         <run_address>0x11e1</run_address>
         <size>0x1</size>
      </object_component>
      <object_component id="oc-150">
         <name>.common:rf_rxAddr</name>
         <uninitialized>true</uninitialized>
         <run_address>0x11df</run_address>
         <size>0x1</size>
      </object_component>
      <object_component id="oc-264">
         <name>.common:cnf</name>
         <uninitialized>true</uninitialized>
         <run_address>0x1100</run_address>
         <size>0x2e</size>
      </object_component>
      <object_component id="oc-265">
         <name>.common:uartUsartRegs</name>
         <uninitialized>true</uninitialized>
         <run_address>0x112e</run_address>
         <size>0x2c</size>
      </object_component>
      <object_component id="oc-26c">
         <name>.common:uartTxBuf</name>
         <uninitialized>true</uninitialized>
         <run_address>0x1182</run_address>
         <size>0x14</size>
      </object_component>
      <object_component id="oc-273">
         <name>.common:uartRxBuf</name>
         <uninitialized>true</uninitialized>
         <run_address>0x116e</run_address>
         <size>0x14</size>
      </object_component>
      <object_component id="oc-a3">
         <name>.stack</name>
         <uninitialized>true</uninitialized>
         <run_address>0x2088</run_address>
         <size>0x4</size>
         <input_file_ref idref="fl-36"/>
      </object_component>
      <object_component id="oc-392">
         <name>.stack</name>
         <uninitialized>true</uninitialized>
         <run_address>0x2088</run_address>
         <size>0x0</size>
      </object_component>
      <object_component id="oc-281">
         <name>.text:hal_pin_config</name>
         <load_address>0x10000</load_address>
         <run_address>0x10000</run_address>
         <size>0x30a</size>
         <input_file_ref idref="fl-4"/>
      </object_component>
      <object_component id="oc-266">
         <name>.text:configUSARTUart</name>
         <load_address>0x1030a</load_address>
         <run_address>0x1030a</run_address>
         <size>0x272</size>
         <input_file_ref idref="fl-6"/>
      </object_component>
      <object_component id="oc-1ab">
         <name>.text:bsp_Init</name>
         <load_address>0x1057c</load_address>
         <run_address>0x1057c</run_address>
         <size>0x1aa</size>
         <input_file_ref idref="fl-7"/>
      </object_component>
      <object_component id="oc-299">
         <name>.text:hal_cc2500_WriteRFSettings</name>
         <load_address>0x10726</load_address>
         <run_address>0x10726</run_address>
         <size>0x1a6</size>
         <input_file_ref idref="fl-3"/>
      </object_component>
      <object_component id="oc-153">
         <name>.text:hal_cc2500_receivePacket</name>
         <load_address>0x108cc</load_address>
         <run_address>0x108cc</run_address>
         <size>0x130</size>
         <input_file_ref idref="fl-3"/>
      </object_component>
      <object_component id="oc-31a">
         <name>.text:uartSendDataBlocking</name>
         <load_address>0x109fc</load_address>
         <run_address>0x109fc</run_address>
         <size>0xbc</size>
         <input_file_ref idref="fl-6"/>
      </object_component>
      <object_component id="oc-111">
         <name>.text:main</name>
         <load_address>0x10ab8</load_address>
         <run_address>0x10ab8</run_address>
         <size>0xb6</size>
         <input_file_ref idref="fl-2"/>
      </object_component>
      <object_component id="oc-27a">
         <name>.text:enableUartRx</name>
         <load_address>0x10b6e</load_address>
         <run_address>0x10b6e</run_address>
         <size>0x78</size>
         <input_file_ref idref="fl-6"/>
      </object_component>
      <object_component id="oc-2a2">
         <name>.text:hal_cc2500_writeBurstReg</name>
         <load_address>0x10be6</load_address>
         <run_address>0x10be6</run_address>
         <size>0x70</size>
         <input_file_ref idref="fl-3"/>
      </object_component>
      <object_component id="oc-f7">
         <name>.text:_auto_init_hold_wdt</name>
         <load_address>0x10c56</load_address>
         <run_address>0x10c56</run_address>
         <size>0x6c</size>
         <input_file_ref idref="fl-5f"/>
      </object_component>
      <object_component id="oc-b4">
         <name>.text:__TI_decompress_rle_core</name>
         <load_address>0x10cc2</load_address>
         <run_address>0x10cc2</run_address>
         <size>0x68</size>
         <input_file_ref idref="fl-39"/>
      </object_component>
      <object_component id="oc-215">
         <name>.text:hal_cc2500_readBurstReg</name>
         <load_address>0x10d2a</load_address>
         <run_address>0x10d2a</run_address>
         <size>0x5e</size>
         <input_file_ref idref="fl-3"/>
      </object_component>
      <object_component id="oc-2be">
         <name>.text:hal_pin_out</name>
         <load_address>0x10d88</load_address>
         <run_address>0x10d88</run_address>
         <size>0x5c</size>
         <input_file_ref idref="fl-4"/>
      </object_component>
      <object_component id="oc-2f9">
         <name>.text</name>
         <load_address>0x10de4</load_address>
         <run_address>0x10de4</run_address>
         <size>0x58</size>
         <input_file_ref idref="fl-3c"/>
      </object_component>
      <object_component id="oc-1c6">
         <name>.text:procesar_datos</name>
         <load_address>0x10e3c</load_address>
         <run_address>0x10e3c</run_address>
         <size>0x56</size>
         <input_file_ref idref="fl-2"/>
      </object_component>
      <object_component id="oc-274">
         <name>.text:setUartRxBuffer</name>
         <load_address>0x10e92</load_address>
         <run_address>0x10e92</run_address>
         <size>0x56</size>
         <input_file_ref idref="fl-6"/>
      </object_component>
      <object_component id="oc-26d">
         <name>.text:setUartTxBuffer</name>
         <load_address>0x10ee8</load_address>
         <run_address>0x10ee8</run_address>
         <size>0x56</size>
         <input_file_ref idref="fl-6"/>
      </object_component>
      <object_component id="oc-293">
         <name>.text:hal_cc2500_powerupReset</name>
         <load_address>0x10f3e</load_address>
         <run_address>0x10f3e</run_address>
         <size>0x52</size>
         <input_file_ref idref="fl-3"/>
      </object_component>
      <object_component id="oc-2f3">
         <name>.text:initUartPort</name>
         <load_address>0x10f90</load_address>
         <run_address>0x10f90</run_address>
         <size>0x52</size>
         <input_file_ref idref="fl-6"/>
      </object_component>
      <object_component id="oc-1c0">
         <name>.text:RF_getRxPacket</name>
         <load_address>0x10fe2</load_address>
         <run_address>0x10fe2</run_address>
         <size>0x4a</size>
         <input_file_ref idref="fl-7"/>
      </object_component>
      <object_component id="oc-2fe">
         <name>.text:initBufferDefaults</name>
         <load_address>0x1102c</load_address>
         <run_address>0x1102c</run_address>
         <size>0x46</size>
         <input_file_ref idref="fl-6"/>
      </object_component>
      <object_component id="oc-2a8">
         <name>.text:hal_cc2500_writeReg</name>
         <load_address>0x11072</load_address>
         <run_address>0x11072</run_address>
         <size>0x44</size>
         <input_file_ref idref="fl-3"/>
      </object_component>
      <object_component id="oc-287">
         <name>.text:spi1_setup</name>
         <load_address>0x110b6</load_address>
         <run_address>0x110b6</run_address>
         <size>0x42</size>
         <input_file_ref idref="fl-5"/>
      </object_component>
      <object_component id="oc-2d8">
         <name>.text:spi1_wr</name>
         <load_address>0x110f8</load_address>
         <run_address>0x110f8</run_address>
         <size>0x3e</size>
         <input_file_ref idref="fl-5"/>
      </object_component>
      <object_component id="oc-169">
         <name>.text:usart1_tx_ISR</name>
         <load_address>0x11136</load_address>
         <run_address>0x11136</run_address>
         <size>0x3e</size>
         <input_file_ref idref="fl-6"/>
      </object_component>
      <object_component id="oc-20f">
         <name>.text:hal_cc2500_readReg</name>
         <load_address>0x11174</load_address>
         <run_address>0x11174</run_address>
         <size>0x3a</size>
         <input_file_ref idref="fl-3"/>
      </object_component>
      <object_component id="oc-209">
         <name>.text:hal_cc2500_readStatus</name>
         <load_address>0x111ae</load_address>
         <run_address>0x111ae</run_address>
         <size>0x3a</size>
         <input_file_ref idref="fl-3"/>
      </object_component>
      <object_component id="oc-258">
         <name>.text:hal_pin_init</name>
         <load_address>0x111e8</load_address>
         <run_address>0x111e8</run_address>
         <size>0x32</size>
         <input_file_ref idref="fl-4"/>
      </object_component>
      <object_component id="oc-330">
         <name>.text:spi1_rxFinish</name>
         <load_address>0x1121a</load_address>
         <run_address>0x1121a</run_address>
         <size>0x32</size>
         <input_file_ref idref="fl-5"/>
      </object_component>
      <object_component id="oc-171">
         <name>.text:TimeStamp</name>
         <load_address>0x1124c</load_address>
         <run_address>0x1124c</run_address>
         <size>0x30</size>
         <input_file_ref idref="fl-7"/>
      </object_component>
      <object_component id="oc-21b">
         <name>.text:hal_cc2500_strobe</name>
         <load_address>0x1127c</load_address>
         <run_address>0x1127c</run_address>
         <size>0x30</size>
         <input_file_ref idref="fl-3"/>
      </object_component>
      <object_component id="oc-2cc">
         <name>.text:hal_cc2500_wakeup</name>
         <load_address>0x112ac</load_address>
         <run_address>0x112ac</run_address>
         <size>0x30</size>
         <input_file_ref idref="fl-3"/>
      </object_component>
      <object_component id="oc-322">
         <name>.text:hal_pin_in</name>
         <load_address>0x112dc</load_address>
         <run_address>0x112dc</run_address>
         <size>0x30</size>
         <input_file_ref idref="fl-4"/>
      </object_component>
      <object_component id="oc-141">
         <name>.text:hal_pin_intGetFlag</name>
         <load_address>0x1130c</load_address>
         <run_address>0x1130c</run_address>
         <size>0x30</size>
         <input_file_ref idref="fl-4"/>
      </object_component>
      <object_component id="oc-2b7">
         <name>.text:uartSendStringBlocking</name>
         <load_address>0x1133c</load_address>
         <run_address>0x1133c</run_address>
         <size>0x2e</size>
         <input_file_ref idref="fl-6"/>
      </object_component>
      <object_component id="oc-147">
         <name>.text:hal_pin_intClearFlag</name>
         <load_address>0x1136a</load_address>
         <run_address>0x1136a</run_address>
         <size>0x2c</size>
         <input_file_ref idref="fl-4"/>
      </object_component>
      <object_component id="oc-25e">
         <name>.text:initUartDriver</name>
         <load_address>0x11396</load_address>
         <run_address>0x11396</run_address>
         <size>0x2c</size>
         <input_file_ref idref="fl-6"/>
      </object_component>
      <object_component id="oc-329">
         <name>.text:spi1_txBufReady</name>
         <load_address>0x113c2</load_address>
         <run_address>0x113c2</run_address>
         <size>0x2a</size>
         <input_file_ref idref="fl-5"/>
      </object_component>
      <object_component id="oc-61">
         <name>.text:decompress:ZI:__TI_zero_init</name>
         <load_address>0x113ec</load_address>
         <run_address>0x113ec</run_address>
         <size>0x24</size>
         <input_file_ref idref="fl-3a"/>
      </object_component>
      <object_component id="oc-2d2">
         <name>.text:spi1_write</name>
         <load_address>0x11410</load_address>
         <run_address>0x11410</run_address>
         <size>0x1e</size>
         <input_file_ref idref="fl-5"/>
      </object_component>
      <object_component id="oc-1da">
         <name>.text:bsp_msDelay</name>
         <load_address>0x1142e</load_address>
         <run_address>0x1142e</run_address>
         <size>0x1a</size>
         <input_file_ref idref="fl-7"/>
      </object_component>
      <object_component id="oc-1cd">
         <name>.text:serie_SendString</name>
         <load_address>0x11448</load_address>
         <run_address>0x11448</run_address>
         <size>0x1a</size>
         <input_file_ref idref="fl-7"/>
      </object_component>
      <object_component id="oc-1ed">
         <name>.text</name>
         <load_address>0x11462</load_address>
         <run_address>0x11462</run_address>
         <size>0x16</size>
         <input_file_ref idref="fl-52"/>
      </object_component>
      <object_component id="oc-18c">
         <name>.text:app_TimerISR_1ms</name>
         <load_address>0x11478</load_address>
         <run_address>0x11478</run_address>
         <size>0x14</size>
         <input_file_ref idref="fl-2"/>
      </object_component>
      <object_component id="oc-1e0">
         <name>.text:led_Off</name>
         <load_address>0x1148c</load_address>
         <run_address>0x1148c</run_address>
         <size>0x14</size>
         <input_file_ref idref="fl-7"/>
      </object_component>
      <object_component id="oc-1d4">
         <name>.text:led_On</name>
         <load_address>0x114a0</load_address>
         <run_address>0x114a0</run_address>
         <size>0x14</size>
         <input_file_ref idref="fl-7"/>
      </object_component>
      <object_component id="oc-a7">
         <name>.text:memcpy</name>
         <load_address>0x114b4</load_address>
         <run_address>0x114b4</run_address>
         <size>0x14</size>
         <input_file_ref idref="fl-4e"/>
      </object_component>
      <object_component id="oc-44">
         <name>.text:decompress:none:__TI_decompress_none</name>
         <load_address>0x114c8</load_address>
         <run_address>0x114c8</run_address>
         <size>0x12</size>
         <input_file_ref idref="fl-38"/>
      </object_component>
      <object_component id="oc-1b7">
         <name>.text:RF_rxDataReady</name>
         <load_address>0x114da</load_address>
         <run_address>0x114da</run_address>
         <size>0xe</size>
         <input_file_ref idref="fl-7"/>
      </object_component>
      <object_component id="oc-314">
         <name>.text:strlen</name>
         <load_address>0x114e8</load_address>
         <run_address>0x114e8</run_address>
         <size>0xe</size>
         <input_file_ref idref="fl-58"/>
      </object_component>
      <object_component id="oc-2e1">
         <name>.text:spi1_busy</name>
         <load_address>0x114f6</load_address>
         <run_address>0x114f6</run_address>
         <size>0xc</size>
         <input_file_ref idref="fl-5"/>
      </object_component>
      <object_component id="oc-1b1">
         <name>.text:RF_PwrUpRx</name>
         <load_address>0x11502</load_address>
         <run_address>0x11502</run_address>
         <size>0xa</size>
         <input_file_ref idref="fl-7"/>
      </object_component>
      <object_component id="oc-338">
         <name>.text</name>
         <load_address>0x1150c</load_address>
         <run_address>0x1150c</run_address>
         <size>0xa</size>
         <input_file_ref idref="fl-4d"/>
      </object_component>
      <object_component id="oc-28d">
         <name>.text:spi1_start</name>
         <load_address>0x11516</load_address>
         <run_address>0x11516</run_address>
         <size>0xa</size>
         <input_file_ref idref="fl-5"/>
      </object_component>
      <object_component id="oc-186">
         <name>.text:app_TimerISR_1s</name>
         <load_address>0x11520</load_address>
         <run_address>0x11520</run_address>
         <size>0x6</size>
         <input_file_ref idref="fl-2"/>
      </object_component>
      <object_component id="oc-4a">
         <name>.text:decompress:rle24:__TI_decompress_rle24</name>
         <load_address>0x11526</load_address>
         <run_address>0x11526</run_address>
         <size>0x6</size>
         <input_file_ref idref="fl-39"/>
      </object_component>
      <object_component id="oc-f1">
         <name>.text:_system_pre_init</name>
         <load_address>0x1152c</load_address>
         <run_address>0x1152c</run_address>
         <size>0x4</size>
         <input_file_ref idref="fl-56"/>
      </object_component>
      <object_component id="oc-119">
         <name>.text:abort</name>
         <load_address>0x11530</load_address>
         <run_address>0x11530</run_address>
         <size>0x4</size>
         <input_file_ref idref="fl-3d"/>
      </object_component>
      <object_component id="oc-15d">
         <name>.text:app_RxPacketISR</name>
         <load_address>0x11534</load_address>
         <run_address>0x11534</run_address>
         <size>0x2</size>
         <input_file_ref idref="fl-2"/>
      </object_component>
      <object_component id="oc-d8">
         <name>.text:_isr:Ta1_ISR</name>
         <load_address>0x2100</load_address>
         <run_address>0x2100</run_address>
         <size>0x90</size>
         <input_file_ref idref="fl-7"/>
      </object_component>
      <object_component id="oc-c6">
         <name>.text:_isr:port2_ISR</name>
         <load_address>0x2190</load_address>
         <run_address>0x2190</run_address>
         <size>0x5c</size>
         <input_file_ref idref="fl-7"/>
      </object_component>
      <object_component id="oc-e4">
         <name>.text:_isr:Tb1_ISR</name>
         <load_address>0x21ec</load_address>
         <run_address>0x21ec</run_address>
         <size>0x24</size>
         <input_file_ref idref="fl-7"/>
      </object_component>
      <object_component id="oc-d2">
         <name>.text:_isr:Port1_ISR</name>
         <load_address>0x2210</load_address>
         <run_address>0x2210</run_address>
         <size>0x20</size>
         <input_file_ref idref="fl-7"/>
      </object_component>
      <object_component id="oc-7f">
         <name>.text:_isr:_c_int00_noargs_noexit</name>
         <load_address>0x2230</load_address>
         <run_address>0x2230</run_address>
         <size>0x1a</size>
         <input_file_ref idref="fl-37"/>
      </object_component>
      <object_component id="oc-cc">
         <name>.text:_isr:usart1_tx</name>
         <load_address>0x224a</load_address>
         <run_address>0x224a</run_address>
         <size>0xa</size>
         <input_file_ref idref="fl-7"/>
      </object_component>
      <object_component id="oc-c1">
         <name>.text:_isr:__TI_ISR_TRAP</name>
         <load_address>0x2254</load_address>
         <run_address>0x2254</run_address>
         <size>0x6</size>
         <input_file_ref idref="fl-4c"/>
      </object_component>
      <object_component id="oc-de">
         <name>.text:_isr:ISR_trap</name>
         <load_address>0x225a</load_address>
         <run_address>0x225a</run_address>
         <size>0x2</size>
         <input_file_ref idref="fl-7"/>
      </object_component>
      <object_component id="oc-391">
         <name>.cinit..data.load</name>
         <load_address>0x2478</load_address>
         <run_address>0x2478</run_address>
         <size>0x29</size>
      </object_component>
      <object_component id="oc-38e">
         <name>__TI_handler_table</name>
         <load_address>0x24a2</load_address>
         <run_address>0x24a2</run_address>
         <size>0xc</size>
      </object_component>
      <object_component id="oc-390">
         <name>.cinit..bss.load</name>
         <load_address>0x24ae</load_address>
         <run_address>0x24ae</run_address>
         <size>0x6</size>
      </object_component>
      <object_component id="oc-38f">
         <name>__TI_cinit_table</name>
         <load_address>0x24b4</load_address>
         <run_address>0x24b4</run_address>
         <size>0x10</size>
      </object_component>
      <object_component id="oc-1f2">
         <name>.const:pinPort</name>
         <load_address>0x225c</load_address>
         <run_address>0x225c</run_address>
         <size>0x190</size>
         <input_file_ref idref="fl-4"/>
      </object_component>
      <object_component id="oc-13e">
         <name>.const</name>
         <load_address>0x23ec</load_address>
         <run_address>0x23ec</run_address>
         <size>0x8c</size>
         <input_file_ref idref="fl-7"/>
      </object_component>
      <object_component id="oc-50">
         <name>.int14</name>
         <load_address>0xffdc</load_address>
         <run_address>0xffdc</run_address>
         <size>0x2</size>
         <input_file_ref idref="fl-44"/>
      </object_component>
      <object_component id="oc-51">
         <name>.int15</name>
         <load_address>0xffde</load_address>
         <run_address>0xffde</run_address>
         <size>0x2</size>
         <input_file_ref idref="fl-45"/>
      </object_component>
      <object_component id="oc-52">
         <name>.int16</name>
         <load_address>0xffe0</load_address>
         <run_address>0xffe0</run_address>
         <size>0x2</size>
         <input_file_ref idref="fl-46"/>
      </object_component>
      <object_component id="oc-53">
         <name>.int17</name>
         <load_address>0xffe2</load_address>
         <run_address>0xffe2</run_address>
         <size>0x2</size>
         <input_file_ref idref="fl-7"/>
      </object_component>
      <object_component id="oc-54">
         <name>.int18</name>
         <load_address>0xffe4</load_address>
         <run_address>0xffe4</run_address>
         <size>0x2</size>
         <input_file_ref idref="fl-7"/>
      </object_component>
      <object_component id="oc-55">
         <name>.int19</name>
         <load_address>0xffe6</load_address>
         <run_address>0xffe6</run_address>
         <size>0x2</size>
         <input_file_ref idref="fl-47"/>
      </object_component>
      <object_component id="oc-56">
         <name>.int20</name>
         <load_address>0xffe8</load_address>
         <run_address>0xffe8</run_address>
         <size>0x2</size>
         <input_file_ref idref="fl-7"/>
      </object_component>
      <object_component id="oc-57">
         <name>.int21</name>
         <load_address>0xffea</load_address>
         <run_address>0xffea</run_address>
         <size>0x2</size>
         <input_file_ref idref="fl-7"/>
      </object_component>
      <object_component id="oc-58">
         <name>.int22</name>
         <load_address>0xffec</load_address>
         <run_address>0xffec</run_address>
         <size>0x2</size>
         <input_file_ref idref="fl-7"/>
      </object_component>
      <object_component id="oc-59">
         <name>.int23</name>
         <load_address>0xffee</load_address>
         <run_address>0xffee</run_address>
         <size>0x2</size>
         <input_file_ref idref="fl-48"/>
      </object_component>
      <object_component id="oc-5a">
         <name>.int24</name>
         <load_address>0xfff0</load_address>
         <run_address>0xfff0</run_address>
         <size>0x2</size>
         <input_file_ref idref="fl-49"/>
      </object_component>
      <object_component id="oc-5b">
         <name>.int25</name>
         <load_address>0xfff2</load_address>
         <run_address>0xfff2</run_address>
         <size>0x2</size>
         <input_file_ref idref="fl-4a"/>
      </object_component>
      <object_component id="oc-5c">
         <name>.int26</name>
         <load_address>0xfff4</load_address>
         <run_address>0xfff4</run_address>
         <size>0x2</size>
         <input_file_ref idref="fl-7"/>
      </object_component>
      <object_component id="oc-5d">
         <name>.int27</name>
         <load_address>0xfff6</load_address>
         <run_address>0xfff6</run_address>
         <size>0x2</size>
         <input_file_ref idref="fl-4b"/>
      </object_component>
      <object_component id="oc-5e">
         <name>.int28</name>
         <load_address>0xfff8</load_address>
         <run_address>0xfff8</run_address>
         <size>0x2</size>
         <input_file_ref idref="fl-7"/>
      </object_component>
      <object_component id="oc-5f">
         <name>.int29</name>
         <load_address>0xfffa</load_address>
         <run_address>0xfffa</run_address>
         <size>0x2</size>
         <input_file_ref idref="fl-7"/>
      </object_component>
      <object_component id="oc-60">
         <name>.int30</name>
         <load_address>0xfffc</load_address>
         <run_address>0xfffc</run_address>
         <size>0x2</size>
         <input_file_ref idref="fl-7"/>
      </object_component>
      <object_component id="oc-a6">
         <name>.reset</name>
         <load_address>0xfffe</load_address>
         <run_address>0xfffe</run_address>
         <size>0x2</size>
         <input_file_ref idref="fl-36"/>
      </object_component>
      <object_component id="oc-178">
         <name>.data</name>
         <load_address>0x11e4</load_address>
         <run_address>0x11e4</run_address>
         <size>0x18</size>
         <input_file_ref idref="fl-2"/>
      </object_component>
      <object_component id="oc-1bd">
         <name>.data:rxBufferRecibi</name>
         <load_address>0x11fc</load_address>
         <run_address>0x11fc</run_address>
         <size>0x10</size>
         <input_file_ref idref="fl-2"/>
      </object_component>
      <object_component id="oc-29f">
         <name>.data:paTable</name>
         <load_address>0x1216</load_address>
         <run_address>0x1216</run_address>
         <size>0x1</size>
         <input_file_ref idref="fl-7"/>
      </object_component>
      <object_component id="oc-182">
         <name>.data</name>
         <load_address>0x120c</load_address>
         <run_address>0x120c</run_address>
         <size>0xa</size>
         <input_file_ref idref="fl-7"/>
      </object_component>
      <object_component id="oc-15a">
         <name>.debug_info</name>
         <load_address>0x0</load_address>
         <run_address>0x0</run_address>
         <size>0x75b</size>
         <input_file_ref idref="fl-2"/>
      </object_component>
      <object_component id="oc-179">
         <name>.debug_info</name>
         <load_address>0x75b</load_address>
         <run_address>0x75b</run_address>
         <size>0x2d9</size>
         <input_file_ref idref="fl-2"/>
      </object_component>
      <object_component id="oc-1be">
         <name>.debug_info</name>
         <load_address>0xa34</load_address>
         <run_address>0xa34</run_address>
         <size>0xed</size>
         <input_file_ref idref="fl-2"/>
      </object_component>
      <object_component id="oc-112">
         <name>.debug_info</name>
         <load_address>0xb21</load_address>
         <run_address>0xb21</run_address>
         <size>0x245</size>
         <input_file_ref idref="fl-2"/>
      </object_component>
      <object_component id="oc-17b">
         <name>.debug_info</name>
         <load_address>0xd66</load_address>
         <run_address>0xd66</run_address>
         <size>0x142</size>
         <input_file_ref idref="fl-2"/>
      </object_component>
      <object_component id="oc-17e">
         <name>.debug_info</name>
         <load_address>0xea8</load_address>
         <run_address>0xea8</run_address>
         <size>0x138</size>
         <input_file_ref idref="fl-2"/>
      </object_component>
      <object_component id="oc-15e">
         <name>.debug_info</name>
         <load_address>0xfe0</load_address>
         <run_address>0xfe0</run_address>
         <size>0x121</size>
         <input_file_ref idref="fl-2"/>
      </object_component>
      <object_component id="oc-1c7">
         <name>.debug_info</name>
         <load_address>0x1101</load_address>
         <run_address>0x1101</run_address>
         <size>0x11f</size>
         <input_file_ref idref="fl-2"/>
      </object_component>
      <object_component id="oc-204">
         <name>.debug_info</name>
         <load_address>0x1220</load_address>
         <run_address>0x1220</run_address>
         <size>0x29c</size>
         <input_file_ref idref="fl-2"/>
      </object_component>
      <object_component id="oc-225">
         <name>.debug_info</name>
         <load_address>0x14bc</load_address>
         <run_address>0x14bc</run_address>
         <size>0x98</size>
         <input_file_ref idref="fl-2"/>
      </object_component>
      <object_component id="oc-127">
         <name>.debug_info</name>
         <load_address>0x1554</load_address>
         <run_address>0x1554</run_address>
         <size>0x84</size>
         <input_file_ref idref="fl-2"/>
      </object_component>
      <object_component id="oc-164">
         <name>.debug_info</name>
         <load_address>0x15d8</load_address>
         <run_address>0x15d8</run_address>
         <size>0x18b</size>
         <input_file_ref idref="fl-2"/>
      </object_component>
      <object_component id="oc-222">
         <name>.debug_info</name>
         <load_address>0x1763</load_address>
         <run_address>0x1763</run_address>
         <size>0x375</size>
         <input_file_ref idref="fl-3"/>
      </object_component>
      <object_component id="oc-29a">
         <name>.debug_info</name>
         <load_address>0x1ad8</load_address>
         <run_address>0x1ad8</run_address>
         <size>0x521</size>
         <input_file_ref idref="fl-3"/>
      </object_component>
      <object_component id="oc-154">
         <name>.debug_info</name>
         <load_address>0x1ff9</load_address>
         <run_address>0x1ff9</run_address>
         <size>0x3d6</size>
         <input_file_ref idref="fl-3"/>
      </object_component>
      <object_component id="oc-2a9">
         <name>.debug_info</name>
         <load_address>0x23cf</load_address>
         <run_address>0x23cf</run_address>
         <size>0x21e</size>
         <input_file_ref idref="fl-3"/>
      </object_component>
      <object_component id="oc-2cd">
         <name>.debug_info</name>
         <load_address>0x25ed</load_address>
         <run_address>0x25ed</run_address>
         <size>0x187</size>
         <input_file_ref idref="fl-3"/>
      </object_component>
      <object_component id="oc-2a3">
         <name>.debug_info</name>
         <load_address>0x2774</load_address>
         <run_address>0x2774</run_address>
         <size>0x24f</size>
         <input_file_ref idref="fl-3"/>
      </object_component>
      <object_component id="oc-210">
         <name>.debug_info</name>
         <load_address>0x29c3</load_address>
         <run_address>0x29c3</run_address>
         <size>0x1e2</size>
         <input_file_ref idref="fl-3"/>
      </object_component>
      <object_component id="oc-216">
         <name>.debug_info</name>
         <load_address>0x2ba5</load_address>
         <run_address>0x2ba5</run_address>
         <size>0x23a</size>
         <input_file_ref idref="fl-3"/>
      </object_component>
      <object_component id="oc-20a">
         <name>.debug_info</name>
         <load_address>0x2ddf</load_address>
         <run_address>0x2ddf</run_address>
         <size>0x1e8</size>
         <input_file_ref idref="fl-3"/>
      </object_component>
      <object_component id="oc-21c">
         <name>.debug_info</name>
         <load_address>0x2fc7</load_address>
         <run_address>0x2fc7</run_address>
         <size>0x1da</size>
         <input_file_ref idref="fl-3"/>
      </object_component>
      <object_component id="oc-294">
         <name>.debug_info</name>
         <load_address>0x31a1</load_address>
         <run_address>0x31a1</run_address>
         <size>0x1ac</size>
         <input_file_ref idref="fl-3"/>
      </object_component>
      <object_component id="oc-1ff">
         <name>.debug_info</name>
         <load_address>0x334d</load_address>
         <run_address>0x334d</run_address>
         <size>0x177</size>
         <input_file_ref idref="fl-3"/>
      </object_component>
      <object_component id="oc-1f6">
         <name>.debug_info</name>
         <load_address>0x34c4</load_address>
         <run_address>0x34c4</run_address>
         <size>0x5bc</size>
         <input_file_ref idref="fl-4"/>
      </object_component>
      <object_component id="oc-1f3">
         <name>.debug_info</name>
         <load_address>0x3a80</load_address>
         <run_address>0x3a80</run_address>
         <size>0xea</size>
         <input_file_ref idref="fl-4"/>
      </object_component>
      <object_component id="oc-259">
         <name>.debug_info</name>
         <load_address>0x3b6a</load_address>
         <run_address>0x3b6a</run_address>
         <size>0x17e</size>
         <input_file_ref idref="fl-4"/>
      </object_component>
      <object_component id="oc-282">
         <name>.debug_info</name>
         <load_address>0x3ce8</load_address>
         <run_address>0x3ce8</run_address>
         <size>0x35a</size>
         <input_file_ref idref="fl-4"/>
      </object_component>
      <object_component id="oc-323">
         <name>.debug_info</name>
         <load_address>0x4042</load_address>
         <run_address>0x4042</run_address>
         <size>0x167</size>
         <input_file_ref idref="fl-4"/>
      </object_component>
      <object_component id="oc-2bf">
         <name>.debug_info</name>
         <load_address>0x41a9</load_address>
         <run_address>0x41a9</run_address>
         <size>0x19c</size>
         <input_file_ref idref="fl-4"/>
      </object_component>
      <object_component id="oc-142">
         <name>.debug_info</name>
         <load_address>0x4345</load_address>
         <run_address>0x4345</run_address>
         <size>0x177</size>
         <input_file_ref idref="fl-4"/>
      </object_component>
      <object_component id="oc-148">
         <name>.debug_info</name>
         <load_address>0x44bc</load_address>
         <run_address>0x44bc</run_address>
         <size>0x177</size>
         <input_file_ref idref="fl-4"/>
      </object_component>
      <object_component id="oc-30a">
         <name>.debug_info</name>
         <load_address>0x4633</load_address>
         <run_address>0x4633</run_address>
         <size>0x19f</size>
         <input_file_ref idref="fl-5"/>
      </object_component>
      <object_component id="oc-288">
         <name>.debug_info</name>
         <load_address>0x47d2</load_address>
         <run_address>0x47d2</run_address>
         <size>0x166</size>
         <input_file_ref idref="fl-5"/>
      </object_component>
      <object_component id="oc-28e">
         <name>.debug_info</name>
         <load_address>0x4938</load_address>
         <run_address>0x4938</run_address>
         <size>0x147</size>
         <input_file_ref idref="fl-5"/>
      </object_component>
      <object_component id="oc-2d3">
         <name>.debug_info</name>
         <load_address>0x4a7f</load_address>
         <run_address>0x4a7f</run_address>
         <size>0x180</size>
         <input_file_ref idref="fl-5"/>
      </object_component>
      <object_component id="oc-32a">
         <name>.debug_info</name>
         <load_address>0x4bff</load_address>
         <run_address>0x4bff</run_address>
         <size>0x171</size>
         <input_file_ref idref="fl-5"/>
      </object_component>
      <object_component id="oc-331">
         <name>.debug_info</name>
         <load_address>0x4d70</load_address>
         <run_address>0x4d70</run_address>
         <size>0x183</size>
         <input_file_ref idref="fl-5"/>
      </object_component>
      <object_component id="oc-2e2">
         <name>.debug_info</name>
         <load_address>0x4ef3</load_address>
         <run_address>0x4ef3</run_address>
         <size>0x149</size>
         <input_file_ref idref="fl-5"/>
      </object_component>
      <object_component id="oc-2d9">
         <name>.debug_info</name>
         <load_address>0x503c</load_address>
         <run_address>0x503c</run_address>
         <size>0x1ae</size>
         <input_file_ref idref="fl-5"/>
      </object_component>
      <object_component id="oc-22c">
         <name>.debug_info</name>
         <load_address>0x51ea</load_address>
         <run_address>0x51ea</run_address>
         <size>0x3c8</size>
         <input_file_ref idref="fl-6"/>
      </object_component>
      <object_component id="oc-25f">
         <name>.debug_info</name>
         <load_address>0x55b2</load_address>
         <run_address>0x55b2</run_address>
         <size>0x143</size>
         <input_file_ref idref="fl-6"/>
      </object_component>
      <object_component id="oc-2f4">
         <name>.debug_info</name>
         <load_address>0x56f5</load_address>
         <run_address>0x56f5</run_address>
         <size>0x1a6</size>
         <input_file_ref idref="fl-6"/>
      </object_component>
      <object_component id="oc-2ff">
         <name>.debug_info</name>
         <load_address>0x589b</load_address>
         <run_address>0x589b</run_address>
         <size>0x16d</size>
         <input_file_ref idref="fl-6"/>
      </object_component>
      <object_component id="oc-267">
         <name>.debug_info</name>
         <load_address>0x5a08</load_address>
         <run_address>0x5a08</run_address>
         <size>0x1f3</size>
         <input_file_ref idref="fl-6"/>
      </object_component>
      <object_component id="oc-31b">
         <name>.debug_info</name>
         <load_address>0x5bfb</load_address>
         <run_address>0x5bfb</run_address>
         <size>0x1bf</size>
         <input_file_ref idref="fl-6"/>
      </object_component>
      <object_component id="oc-2b8">
         <name>.debug_info</name>
         <load_address>0x5dba</load_address>
         <run_address>0x5dba</run_address>
         <size>0x1dc</size>
         <input_file_ref idref="fl-6"/>
      </object_component>
      <object_component id="oc-26e">
         <name>.debug_info</name>
         <load_address>0x5f96</load_address>
         <run_address>0x5f96</run_address>
         <size>0x1bd</size>
         <input_file_ref idref="fl-6"/>
      </object_component>
      <object_component id="oc-275">
         <name>.debug_info</name>
         <load_address>0x6153</load_address>
         <run_address>0x6153</run_address>
         <size>0x1bd</size>
         <input_file_ref idref="fl-6"/>
      </object_component>
      <object_component id="oc-27b">
         <name>.debug_info</name>
         <load_address>0x6310</load_address>
         <run_address>0x6310</run_address>
         <size>0x161</size>
         <input_file_ref idref="fl-6"/>
      </object_component>
      <object_component id="oc-16a">
         <name>.debug_info</name>
         <load_address>0x6471</load_address>
         <run_address>0x6471</run_address>
         <size>0x138</size>
         <input_file_ref idref="fl-6"/>
      </object_component>
      <object_component id="oc-1fa">
         <name>.debug_info</name>
         <load_address>0x65a9</load_address>
         <run_address>0x65a9</run_address>
         <size>0x48f</size>
         <input_file_ref idref="fl-6"/>
      </object_component>
      <object_component id="oc-12e">
         <name>.debug_info</name>
         <load_address>0x6a38</load_address>
         <run_address>0x6a38</run_address>
         <size>0x2c</size>
         <input_file_ref idref="fl-6"/>
      </object_component>
      <object_component id="oc-14e">
         <name>.debug_info</name>
         <load_address>0x6a64</load_address>
         <run_address>0x6a64</run_address>
         <size>0xcea</size>
         <input_file_ref idref="fl-7"/>
      </object_component>
      <object_component id="oc-13f">
         <name>.debug_info</name>
         <load_address>0x774e</load_address>
         <run_address>0x774e</run_address>
         <size>0x295</size>
         <input_file_ref idref="fl-7"/>
      </object_component>
      <object_component id="oc-2a0">
         <name>.debug_info</name>
         <load_address>0x79e3</load_address>
         <run_address>0x79e3</run_address>
         <size>0xe2</size>
         <input_file_ref idref="fl-7"/>
      </object_component>
      <object_component id="oc-183">
         <name>.debug_info</name>
         <load_address>0x7ac5</load_address>
         <run_address>0x7ac5</run_address>
         <size>0x136</size>
         <input_file_ref idref="fl-7"/>
      </object_component>
      <object_component id="oc-1ac">
         <name>.debug_info</name>
         <load_address>0x7bfb</load_address>
         <run_address>0x7bfb</run_address>
         <size>0x360</size>
         <input_file_ref idref="fl-7"/>
      </object_component>
      <object_component id="oc-1db">
         <name>.debug_info</name>
         <load_address>0x7f5b</load_address>
         <run_address>0x7f5b</run_address>
         <size>0x13d</size>
         <input_file_ref idref="fl-7"/>
      </object_component>
      <object_component id="oc-1d5">
         <name>.debug_info</name>
         <load_address>0x8098</load_address>
         <run_address>0x8098</run_address>
         <size>0x141</size>
         <input_file_ref idref="fl-7"/>
      </object_component>
      <object_component id="oc-1e1">
         <name>.debug_info</name>
         <load_address>0x81d9</load_address>
         <run_address>0x81d9</run_address>
         <size>0x143</size>
         <input_file_ref idref="fl-7"/>
      </object_component>
      <object_component id="oc-1ce">
         <name>.debug_info</name>
         <load_address>0x831c</load_address>
         <run_address>0x831c</run_address>
         <size>0x16b</size>
         <input_file_ref idref="fl-7"/>
      </object_component>
      <object_component id="oc-1b2">
         <name>.debug_info</name>
         <load_address>0x8487</load_address>
         <run_address>0x8487</run_address>
         <size>0x13b</size>
         <input_file_ref idref="fl-7"/>
      </object_component>
      <object_component id="oc-1b8">
         <name>.debug_info</name>
         <load_address>0x85c2</load_address>
         <run_address>0x85c2</run_address>
         <size>0x12f</size>
         <input_file_ref idref="fl-7"/>
      </object_component>
      <object_component id="oc-1c1">
         <name>.debug_info</name>
         <load_address>0x86f1</load_address>
         <run_address>0x86f1</run_address>
         <size>0x185</size>
         <input_file_ref idref="fl-7"/>
      </object_component>
      <object_component id="oc-172">
         <name>.debug_info</name>
         <load_address>0x8876</load_address>
         <run_address>0x8876</run_address>
         <size>0x15d</size>
         <input_file_ref idref="fl-7"/>
      </object_component>
      <object_component id="oc-c7">
         <name>.debug_info</name>
         <load_address>0x89d3</load_address>
         <run_address>0x89d3</run_address>
         <size>0x19d</size>
         <input_file_ref idref="fl-7"/>
      </object_component>
      <object_component id="oc-d9">
         <name>.debug_info</name>
         <load_address>0x8b70</load_address>
         <run_address>0x8b70</run_address>
         <size>0x17e</size>
         <input_file_ref idref="fl-7"/>
      </object_component>
      <object_component id="oc-e5">
         <name>.debug_info</name>
         <load_address>0x8cee</load_address>
         <run_address>0x8cee</run_address>
         <size>0x135</size>
         <input_file_ref idref="fl-7"/>
      </object_component>
      <object_component id="oc-d3">
         <name>.debug_info</name>
         <load_address>0x8e23</load_address>
         <run_address>0x8e23</run_address>
         <size>0x156</size>
         <input_file_ref idref="fl-7"/>
      </object_component>
      <object_component id="oc-df">
         <name>.debug_info</name>
         <load_address>0x8f79</load_address>
         <run_address>0x8f79</run_address>
         <size>0x115</size>
         <input_file_ref idref="fl-7"/>
      </object_component>
      <object_component id="oc-cd">
         <name>.debug_info</name>
         <load_address>0x908e</load_address>
         <run_address>0x908e</run_address>
         <size>0x136</size>
         <input_file_ref idref="fl-7"/>
      </object_component>
      <object_component id="oc-a4">
         <name>.debug_info</name>
         <load_address>0x91c4</load_address>
         <run_address>0x91c4</run_address>
         <size>0xd8</size>
         <input_file_ref idref="fl-36"/>
      </object_component>
      <object_component id="oc-83">
         <name>.debug_info</name>
         <load_address>0x929c</load_address>
         <run_address>0x929c</run_address>
         <size>0x179</size>
         <input_file_ref idref="fl-37"/>
      </object_component>
      <object_component id="oc-b3">
         <name>.debug_info</name>
         <load_address>0x9415</load_address>
         <run_address>0x9415</run_address>
         <size>0x1a9</size>
         <input_file_ref idref="fl-38"/>
      </object_component>
      <object_component id="oc-47">
         <name>.debug_info</name>
         <load_address>0x95be</load_address>
         <run_address>0x95be</run_address>
         <size>0x1ab</size>
         <input_file_ref idref="fl-38"/>
      </object_component>
      <object_component id="oc-ae">
         <name>.debug_info</name>
         <load_address>0x9769</load_address>
         <run_address>0x9769</run_address>
         <size>0x46</size>
         <input_file_ref idref="fl-38"/>
      </object_component>
      <object_component id="oc-135">
         <name>.debug_info</name>
         <load_address>0x97af</load_address>
         <run_address>0x97af</run_address>
         <size>0x2c</size>
         <input_file_ref idref="fl-38"/>
      </object_component>
      <object_component id="oc-bb">
         <name>.debug_info</name>
         <load_address>0x97db</load_address>
         <run_address>0x97db</run_address>
         <size>0x166</size>
         <input_file_ref idref="fl-39"/>
      </object_component>
      <object_component id="oc-b5">
         <name>.debug_info</name>
         <load_address>0x9941</load_address>
         <run_address>0x9941</run_address>
         <size>0x21d</size>
         <input_file_ref idref="fl-39"/>
      </object_component>
      <object_component id="oc-4b">
         <name>.debug_info</name>
         <load_address>0x9b5e</load_address>
         <run_address>0x9b5e</run_address>
         <size>0x194</size>
         <input_file_ref idref="fl-39"/>
      </object_component>
      <object_component id="oc-bc">
         <name>.debug_info</name>
         <load_address>0x9cf2</load_address>
         <run_address>0x9cf2</run_address>
         <size>0x39</size>
         <input_file_ref idref="fl-39"/>
      </object_component>
      <object_component id="oc-f0">
         <name>.debug_info</name>
         <load_address>0x9d2b</load_address>
         <run_address>0x9d2b</run_address>
         <size>0x157</size>
         <input_file_ref idref="fl-3a"/>
      </object_component>
      <object_component id="oc-62">
         <name>.debug_info</name>
         <load_address>0x9e82</load_address>
         <run_address>0x9e82</run_address>
         <size>0x19d</size>
         <input_file_ref idref="fl-3a"/>
      </object_component>
      <object_component id="oc-eb">
         <name>.debug_info</name>
         <load_address>0xa01f</load_address>
         <run_address>0xa01f</run_address>
         <size>0x46</size>
         <input_file_ref idref="fl-3a"/>
      </object_component>
      <object_component id="oc-2fb">
         <name>.debug_info</name>
         <load_address>0xa065</load_address>
         <run_address>0xa065</run_address>
         <size>0x102</size>
         <input_file_ref idref="fl-3c"/>
      </object_component>
      <object_component id="oc-11b">
         <name>.debug_info</name>
         <load_address>0xa167</load_address>
         <run_address>0xa167</run_address>
         <size>0xfa</size>
         <input_file_ref idref="fl-3d"/>
      </object_component>
      <object_component id="oc-c2">
         <name>.debug_info</name>
         <load_address>0xa261</load_address>
         <run_address>0xa261</run_address>
         <size>0xee</size>
         <input_file_ref idref="fl-4c"/>
      </object_component>
      <object_component id="oc-339">
         <name>.debug_info</name>
         <load_address>0xa34f</load_address>
         <run_address>0xa34f</run_address>
         <size>0xff</size>
         <input_file_ref idref="fl-4d"/>
      </object_component>
      <object_component id="oc-12d">
         <name>.debug_info</name>
         <load_address>0xa44e</load_address>
         <run_address>0xa44e</run_address>
         <size>0x15f</size>
         <input_file_ref idref="fl-4e"/>
      </object_component>
      <object_component id="oc-a8">
         <name>.debug_info</name>
         <load_address>0xa5ad</load_address>
         <run_address>0xa5ad</run_address>
         <size>0x174</size>
         <input_file_ref idref="fl-4e"/>
      </object_component>
      <object_component id="oc-1ee">
         <name>.debug_info</name>
         <load_address>0xa721</load_address>
         <run_address>0xa721</run_address>
         <size>0x109</size>
         <input_file_ref idref="fl-52"/>
      </object_component>
      <object_component id="oc-f2">
         <name>.debug_info</name>
         <load_address>0xa82a</load_address>
         <run_address>0xa82a</run_address>
         <size>0x12b</size>
         <input_file_ref idref="fl-56"/>
      </object_component>
      <object_component id="oc-343">
         <name>.debug_info</name>
         <load_address>0xa955</load_address>
         <run_address>0xa955</run_address>
         <size>0x13f</size>
         <input_file_ref idref="fl-58"/>
      </object_component>
      <object_component id="oc-316">
         <name>.debug_info</name>
         <load_address>0xaa94</load_address>
         <run_address>0xaa94</run_address>
         <size>0x1c8</size>
         <input_file_ref idref="fl-58"/>
      </object_component>
      <object_component id="oc-194">
         <name>.debug_info</name>
         <load_address>0xac5c</load_address>
         <run_address>0xac5c</run_address>
         <size>0x306</size>
         <input_file_ref idref="fl-5f"/>
      </object_component>
      <object_component id="oc-f8">
         <name>.debug_info</name>
         <load_address>0xaf62</load_address>
         <run_address>0xaf62</run_address>
         <size>0x1da</size>
         <input_file_ref idref="fl-5f"/>
      </object_component>
      <object_component id="oc-23a">
         <name>.debug_info</name>
         <load_address>0xb13c</load_address>
         <run_address>0xb13c</run_address>
         <size>0x39</size>
         <input_file_ref idref="fl-5f"/>
      </object_component>
      <object_component id="oc-195">
         <name>.debug_info</name>
         <load_address>0xb175</load_address>
         <run_address>0xb175</run_address>
         <size>0x2c</size>
         <input_file_ref idref="fl-5f"/>
      </object_component>
      <object_component id="oc-394">
         <name>.debug_info</name>
         <load_address>0xb1a1</load_address>
         <run_address>0xb1a1</run_address>
         <size>0xb3</size>
      </object_component>
      <object_component id="oc-224">
         <name>.debug_line</name>
         <load_address>0x0</load_address>
         <run_address>0x0</run_address>
         <size>0x45</size>
         <input_file_ref idref="fl-2"/>
      </object_component>
      <object_component id="oc-233">
         <name>.debug_line</name>
         <load_address>0x45</load_address>
         <run_address>0x45</run_address>
         <size>0x31</size>
         <input_file_ref idref="fl-2"/>
      </object_component>
      <object_component id="oc-2b2">
         <name>.debug_line</name>
         <load_address>0x76</load_address>
         <run_address>0x76</run_address>
         <size>0x31</size>
         <input_file_ref idref="fl-2"/>
      </object_component>
      <object_component id="oc-115">
         <name>.debug_line</name>
         <load_address>0xa7</load_address>
         <run_address>0xa7</run_address>
         <size>0x93</size>
         <input_file_ref idref="fl-2"/>
      </object_component>
      <object_component id="oc-18d">
         <name>.debug_line</name>
         <load_address>0x13a</load_address>
         <run_address>0x13a</run_address>
         <size>0x50</size>
         <input_file_ref idref="fl-2"/>
      </object_component>
      <object_component id="oc-187">
         <name>.debug_line</name>
         <load_address>0x18a</load_address>
         <run_address>0x18a</run_address>
         <size>0x47</size>
         <input_file_ref idref="fl-2"/>
      </object_component>
      <object_component id="oc-161">
         <name>.debug_line</name>
         <load_address>0x1d1</load_address>
         <run_address>0x1d1</run_address>
         <size>0x44</size>
         <input_file_ref idref="fl-2"/>
      </object_component>
      <object_component id="oc-1ca">
         <name>.debug_line</name>
         <load_address>0x215</load_address>
         <run_address>0x215</run_address>
         <size>0x66</size>
         <input_file_ref idref="fl-2"/>
      </object_component>
      <object_component id="oc-207">
         <name>.debug_line</name>
         <load_address>0x27b</load_address>
         <run_address>0x27b</run_address>
         <size>0x34</size>
         <input_file_ref idref="fl-2"/>
      </object_component>
      <object_component id="oc-228">
         <name>.debug_line</name>
         <load_address>0x2af</load_address>
         <run_address>0x2af</run_address>
         <size>0x31</size>
         <input_file_ref idref="fl-2"/>
      </object_component>
      <object_component id="oc-12a">
         <name>.debug_line</name>
         <load_address>0x2e0</load_address>
         <run_address>0x2e0</run_address>
         <size>0x20</size>
         <input_file_ref idref="fl-2"/>
      </object_component>
      <object_component id="oc-167">
         <name>.debug_line</name>
         <load_address>0x300</load_address>
         <run_address>0x300</run_address>
         <size>0x63</size>
         <input_file_ref idref="fl-2"/>
      </object_component>
      <object_component id="oc-2e9">
         <name>.debug_line</name>
         <load_address>0x363</load_address>
         <run_address>0x363</run_address>
         <size>0xc3</size>
         <input_file_ref idref="fl-3"/>
      </object_component>
      <object_component id="oc-29d">
         <name>.debug_line</name>
         <load_address>0x426</load_address>
         <run_address>0x426</run_address>
         <size>0x79</size>
         <input_file_ref idref="fl-3"/>
      </object_component>
      <object_component id="oc-157">
         <name>.debug_line</name>
         <load_address>0x49f</load_address>
         <run_address>0x49f</run_address>
         <size>0x77</size>
         <input_file_ref idref="fl-3"/>
      </object_component>
      <object_component id="oc-2ac">
         <name>.debug_line</name>
         <load_address>0x516</load_address>
         <run_address>0x516</run_address>
         <size>0x5b</size>
         <input_file_ref idref="fl-3"/>
      </object_component>
      <object_component id="oc-2d0">
         <name>.debug_line</name>
         <load_address>0x571</load_address>
         <run_address>0x571</run_address>
         <size>0x5d</size>
         <input_file_ref idref="fl-3"/>
      </object_component>
      <object_component id="oc-2a6">
         <name>.debug_line</name>
         <load_address>0x5ce</load_address>
         <run_address>0x5ce</run_address>
         <size>0x6a</size>
         <input_file_ref idref="fl-3"/>
      </object_component>
      <object_component id="oc-213">
         <name>.debug_line</name>
         <load_address>0x638</load_address>
         <run_address>0x638</run_address>
         <size>0x5a</size>
         <input_file_ref idref="fl-3"/>
      </object_component>
      <object_component id="oc-219">
         <name>.debug_line</name>
         <load_address>0x692</load_address>
         <run_address>0x692</run_address>
         <size>0x66</size>
         <input_file_ref idref="fl-3"/>
      </object_component>
      <object_component id="oc-20d">
         <name>.debug_line</name>
         <load_address>0x6f8</load_address>
         <run_address>0x6f8</run_address>
         <size>0x5a</size>
         <input_file_ref idref="fl-3"/>
      </object_component>
      <object_component id="oc-21f">
         <name>.debug_line</name>
         <load_address>0x752</load_address>
         <run_address>0x752</run_address>
         <size>0x59</size>
         <input_file_ref idref="fl-3"/>
      </object_component>
      <object_component id="oc-297">
         <name>.debug_line</name>
         <load_address>0x7ab</load_address>
         <run_address>0x7ab</run_address>
         <size>0x5b</size>
         <input_file_ref idref="fl-3"/>
      </object_component>
      <object_component id="oc-202">
         <name>.debug_line</name>
         <load_address>0x806</load_address>
         <run_address>0x806</run_address>
         <size>0x3c</size>
         <input_file_ref idref="fl-3"/>
      </object_component>
      <object_component id="oc-2cb">
         <name>.debug_line</name>
         <load_address>0x842</load_address>
         <run_address>0x842</run_address>
         <size>0x56</size>
         <input_file_ref idref="fl-4"/>
      </object_component>
      <object_component id="oc-2c9">
         <name>.debug_line</name>
         <load_address>0x898</load_address>
         <run_address>0x898</run_address>
         <size>0x3c</size>
         <input_file_ref idref="fl-4"/>
      </object_component>
      <object_component id="oc-25c">
         <name>.debug_line</name>
         <load_address>0x8d4</load_address>
         <run_address>0x8d4</run_address>
         <size>0x5b</size>
         <input_file_ref idref="fl-4"/>
      </object_component>
      <object_component id="oc-285">
         <name>.debug_line</name>
         <load_address>0x92f</load_address>
         <run_address>0x92f</run_address>
         <size>0xab</size>
         <input_file_ref idref="fl-4"/>
      </object_component>
      <object_component id="oc-326">
         <name>.debug_line</name>
         <load_address>0x9da</load_address>
         <run_address>0x9da</run_address>
         <size>0x56</size>
         <input_file_ref idref="fl-4"/>
      </object_component>
      <object_component id="oc-2c2">
         <name>.debug_line</name>
         <load_address>0xa30</load_address>
         <run_address>0xa30</run_address>
         <size>0x61</size>
         <input_file_ref idref="fl-4"/>
      </object_component>
      <object_component id="oc-145">
         <name>.debug_line</name>
         <load_address>0xa91</load_address>
         <run_address>0xa91</run_address>
         <size>0x56</size>
         <input_file_ref idref="fl-4"/>
      </object_component>
      <object_component id="oc-14b">
         <name>.debug_line</name>
         <load_address>0xae7</load_address>
         <run_address>0xae7</run_address>
         <size>0x53</size>
         <input_file_ref idref="fl-4"/>
      </object_component>
      <object_component id="oc-341">
         <name>.debug_line</name>
         <load_address>0xb3a</load_address>
         <run_address>0xb3a</run_address>
         <size>0x77</size>
         <input_file_ref idref="fl-5"/>
      </object_component>
      <object_component id="oc-28b">
         <name>.debug_line</name>
         <load_address>0xbb1</load_address>
         <run_address>0xbb1</run_address>
         <size>0x59</size>
         <input_file_ref idref="fl-5"/>
      </object_component>
      <object_component id="oc-291">
         <name>.debug_line</name>
         <load_address>0xc0a</load_address>
         <run_address>0xc0a</run_address>
         <size>0x54</size>
         <input_file_ref idref="fl-5"/>
      </object_component>
      <object_component id="oc-2d6">
         <name>.debug_line</name>
         <load_address>0xc5e</load_address>
         <run_address>0xc5e</run_address>
         <size>0x57</size>
         <input_file_ref idref="fl-5"/>
      </object_component>
      <object_component id="oc-32d">
         <name>.debug_line</name>
         <load_address>0xcb5</load_address>
         <run_address>0xcb5</run_address>
         <size>0x60</size>
         <input_file_ref idref="fl-5"/>
      </object_component>
      <object_component id="oc-334">
         <name>.debug_line</name>
         <load_address>0xd15</load_address>
         <run_address>0xd15</run_address>
         <size>0x62</size>
         <input_file_ref idref="fl-5"/>
      </object_component>
      <object_component id="oc-2e5">
         <name>.debug_line</name>
         <load_address>0xd77</load_address>
         <run_address>0xd77</run_address>
         <size>0x57</size>
         <input_file_ref idref="fl-5"/>
      </object_component>
      <object_component id="oc-2dc">
         <name>.debug_line</name>
         <load_address>0xdce</load_address>
         <run_address>0xdce</run_address>
         <size>0x65</size>
         <input_file_ref idref="fl-5"/>
      </object_component>
      <object_component id="oc-2eb">
         <name>.debug_line</name>
         <load_address>0xe33</load_address>
         <run_address>0xe33</run_address>
         <size>0xb2</size>
         <input_file_ref idref="fl-6"/>
      </object_component>
      <object_component id="oc-262">
         <name>.debug_line</name>
         <load_address>0xee5</load_address>
         <run_address>0xee5</run_address>
         <size>0x5b</size>
         <input_file_ref idref="fl-6"/>
      </object_component>
      <object_component id="oc-2f7">
         <name>.debug_line</name>
         <load_address>0xf40</load_address>
         <run_address>0xf40</run_address>
         <size>0x63</size>
         <input_file_ref idref="fl-6"/>
      </object_component>
      <object_component id="oc-302">
         <name>.debug_line</name>
         <load_address>0xfa3</load_address>
         <run_address>0xfa3</run_address>
         <size>0x55</size>
         <input_file_ref idref="fl-6"/>
      </object_component>
      <object_component id="oc-26a">
         <name>.debug_line</name>
         <load_address>0xff8</load_address>
         <run_address>0xff8</run_address>
         <size>0x102</size>
         <input_file_ref idref="fl-6"/>
      </object_component>
      <object_component id="oc-31e">
         <name>.debug_line</name>
         <load_address>0x10fa</load_address>
         <run_address>0x10fa</run_address>
         <size>0x7c</size>
         <input_file_ref idref="fl-6"/>
      </object_component>
      <object_component id="oc-2bb">
         <name>.debug_line</name>
         <load_address>0x1176</load_address>
         <run_address>0x1176</run_address>
         <size>0x53</size>
         <input_file_ref idref="fl-6"/>
      </object_component>
      <object_component id="oc-271">
         <name>.debug_line</name>
         <load_address>0x11c9</load_address>
         <run_address>0x11c9</run_address>
         <size>0x62</size>
         <input_file_ref idref="fl-6"/>
      </object_component>
      <object_component id="oc-278">
         <name>.debug_line</name>
         <load_address>0x122b</load_address>
[...]
      </symbol>
      <symbol id="sm-199">
         <name>EstadoCalibration</name>
         <value>0x11ea</value>
         <object_component_ref idref="oc-178"/>
      </symbol>
      <symbol id="sm-19a">
         <name>flagEnviado</name>
         <value>0x11f4</value>
         <object_component_ref idref="oc-178"/>
      </symbol>
      <symbol id="sm-19b">
         <name>rxBufferRecibi</name>
         <value>0x11fc</value>
         <object_component_ref idref="oc-1bd"/>
      </symbol>
      <symbol id="sm-19c">
         <name>app_RxPacketISR</name>
         <value>0x11534</value>
         <object_component_ref idref="oc-15d"/>
      </symbol>
      <symbol id="sm-19d">
         <name>app_TimerISR_1ms</name>
         <value>0x11478</value>
         <object_component_ref idref="oc-18c"/>
      </symbol>
      <symbol id="sm-19e">
         <name>flagCalibration</name>
         <value>0x11e9</value>
         <object_component_ref idref="oc-178"/>
      </symbol>
      <symbol id="sm-19f">
         <name>malEnviado</name>
         <value>0x11f6</value>
         <object_component_ref idref="oc-178"/>
      </symbol>
      <symbol id="sm-1a0">
         <name>main</name>
         <value>0x10ab8</value>
         <object_component_ref idref="oc-111"/>
      </symbol>
      <symbol id="sm-1a1">
         <name>tiem_envio</name>
         <value>0x11eb</value>
         <object_component_ref idref="oc-178"/>
      </symbol>
      <symbol id="sm-1a2">
         <name>tar_segundo</name>
         <value>0x11e4</value>
         <object_component_ref idref="oc-178"/>
      </symbol>
      <symbol id="sm-1a3">
         <name>net_myAddr</name>
         <value>0x11e8</value>
         <object_component_ref idref="oc-178"/>
      </symbol>
      <symbol id="sm-1a4">
         <name>estado</name>
         <value>0x11e7</value>
         <object_component_ref idref="oc-178"/>
      </symbol>
      <symbol id="sm-1a5">
         <name>flag_calibracion_automatica</name>
         <value>0x11ee</value>
         <object_component_ref idref="oc-178"/>
      </symbol>
      <symbol id="sm-1a6">
         <name>correccion</name>
         <value>0x11ec</value>
         <object_component_ref idref="oc-178"/>
      </symbol>
      <symbol id="sm-1a7">
         <name>procesar_datos</name>
         <value>0x10e3c</value>
         <object_component_ref idref="oc-1c6"/>
      </symbol>
      <symbol id="sm-1a8">
         <name>length</name>
         <value>0x11f2</value>
         <object_component_ref idref="oc-178"/>
      </symbol>
      <symbol id="sm-209">
         <name>hal_cc2500_readReg</name>
         <value>0x11174</value>
         <object_component_ref idref="oc-20f"/>
      </symbol>
      <symbol id="sm-20a">
         <name>hal_cc2500_wakeup</name>
         <value>0x112ac</value>
         <object_component_ref idref="oc-2cc"/>
      </symbol>
      <symbol id="sm-20b">
         <name>hal_cc2500_readStatus</name>
         <value>0x111ae</value>
         <object_component_ref idref="oc-209"/>
      </symbol>
      <symbol id="sm-20c">
         <name>hal_cc2500_writeReg</name>
         <value>0x11072</value>
         <object_component_ref idref="oc-2a8"/>
      </symbol>
      <symbol id="sm-20d">
         <name>hal_cc2500_WriteRFSettings</name>
         <value>0x10726</value>
         <object_component_ref idref="oc-299"/>
      </symbol>
      <symbol id="sm-20e">
         <name>hal_cc2500_readBurstReg</name>
         <value>0x10d2a</value>
         <object_component_ref idref="oc-215"/>
      </symbol>
      <symbol id="sm-20f">
         <name>hal_cc2500_receivePacket</name>
         <value>0x108cc</value>
         <object_component_ref idref="oc-153"/>
      </symbol>
      <symbol id="sm-210">
         <name>hal_cc2500_powerupReset</name>
         <value>0x10f3e</value>
         <object_component_ref idref="oc-293"/>
      </symbol>
      <symbol id="sm-211">
         <name>hal_cc2500_strobe</name>
         <value>0x1127c</value>
         <object_component_ref idref="oc-21b"/>
      </symbol>
      <symbol id="sm-212">
         <name>hal_cc2500_writeBurstReg</name>
         <value>0x10be6</value>
         <object_component_ref idref="oc-2a2"/>
      </symbol>
      <symbol id="sm-25d">
         <name>hal_pin_in</name>
         <value>0x112dc</value>
         <object_component_ref idref="oc-322"/>
      </symbol>
      <symbol id="sm-25e">
         <name>hal_pin_init</name>
         <value>0x111e8</value>
         <object_component_ref idref="oc-258"/>
      </symbol>
      <symbol id="sm-25f">
         <name>hal_pin_intGetFlag</name>
         <value>0x1130c</value>
         <object_component_ref idref="oc-141"/>
      </symbol>
      <symbol id="sm-260">
         <name>hal_pin_config</name>
         <value>0x10000</value>
         <object_component_ref idref="oc-281"/>
      </symbol>
      <symbol id="sm-261">
         <name>hal_pin_out</name>
         <value>0x10d88</value>
         <object_component_ref idref="oc-2be"/>
      </symbol>
      <symbol id="sm-262">
         <name>hal_pin_intClearFlag</name>
         <value>0x1136a</value>
         <object_component_ref idref="oc-147"/>
      </symbol>
      <symbol id="sm-263">
         <name>pinPort</name>
         <value>0x225c</value>
         <object_component_ref idref="oc-1f2"/>
      </symbol>
      <symbol id="sm-2a4">
         <name>spiBaseAdd</name>
         <value>0x11ce</value>
      </symbol>
      <symbol id="sm-2a5">
         <name>spi1_txBufReady</name>
         <value>0x113c2</value>
         <object_component_ref idref="oc-329"/>
      </symbol>
      <symbol id="sm-2a6">
         <name>spi1_start</name>
         <value>0x11516</value>
         <object_component_ref idref="oc-28d"/>
      </symbol>
      <symbol id="sm-2a7">
         <name>spi1_setup</name>
         <value>0x110b6</value>
         <object_component_ref idref="oc-287"/>
      </symbol>
      <symbol id="sm-2a8">
         <name>spi1_wr</name>
         <value>0x110f8</value>
         <object_component_ref idref="oc-2d8"/>
      </symbol>
      <symbol id="sm-2a9">
         <name>spi1_busy</name>
         <value>0x114f6</value>
         <object_component_ref idref="oc-2e1"/>
      </symbol>
      <symbol id="sm-2aa">
         <name>spi1_rxFinish</name>
         <value>0x1121a</value>
         <object_component_ref idref="oc-330"/>
      </symbol>
      <symbol id="sm-2ab">
         <name>spi1_write</name>
         <value>0x11410</value>
         <object_component_ref idref="oc-2d2"/>
      </symbol>
      <symbol id="sm-324">
         <name>prtInfList</name>
         <value>0x115a</value>
      </symbol>
      <symbol id="sm-325">
         <name>setUartRxBuffer</name>
         <value>0x10e92</value>
         <object_component_ref idref="oc-274"/>
      </symbol>
      <symbol id="sm-326">
         <name>initUartPort</name>
         <value>0x10f90</value>
         <object_component_ref idref="oc-2f3"/>
      </symbol>
      <symbol id="sm-327">
         <name>initUartDriver</name>
         <value>0x11396</value>
         <object_component_ref idref="oc-25e"/>
      </symbol>
      <symbol id="sm-328">
         <name>usart1_tx_ISR</name>
         <value>0x11136</value>
         <object_component_ref idref="oc-169"/>
      </symbol>
      <symbol id="sm-329">
         <name>setUartTxBuffer</name>
         <value>0x10ee8</value>
         <object_component_ref idref="oc-26d"/>
      </symbol>
      <symbol id="sm-32a">
         <name>uartSendDataBlocking</name>
         <value>0x109fc</value>
         <object_component_ref idref="oc-31a"/>
      </symbol>
      <symbol id="sm-32b">
         <name>uartSendStringBlocking</name>
         <value>0x1133c</value>
         <object_component_ref idref="oc-2b7"/>
      </symbol>
      <symbol id="sm-32c">
         <name>configUSARTUart</name>
         <value>0x1030a</value>
         <object_component_ref idref="oc-266"/>
      </symbol>
      <symbol id="sm-32d">
         <name>initBufferDefaults</name>
         <value>0x1102c</value>
         <object_component_ref idref="oc-2fe"/>
      </symbol>
      <symbol id="sm-32e">
         <name>enableUartRx</name>
         <value>0x10b6e</value>
         <object_component_ref idref="oc-27a"/>
      </symbol>
      <symbol id="sm-3d3">
         <name>bsp_contMs</name>
         <value>0x11d6</value>
      </symbol>
      <symbol id="sm-3d4">
         <name>rf_rxBuffer</name>
         <value>0x11a8</value>
      </symbol>
      <symbol id="sm-3d5">
         <name>rf_rxLen</name>
         <value>0x11e0</value>
      </symbol>
      <symbol id="sm-3d6">
         <name>rf_rxRssi</name>
         <value>0x11e2</value>
      </symbol>
      <symbol id="sm-3d7">
         <name>rf_rxLqi</name>
         <value>0x11e1</value>
      </symbol>
      <symbol id="sm-3d8">
         <name>rf_rxAddr</name>
         <value>0x11df</value>
      </symbol>
      <symbol id="sm-3d9">
         <name>cnf</name>
         <value>0x1100</value>
      </symbol>
      <symbol id="sm-3da">
         <name>uartUsartRegs</name>
         <value>0x112e</value>
      </symbol>
      <symbol id="sm-3db">
         <name>uartTxBuf</name>
         <value>0x1182</value>
      </symbol>
      <symbol id="sm-3dc">
         <name>uartRxBuf</name>
         <value>0x116e</value>
      </symbol>
      <symbol id="sm-3dd">
         <name>led_On</name>
         <value>0x114a0</value>
         <object_component_ref idref="oc-1d4"/>
      </symbol>
      <symbol id="sm-3de">
         <name>RF_PwrUpRx</name>
         <value>0x11502</value>
         <object_component_ref idref="oc-1b1"/>
      </symbol>
      <symbol id="sm-3df">
         <name>RF_getRxPacket</name>
         <value>0x10fe2</value>
         <object_component_ref idref="oc-1c0"/>
      </symbol>
      <symbol id="sm-3e0">
         <name>serie_SendString</name>
         <value>0x11448</value>
         <object_component_ref idref="oc-1cd"/>
      </symbol>
      <symbol id="sm-3e1">
         <name>__TI_int28</name>
         <value>0xfff8</value>
         <object_component_ref idref="oc-5e"/>
      </symbol>
      <symbol id="sm-3e2">
         <name>__TI_int29</name>
         <value>0xfffa</value>
         <object_component_ref idref="oc-5f"/>
      </symbol>
      <symbol id="sm-3e3">
         <name>__TI_int26</name>
         <value>0xfff4</value>
         <object_component_ref idref="oc-5c"/>
      </symbol>
      <symbol id="sm-3e4">
         <name>__TI_int22</name>
         <value>0xffec</value>
         <object_component_ref idref="oc-58"/>
      </symbol>
      <symbol id="sm-3e5">
         <name>__TI_int20</name>
         <value>0xffe8</value>
         <object_component_ref idref="oc-56"/>
      </symbol>
      <symbol id="sm-3e6">
         <name>__TI_int21</name>
         <value>0xffea</value>
         <object_component_ref idref="oc-57"/>
      </symbol>
      <symbol id="sm-3e7">
         <name>__TI_int30</name>
         <value>0xfffc</value>
         <object_component_ref idref="oc-60"/>
      </symbol>
      <symbol id="sm-3e8">
         <name>cc_spiSIMO</name>
         <value>0x2446</value>
         <object_component_ref idref="oc-13e"/>
      </symbol>
      <symbol id="sm-3e9">
         <name>__TI_int18</name>
         <value>0xffe4</value>
         <object_component_ref idref="oc-54"/>
      </symbol>
      <symbol id="sm-3ea">
         <name>__TI_int17</name>
         <value>0xffe2</value>
         <object_component_ref idref="oc-53"/>
      </symbol>
      <symbol id="sm-3eb">
         <name>Port1_ISR</name>
         <value>0x2210</value>
         <object_component_ref idref="oc-d2"/>
      </symbol>
      <symbol id="sm-3ec">
         <name>usart1_tx</name>
         <value>0x224a</value>
         <object_component_ref idref="oc-cc"/>
      </symbol>
      <symbol id="sm-3ed">
         <name>TimeStamp</name>
         <value>0x1124c</value>
         <object_component_ref idref="oc-171"/>
      </symbol>
      <symbol id="sm-3ee">
         <name>RF_rxDataReady</name>
         <value>0x114da</value>
         <object_component_ref idref="oc-1b7"/>
      </symbol>
      <symbol id="sm-3ef">
         <name>cc_LNAEN</name>
         <value>0x241e</value>
         <object_component_ref idref="oc-13e"/>
      </symbol>
      <symbol id="sm-3f0">
         <name>flag_wakeup</name>
         <value>0x120d</value>
         <object_component_ref idref="oc-182"/>
      </symbol>
      <symbol id="sm-3f1">
         <name>ISR_trap</name>
         <value>0x225a</value>
         <object_component_ref idref="oc-de"/>
      </symbol>
      <symbol id="sm-3f2">
         <name>port2_ISR</name>
         <value>0x2190</value>
         <object_component_ref idref="oc-c6"/>
      </symbol>
      <symbol id="sm-3f3">
         <name>uart_RX</name>
         <value>0x246e</value>
         <object_component_ref idref="oc-13e"/>
      </symbol>
      <symbol id="sm-3f4">
         <name>bsp_Init</name>
         <value>0x1057c</value>
         <object_component_ref idref="oc-1ab"/>
      </symbol>
      <symbol id="sm-3f5">
         <name>uart_TX</name>
         <value>0x2464</value>
         <object_component_ref idref="oc-13e"/>
      </symbol>
      <symbol id="sm-3f6">
         <name>cc_spinCS</name>
         <value>0x243c</value>
         <object_component_ref idref="oc-13e"/>
      </symbol>
      <symbol id="sm-3f7">
         <name>cc_spiCLK</name>
         <value>0x245a</value>
         <object_component_ref idref="oc-13e"/>
      </symbol>
      <symbol id="sm-3f8">
         <name>Ta1_ISR</name>
         <value>0x2100</value>
         <object_component_ref idref="oc-d8"/>
      </symbol>
      <symbol id="sm-3f9">
         <name>Tb1_ISR</name>
         <value>0x21ec</value>
         <object_component_ref idref="oc-e4"/>
      </symbol>
      <symbol id="sm-3fa">
         <name>cc_gdo2</name>
         <value>0x2432</value>
         <object_component_ref idref="oc-13e"/>
      </symbol>
      <symbol id="sm-3fb">
         <name>cc_gdo0</name>
         <value>0x2428</value>
         <object_component_ref idref="oc-13e"/>
      </symbol>
      <symbol id="sm-3fc">
         <name>led_Off</name>
         <value>0x1148c</value>
         <object_component_ref idref="oc-1e0"/>
      </symbol>
      <symbol id="sm-3fd">
         <name>pinLedVerde</name>
         <value>0x23ec</value>
         <object_component_ref idref="oc-13e"/>
      </symbol>
      <symbol id="sm-3fe">
         <name>cc_PAEN</name>
         <value>0x2414</value>
         <object_component_ref idref="oc-13e"/>
      </symbol>
      <symbol id="sm-3ff">
         <name>bsp_msDelay</name>
         <value>0x1142e</value>
         <object_component_ref idref="oc-1da"/>
      </symbol>
      <symbol id="sm-400">
         <name>pinSW1</name>
         <value>0x2400</value>
         <object_component_ref idref="oc-13e"/>
      </symbol>
      <symbol id="sm-401">
         <name>pinSW2</name>
         <value>0x240a</value>
         <object_component_ref idref="oc-13e"/>
      </symbol>
      <symbol id="sm-402">
         <name>pinLedRojo</name>
         <value>0x23f6</value>
         <object_component_ref idref="oc-13e"/>
      </symbol>
      <symbol id="sm-403">
         <name>cc_spiSOMI</name>
         <value>0x2450</value>
         <object_component_ref idref="oc-13e"/>
      </symbol>
      <symbol id="sm-404">
         <name>bsp_contTAR</name>
         <value>0x120e</value>
         <object_component_ref idref="oc-182"/>
      </symbol>
      <symbol id="sm-405">
         <name>paTableLen</name>
         <value>0x120c</value>
         <object_component_ref idref="oc-182"/>
      </symbol>
      <symbol id="sm-406">
         <name>paTable</name>
         <value>0x1216</value>
         <object_component_ref idref="oc-29f"/>
      </symbol>
      <symbol id="sm-40f">
         <name>_stack</name>
         <value>0x2088</value>
         <object_component_ref idref="oc-a3"/>
      </symbol>
      <symbol id="sm-410">
         <name>_reset_vector</name>
         <value>0xfffe</value>
         <object_component_ref idref="oc-a6"/>
      </symbol>
      <symbol id="sm-41b">
         <name>_c_int00_noargs_noexit</name>
         <value>0x2230</value>
         <object_component_ref idref="oc-7f"/>
      </symbol>
      <symbol id="sm-431">
         <name>__TI_decompress_none</name>
         <value>0x114c8</value>
         <object_component_ref idref="oc-44"/>
      </symbol>
      <symbol id="sm-453">
         <name>__TI_decompress_rle24</name>
         <value>0x11526</value>
         <object_component_ref idref="oc-4a"/>
      </symbol>
      <symbol id="sm-466">
         <name>__TI_zero_init</name>
         <value>0x113ec</value>
         <object_component_ref idref="oc-61"/>
      </symbol>
      <symbol id="sm-476">
         <name>__mspabi_remul</name>
         <value>0x10de4</value>
         <object_component_ref idref="oc-2f9"/>
      </symbol>
      <symbol id="sm-477">
         <name>__mspabi_divul</name>
         <value>0x10de4</value>
         <object_component_ref idref="oc-2f9"/>
      </symbol>
      <symbol id="sm-482">
         <name>C$$EXIT</name>
         <value>0x11530</value>
         <object_component_ref idref="oc-119"/>
      </symbol>
      <symbol id="sm-483">
         <name>abort</name>
         <value>0x11530</value>
         <object_component_ref idref="oc-119"/>
      </symbol>
      <symbol id="sm-4c4">
         <name>__TI_int14</name>
         <value>0xffdc</value>
         <object_component_ref idref="oc-50"/>
      </symbol>
      <symbol id="sm-4c7">
         <name>__TI_int15</name>
         <value>0xffde</value>
         <object_component_ref idref="oc-51"/>
      </symbol>
      <symbol id="sm-4ca">
         <name>__TI_int16</name>
         <value>0xffe0</value>
         <object_component_ref idref="oc-52"/>
      </symbol>
      <symbol id="sm-4cd">
         <name>__TI_int19</name>
         <value>0xffe6</value>
         <object_component_ref idref="oc-55"/>
      </symbol>
      <symbol id="sm-4d0">
         <name>__TI_int23</name>
         <value>0xffee</value>
         <object_component_ref idref="oc-59"/>
      </symbol>
      <symbol id="sm-4d3">
         <name>__TI_int24</name>
         <value>0xfff0</value>
         <object_component_ref idref="oc-5a"/>
      </symbol>
      <symbol id="sm-4d6">
         <name>__TI_int25</name>
         <value>0xfff2</value>
         <object_component_ref idref="oc-5b"/>
      </symbol>
      <symbol id="sm-4d9">
         <name>__TI_int27</name>
         <value>0xfff6</value>
         <object_component_ref idref="oc-5d"/>
      </symbol>
      <symbol id="sm-4e1">
         <name>__TI_ISR_TRAP</name>
         <value>0x2254</value>
         <object_component_ref idref="oc-c1"/>
      </symbol>
      <symbol id="sm-4ea">
         <name>__mspabi_slli</name>
         <value>0x1150c</value>
         <object_component_ref idref="oc-338"/>
      </symbol>
      <symbol id="sm-4f8">
         <name>memcpy</name>
         <value>0x114b4</value>
         <object_component_ref idref="oc-a7"/>
      </symbol>
      <symbol id="sm-50f">
         <name>__mspabi_mpyi_hw</name>
         <value>0x11462</value>
         <object_component_ref idref="oc-1ed"/>
      </symbol>
      <symbol id="sm-532">
         <name>_system_pre_init</name>
         <value>0x1152c</value>
         <object_component_ref idref="oc-f1"/>
      </symbol>
      <symbol id="sm-540">
         <name>strlen</name>
         <value>0x114e8</value>
         <object_component_ref idref="oc-314"/>
      </symbol>
      <symbol id="sm-563">
         <name>_auto_init_hold_wdt</name>
         <value>0x10c56</value>
         <object_component_ref idref="oc-f7"/>
      </symbol>
      <symbol id="sm-56a">
         <name>__TI_INITARRAY_Base</name>
         <value>0x0</value>
      </symbol>
      <symbol id="sm-56b">
         <name>__TI_INITARRAY_Limit</name>
         <value>0x0</value>
      </symbol>
   </symbol_table>
   <title>Link successful</title>
</link_info>
