******************************************************************************
                  MSP430 Linker PC v4.4.3                      
******************************************************************************
>> Linked Fri Oct 16 15:16:56 2015

OUTPUT FILE NAME:   <Comunicacion_modulos.out>
ENTRY POINT SYMBOL: "_c_int00_noargs_noexit"  address: 0000223c


MEMORY CONFIGURATION

         name            origin    length      used     unused   attr    fill
----------------------  --------  ---------  --------  --------  ----  --------
  SFR                   00000000   00000010  00000000  00000010  RWIX
  PERIPHERALS_8BIT      00000010   000000f0  00000000  000000f0  RWIX
  PERIPHERALS_16BIT     00000100   00000100  00000000  00000100  RWIX
  INFOB                 00001000   00000080  00000000  00000080  RWIX
  INFOA                 00001080   00000080  00000000  00000080  RWIX
  RAM                   00001100   00001000  00000184  00000e7c  RWIX
  FLASH                 00002100   0000dec0  00000524  0000d99c  RWIX
  INT00                 0000ffc0   00000002  00000000  00000002  RWIX
  INT01                 0000ffc2   00000002  00000000  00000002  RWIX
  INT02                 0000ffc4   00000002  00000000  00000002  RWIX
  INT03                 0000ffc6   00000002  00000000  00000002  RWIX
  INT04                 0000ffc8   00000002  00000000  00000002  RWIX
  INT05                 0000ffca   00000002  00000000  00000002  RWIX
  INT06                 0000ffcc   00000002  00000000  00000002  RWIX
  INT07                 0000ffce   00000002  00000000  00000002  RWIX
  INT08                 0000ffd0   00000002  00000000  00000002  RWIX
  INT09                 0000ffd2   00000002  00000000  00000002  RWIX
  INT10                 0000ffd4   00000002  00000000  00000002  RWIX
  INT11                 0000ffd6   00000002  00000000  00000002  RWIX
  INT12                 0000ffd8   00000002  00000000  00000002  RWIX
  INT13                 0000ffda   00000002  00000000  00000002  RWIX
  INT14                 0000ffdc   00000002  00000002  00000000  RWIX
  INT15                 0000ffde   00000002  00000002  00000000  RWIX
  INT16                 0000ffe0   00000002  00000002  00000000  RWIX
  INT17                 0000ffe2   00000002  00000002  00000000  RWIX
  INT18                 0000ffe4   00000002  00000002  00000000  RWIX
  INT19                 0000ffe6   00000002  00000002  00000000  RWIX
  INT20                 0000ffe8   00000002  00000002  00000000  RWIX
  INT21                 0000ffea   00000002  00000002  00000000  RWIX
  INT22                 0000ffec   00000002  00000002  00000000  RWIX
  INT23                 0000ffee   00000002  00000002  00000000  RWIX
  INT24                 0000fff0   00000002  00000002  00000000  RWIX
  INT25                 0000fff2   00000002  00000002  00000000  RWIX
  INT26                 0000fff4   00000002  00000002  00000000  RWIX
  INT27                 0000fff6   00000002  00000002  00000000  RWIX
  INT28                 0000fff8   00000002  00000002  00000000  RWIX
  INT29                 0000fffa   00000002  00000002  00000000  RWIX
  INT30                 0000fffc   00000002  00000002  00000000  RWIX
  RESET                 0000fffe   00000002  00000002  00000000  RWIX
  FLASH2                00010000   00010000  0000352c  0000cad4  RWIX


SECTION ALLOCATION MAP

 output                                  attributes/
section   page    origin      length       input sections
--------  ----  ----------  ----------   ----------------
.bss       0    00001100    000000f1     UNINITIALIZED
                  00001100    0000002e     (.common:cnf)
                  0000112e    0000002c     (.common:uartUsartRegs)
                  0000115a    00000014     (.common:prtInfList)
                  0000116e    00000014     (.common:uartRxBuf)
                  00001182    00000014     (.common:uartTxBuf)
                  00001196    0000000c     (.common:diferencia)
                  000011a2    0000000a     (.common:rf_rxBuffer)
                  000011ac    00000006     (.common:rf_rxCalibration)
                  000011b2    00000006     (.common:rf_txCalibration)
                  000011b8    00000004     (.common:LedRojo)
                  000011bc    00000004     (.common:LedVerde)
                  000011c0    00000004     (.common:Switch1)
                  000011c4    00000004     (.common:ciclo_correccion)
                  000011c8    00000004     (.common:proxima_correccion)
                  000011cc    00000004     (.common:spiBaseAdd)
                  000011d0    00000004     (.common:time_stamp$2)
                  000011d4    00000004     (.common:timestamp_final)
                  000011d8    00000004     (.common:timestamp_inicial)
                  000011dc    00000004     (.common:timestamprx)
                  000011e0    00000002     (.common:bsp_contMs)
                  000011e2    00000002     (.common:rebasesRX)
                  000011e4    00000002     (.common:tar$1)
                  000011e6    00000002     (.common:tar_inicial)
                  000011e8    00000002     (.common:timestamp_TAR)
                  000011ea    00000001     (.common:bspFlags)
                  000011eb    00000001     (.common:cont_rebase_timer)
                  000011ec    00000001     (.common:i)
                  000011ed    00000001     (.common:rf_rxAddr)
                  000011ee    00000001     (.common:rf_rxLen)
                  000011ef    00000001     (.common:rf_rxLqi)
                  000011f0    00000001     (.common:rf_rxRssi)

.data      0    000011f2    0000001b     UNINITIALIZED
                  000011f2    00000010     main.obj (.data)
                  00001202    0000000a     bsp.obj (.data)
                  0000120c    00000001     bsp.obj (.data:paTable)

.stack     0    00002088    00000078     UNINITIALIZED
                  00002088    00000004     rts430x_lc_rd_eabi.lib : boot.obj (.stack)
                  0000208c    00000074     --HOLE--

.text:_isr 
*          0    00002100    00000170     
                  00002100    00000090     bsp.obj (.text:_isr:Ta1_ISR)
                  00002190    0000005c     bsp.obj (.text:_isr:port2_ISR)
                  000021ec    0000002c     bsp.obj (.text:_isr:Port1_ISR)
                  00002218    00000024     bsp.obj (.text:_isr:Tb1_ISR)
                  0000223c    0000001a     rts430x_lc_rd_eabi.lib : boot_special.obj (.text:_isr:_c_int00_noargs_noexit)
                  00002256    0000000a     bsp.obj (.text:_isr:USCI_A0_RX_ISR)
                  00002260    0000000a     bsp.obj (.text:_isr:USCI_A0_TX_ISR)
                  0000226a    00000006     rts430x_lc_rd_eabi.lib : isr_trap.obj (.text:_isr:__TI_ISR_TRAP)

.const     0    00002270    0000037e     
                  00002270    00000190     hal_pin.obj (.const:pinPort)
                  00002400    00000101     rts430x_lc_rd_eabi.lib : ctype.obj (.const:.string:_ctypes_)
                  00002501    00000001     --HOLE-- [fill = 0]
                  00002502    0000008c     bsp.obj (.const)
                  0000258e    00000026     rts430x_lc_rd_eabi.lib : _printfi_nf.obj (.const:.string)
                  000025b4    00000020                            : xdint.obj (.const:mask$1)
                  000025d4    00000012     main.obj (.const:.string)
                  000025e6    00000008     rts430x_lc_rd_eabi.lib : xdint.obj (.const:sub$2)

.cinit     0    000025ee    00000036     
                  000025ee    00000013     (.cinit..data.load) [load image, compression = rle]
                  00002601    00000001     --HOLE-- [fill = 0]
                  00002602    0000000c     (__TI_handler_table)
                  0000260e    00000006     (.cinit..bss.load) [load image, compression = zero_init]
                  00002614    00000010     (__TI_cinit_table)

.init_array 
*          0    00002100    00000000     UNINITIALIZED

.TI.persistent 
*          0    000011f2    00000000     UNINITIALIZED

DAC12      0    0000ffdc    00000002     
                  0000ffdc    00000002     rts430x_lc_rd_eabi.lib : int14.obj (.int14)

DMA        0    0000ffde    00000002     
                  0000ffde    00000002     rts430x_lc_rd_eabi.lib : int15.obj (.int15)

BASICTIMER 
*          0    0000ffe0    00000002     
                  0000ffe0    00000002     rts430x_lc_rd_eabi.lib : int16.obj (.int16)

PORT2      0    0000ffe2    00000002     
                  0000ffe2    00000002     bsp.obj (.int17)

USART1TX   0    0000ffe4    00000002     
                  0000ffe4    00000002     rts430x_lc_rd_eabi.lib : int18.obj (.int18)

USART1RX   0    0000ffe6    00000002     
                  0000ffe6    00000002     rts430x_lc_rd_eabi.lib : int19.obj (.int19)

PORT1      0    0000ffe8    00000002     
                  0000ffe8    00000002     bsp.obj (.int20)

TIMERA1    0    0000ffea    00000002     
                  0000ffea    00000002     bsp.obj (.int21)

TIMERA0    0    0000ffec    00000002     
                  0000ffec    00000002     rts430x_lc_rd_eabi.lib : int22.obj (.int22)

ADC12      0    0000ffee    00000002     
                  0000ffee    00000002     rts430x_lc_rd_eabi.lib : int23.obj (.int23)

USCIAB0TX 
*          0    0000fff0    00000002     
                  0000fff0    00000002     bsp.obj (.int24)

USCIAB0RX 
*          0    0000fff2    00000002     
                  0000fff2    00000002     bsp.obj (.int25)

WDT        0    0000fff4    00000002     
                  0000fff4    00000002     rts430x_lc_rd_eabi.lib : int26.obj (.int26)

COMPARATORA 
*          0    0000fff6    00000002     
                  0000fff6    00000002     rts430x_lc_rd_eabi.lib : int27.obj (.int27)

TIMERB1    0    0000fff8    00000002     
                  0000fff8    00000002     bsp.obj (.int28)

TIMERB0    0    0000fffa    00000002     
                  0000fffa    00000002     rts430x_lc_rd_eabi.lib : int29.obj (.int29)

NMI        0    0000fffc    00000002     
                  0000fffc    00000002     rts430x_lc_rd_eabi.lib : int30.obj (.int30)

.reset     0    0000fffe    00000002     
                  0000fffe    00000002     rts430x_lc_rd_eabi.lib : boot.obj (.reset)

.text      0    00010000    0000352c     
                  00010000    0000039a     rts430x_lc_rd_eabi.lib : div64u.obj (.text:__mspabi_divull)
                  0001039a    0000030a     hal_pin.obj (.text:hal_pin_config)
                  000106a4    000002d8     rts430x_lc_rd_eabi.lib : addd.obj (.text:__mspabi_addd)
                  0001097c    000002bc     uart.obj (.text:configUSCIUart)
                  00010c38    00000252     rts430x_lc_rd_eabi.lib : frcaddd.obj (.text:__TI_frcaddd)
                  00010e8a    00000214                            : _printfi_nf.obj (.text:_setfield)
                  0001109e    000001f4                            : _printfi_nf.obj (.text:__TI_printfi_nofloat)
                  00011292    000001cc     main.obj (.text:main)
                  0001145e    0000019c     hal_cc2500.obj (.text:hal_cc2500_WriteRFSettings)
                  000115fa    00000188     rts430x_lc_rd_eabi.lib : _printfi_nf.obj (.text:_getarg_diouxp)
                  00011782    0000017c     bsp.obj (.text:bsp_Init)
                  000118fe    00000148     rts430x_lc_rd_eabi.lib : _printfi_nf.obj (.text:_pproc_diouxp)
                  00011a46    00000130     hal_cc2500.obj (.text:hal_cc2500_receivePacket)
                  00011b76    00000130     rts430x_lc_rd_eabi.lib : fs_add.obj (.text)
                  00011ca6    000000fa                            : _printfi_nf.obj (.text:_pproc_fwp)
                  00011da0    000000de     main.obj (.text:Calibration)
                  00011e7e    000000d8     rts430x_lc_rd_eabi.lib : cmpd.obj (.text:__mspabi_cmpd)
                  00011f56    000000d6     hal_cc2500.obj (.text:hal_cc2500_sendPacket)
                  0001202c    000000cc     rts430x_lc_rd_eabi.lib : xdint.obj (.text:_Dint)
                  000120f8    000000c4                            : round.obj (.text:round)
                  000121bc    000000bc     uart.obj (.text:uartSendDataBlocking)
                  00012278    000000b6     rts430x_lc_rd_eabi.lib : fs_mpy.obj (.text)
                  0001232e    000000b2                            : renormd.obj (.text:__TI_renormd)
                  000123e0    000000a8                            : _printfi_nf.obj (.text:_pproc_str)
                  00012488    0000009e                            : _printfi_nf.obj (.text:_ltostr)
                  00012526    0000008e                            : fs_div.obj (.text)
                  000125b4    00000088                            : _printfi_nf.obj (.text:_div)
                  0001263c    00000078     uart.obj (.text:enableUartRx)
                  000126b4    00000070     hal_cc2500.obj (.text:hal_cc2500_writeBurstReg)
                  00012724    0000006c     rts430x_lc_rd_eabi.lib : autoinit_wdt.obj (.text:_auto_init_hold_wdt)
                  00012790    00000068                            : copy_decompress_rle.obj (.text:__TI_decompress_rle_core)
                  000127f8    00000064                            : cvtfd.obj (.text:__mspabi_cvtfd)
                  0001285c    00000062                            : atoi.obj (.text:atoi)
                  000128be    0000005e     hal_cc2500.obj (.text:hal_cc2500_readBurstReg)
                  0001291c    0000005e     uart.obj (.text:uart_USCI_A0_TX_ISR)
                  0001297a    0000005c     hal_pin.obj (.text:hal_pin_out)
                  000129d6    00000058     rts430x_lc_rd_eabi.lib : div32u.obj (.text)
                  00012a2e    00000056     uart.obj (.text:setUartRxBuffer)
                  00012a84    00000056     uart.obj (.text:setUartTxBuffer)
                  00012ada    00000052     hal_cc2500.obj (.text:hal_cc2500_powerupReset)
                  00012b2c    00000052     uart.obj (.text:initUartPort)
                  00012b7e    0000004a     bsp.obj (.text:RF_getRxPacket)
                  00012bc8    00000046     rts430x_lc_rd_eabi.lib : _printfi_nf.obj (.text:_pproc_fflags)
                  00012c0e    00000046     uart.obj (.text:initBufferDefaults)
                  00012c54    00000046     rts430x_lc_rd_eabi.lib : fs_tou.obj (.text)
                  00012c9a    00000044     main.obj (.text:app_TimerISR_1s)
                  00012cde    00000044     hal_cc2500.obj (.text:hal_cc2500_writeReg)
                  00012d22    00000044     rts430x_lc_rd_eabi.lib : sprintf.obj (.text:sprintf)
                  00012d66    00000042     hal_usci_spi.obj (.text:spi1_setup)
                  00012da8    0000003e     rts430x_lc_rd_eabi.lib : asr32.obj (.text:l_asr_const)
                  00012de6    0000003e                            : lsr32.obj (.text:l_lsr_const)
                  00012e24    0000003e     hal_usci_spi.obj (.text:spi1_wr)
                  00012e62    0000003a     rts430x_lc_rd_eabi.lib : lsl64.obj (.text:__mspabi_sllll)
                  00012e9c    0000003a                            : lsr64.obj (.text:__mspabi_srlll)
                  00012ed6    0000003a     hal_cc2500.obj (.text:hal_cc2500_readReg)
                  00012f10    0000003a     hal_cc2500.obj (.text:hal_cc2500_readStatus)
                  00012f4a    00000038     uart.obj (.text:uart_USCI_A0_RX_ISR)
                  00012f82    00000036     hal_pin.obj (.text:hal_pin_toggle)
                  00012fb8    00000036     rts430x_lc_rd_eabi.lib : fs_itof.obj (.text)
                  00012fee    00000032                            : subd.obj (.text:__mspabi_subd)
                  00013020    00000032     hal_cc2500.obj (.text:hal_cc2500_status)
                  00013052    00000032     hal_pin.obj (.text:hal_pin_init)
                  00013084    00000032     rts430x_lc_rd_eabi.lib : fs_ultof.obj (.text)
                  000130b6    00000032     hal_usci_spi.obj (.text:spi1_rxFinish)
                  000130e8    00000030     bsp.obj (.text:TimeStamp)
                  00013118    00000030     hal_cc2500.obj (.text:hal_cc2500_strobe)
                  00013148    00000030     hal_cc2500.obj (.text:hal_cc2500_wakeup)
                  00013178    00000030     hal_pin.obj (.text:hal_pin_in)
                  000131a8    00000030     hal_pin.obj (.text:hal_pin_intGetFlag)
                  000131d8    0000002e     uart.obj (.text:uartSendStringBlocking)
                  00013206    0000002c     hal_pin.obj (.text:hal_pin_intClearFlag)
                  00013232    0000002c     uart.obj (.text:initUartDriver)
                  0001325e    0000002a     hal_usci_spi.obj (.text:spi1_txBufReady)
                  00013288    00000028     hal_pin.obj (.text:hal_pin_intDisable)
                  000132b0    00000028     hal_pin.obj (.text:hal_pin_intEnable)
                  000132d8    00000024     rts430x_lc_rd_eabi.lib : copy_zero_init.obj (.text:decompress:ZI:__TI_zero_init)
                  000132fc    00000020                            : sprintf.obj (.text:_outs)
                  0001331c    0000001e                            : memccpy.obj (.text:memccpy)
                  0001333a    0000001e     hal_usci_spi.obj (.text:spi1_write)
                  00013358    0000001a     bsp.obj (.text:RF_SendPacket)
                  00013372    0000001a     bsp.obj (.text:bsp_msDelay)
                  0001338c    0000001a     bsp.obj (.text:escribir_TimeStamp)
                  000133a6    0000001a     bsp.obj (.text:serie_SendString)
                  000133c0    0000001a     bsp.obj (.text:sw_state)
                  000133da    00000016     rts430x_lc_rd_eabi.lib : memset.obj (.text:memset)
                  000133f0    00000016                            : div16u.obj (.text)
                  00013406    00000016                            : mult16_hw.obj (.text)
                  0001341c    00000014                            : sprintf.obj (.text:_outc)
                  00013430    00000014     main.obj (.text:app_TimerISR_1ms)
                  00013444    00000014     bsp.obj (.text:led_Off)
                  00013458    00000014     rts430x_lc_rd_eabi.lib : memcpy.obj (.text:memcpy)
                  0001346c    00000012                            : copy_decompress_none.obj (.text:decompress:none:__TI_decompress_none)
                  0001347e    00000012     bsp.obj (.text:led_Toggle)
                  00013490    00000010     rts430x_lc_rd_eabi.lib : asr32.obj (.text:l_asr)
                  000134a0    00000010                            : lsl32.obj (.text:l_lsl)
                  000134b0    00000010                            : lsr32.obj (.text:l_lsr)
                  000134c0    0000000e     bsp.obj (.text:RF_rxDataReady)
                  000134ce    0000000e     rts430x_lc_rd_eabi.lib : strlen.obj (.text:strlen)
                  000134dc    0000000c     hal_usci_spi.obj (.text:spi1_busy)
                  000134e8    0000000a     bsp.obj (.text:RF_PwrUpRx)
                  000134f2    0000000a     rts430x_lc_rd_eabi.lib : lsl16.obj (.text)
                  000134fc    0000000a     hal_usci_spi.obj (.text:spi1_start)
                  00013506    00000008     bsp.obj (.text:Timer_Desabilitar)
                  0001350e    00000008     bsp.obj (.text:Timer_Habilitar)
                  00013516    00000006     rts430x_lc_rd_eabi.lib : copy_decompress_rle.obj (.text:decompress:rle24:__TI_decompress_rle24)
                  0001351c    00000006     bsp.obj (.text:get_tar)
                  00013522    00000004     rts430x_lc_rd_eabi.lib : pre_init.obj (.text:_system_pre_init)
                  00013526    00000004                            : exit.obj (.text:abort)
                  0001352a    00000002     main.obj (.text:app_RxPacketISR)


LINKER GENERATED COPY TABLES

__TI_cinit_table @ 00002614 records: 2, size/record: 8, table size: 16
	.data: load addr=000025ee, load size=00000013 bytes, run addr=000011f2, run size=0000001b bytes, compression=rle
	.bss: load addr=0000260e, load size=00000006 bytes, run addr=00001100, run size=000000f1 bytes, compression=zero_init


LINKER GENERATED HANDLER TABLE

__TI_handler_table @ 00002602 records: 3, size/record: 4, table size: 12
	index: 0, handler: __TI_zero_init
	index: 1, handler: __TI_decompress_rle24
	index: 2, handler: __TI_decompress_none


GLOBAL SYMBOLS: SORTED ALPHABETICALLY BY Name 

address   name                       
-------   ----                       
000001a0  ADC12CTL0                  
000001a2  ADC12CTL1                  
000001a6  ADC12IE                    
000001a4  ADC12IFG                   
000001a8  ADC12IV                    
00000080  ADC12MCTL0                 
00000081  ADC12MCTL1                 
0000008a  ADC12MCTL10                
0000008b  ADC12MCTL11                
0000008c  ADC12MCTL12                
0000008d  ADC12MCTL13                
0000008e  ADC12MCTL14                
0000008f  ADC12MCTL15                
00000082  ADC12MCTL2                 
00000083  ADC12MCTL3                 
00000084  ADC12MCTL4                 
00000085  ADC12MCTL5                 
00000086  ADC12MCTL6                 
00000087  ADC12MCTL7                 
00000088  ADC12MCTL8                 
00000089  ADC12MCTL9                 
00000140  ADC12MEM0                  
00000142  ADC12MEM1                  
00000154  ADC12MEM10                 
00000156  ADC12MEM11                 
00000158  ADC12MEM12                 
0000015a  ADC12MEM13                 
0000015c  ADC12MEM14                 
0000015e  ADC12MEM15                 
00000144  ADC12MEM2                  
00000146  ADC12MEM3                  
00000148  ADC12MEM4                  
0000014a  ADC12MEM5                  
0000014c  ADC12MEM6                  
0000014e  ADC12MEM7                  
00000150  ADC12MEM8                  
00000152  ADC12MEM9                  
00000046  BTCNT1                     
00000046  BTCNT12                    
00000047  BTCNT2                     
00000040  BTCTL                      
00013526  C$$EXIT                    
00000059  CACTL1                     
0000005a  CACTL2                     
0000005b  CAPD                       
00011da0  Calibration                
000001c0  DAC12_0CTL                 
000001c8  DAC12_0DAT                 
000001c2  DAC12_1CTL                 
000001ca  DAC12_1DAT                 
000001d0  DMA0CTL                    
000001d6  DMA0DA                     
000001d6  DMA0DAL                    
000001d2  DMA0SA                     
000001d2  DMA0SAL                    
000001da  DMA0SZ                     
000001dc  DMA1CTL                    
000001e2  DMA1DA                     
000001e2  DMA1DAL                    
000001de  DMA1SA                     
000001de  DMA1SAL                    
000001e6  DMA1SZ                     
000001e8  DMA2CTL                    
000001ee  DMA2DA                     
000001ee  DMA2DAL                    
000001ea  DMA2SA                     
000001ea  DMA2SAL                    
000001f2  DMA2SZ                     
00000122  DMACTL0                    
00000124  DMACTL1                    
00000126  DMAIV                      
000011f8  EstadoCalibration          
00000128  FCTL1                      
0000012a  FCTL2                      
0000012c  FCTL3                      
00000053  FLL_CTL0                   
00000054  FLL_CTL1                   
00000000  IE1                        
00000001  IE2                        
00000002  IFG1                       
00000003  IFG2                       
00000090  LCDACTL                    
000000ac  LCDAPCTL0                  
000000ad  LCDAPCTL1                  
000000ae  LCDAVCTL0                  
000000af  LCDAVCTL1                  
00000091  LCDM1                      
0000009a  LCDM10                     
0000009b  LCDM11                     
0000009c  LCDM12                     
0000009d  LCDM13                     
0000009e  LCDM14                     
0000009f  LCDM15                     
000000a0  LCDM16                     
000000a1  LCDM17                     
000000a2  LCDM18                     
000000a3  LCDM19                     
00000092  LCDM2                      
000000a4  LCDM20                     
00000093  LCDM3                      
00000094  LCDM4                      
00000095  LCDM5                      
00000096  LCDM6                      
00000097  LCDM7                      
00000098  LCDM8                      
00000099  LCDM9                      
000011b8  LedRojo                    
000011bc  LedVerde                   
00000134  MAC                        
00000136  MACS                       
00000005  ME2                        
00000130  MPY                        
00000132  MPYS                       
000000c0  OA0CTL0                    
000000c1  OA0CTL1                    
000000c2  OA1CTL0                    
000000c3  OA1CTL1                    
000000c4  OA2CTL0                    
000000c5  OA2CTL1                    
00000138  OP2                        
0000000d  P10DIR                     
00000009  P10IN                      
0000000b  P10OUT                     
0000000f  P10SEL                     
00000022  P1DIR                      
00000025  P1IE                       
00000024  P1IES                      
00000023  P1IFG                      
00000020  P1IN                       
00000021  P1OUT                      
00000026  P1SEL                      
0000002a  P2DIR                      
0000002d  P2IE                       
0000002c  P2IES                      
0000002b  P2IFG                      
00000028  P2IN                       
00000029  P2OUT                      
0000002e  P2SEL                      
0000001a  P3DIR                      
00000018  P3IN                       
00000019  P3OUT                      
0000001b  P3SEL                      
0000001e  P4DIR                      
0000001c  P4IN                       
0000001d  P4OUT                      
0000001f  P4SEL                      
00000032  P5DIR                      
00000030  P5IN                       
00000031  P5OUT                      
00000033  P5SEL                      
00000036  P6DIR                      
00000034  P6IN                       
00000035  P6OUT                      
00000037  P6SEL                      
0000003c  P7DIR                      
00000038  P7IN                       
0000003a  P7OUT                      
0000003e  P7SEL                      
0000003d  P8DIR                      
00000039  P8IN                       
0000003b  P8OUT                      
0000003f  P8SEL                      
0000000c  P9DIR                      
00000008  P9IN                       
0000000a  P9OUT                      
0000000e  P9SEL                      
0000003c  PADIR                      
00000038  PAIN                       
0000003a  PAOUT                      
0000003e  PASEL                      
0000000c  PBDIR                      
00000008  PBIN                       
0000000a  PBOUT                      
0000000e  PBSEL                      
000021ec  Port1_ISR                  
0000013c  RESHI                      
0000013a  RESLO                      
000134e8  RF_PwrUpRx                 
00013358  RF_SendPacket              
00012b7e  RF_getRxPacket             
000134c0  RF_rxDataReady             
00000041  RTCCTL                     
0000004c  RTCDATE                    
0000004c  RTCDAY                     
0000004d  RTCMON                     
00000042  RTCNT1                     
00000043  RTCNT2                     
00000044  RTCNT3                     
00000045  RTCNT4                     
00000042  RTCTIM0                    
00000044  RTCTIM1                    
00000040  RTCTL                      
0000004e  RTCYEAR                    
0000004f  RTCYEARH                   
0000004e  RTCYEARL                   
00000050  SCFI0                      
00000051  SCFI1                      
00000052  SCFQCTL                    
0000013e  SUMEXT                     
00000056  SVSCTL                     
000011c0  Switch1                    
00000172  TACCR0                     
00000174  TACCR1                     
00000176  TACCR2                     
00000162  TACCTL0                    
00000164  TACCTL1                    
00000166  TACCTL2                    
00000160  TACTL                      
0000012e  TAIV                       
00000170  TAR                        
00000192  TBCCR0                     
00000194  TBCCR1                     
00000196  TBCCR2                     
00000198  TBCCR3                     
0000019a  TBCCR4                     
0000019c  TBCCR5                     
0000019e  TBCCR6                     
00000182  TBCCTL0                    
00000184  TBCCTL1                    
00000186  TBCCTL2                    
00000188  TBCCTL3                    
0000018a  TBCCTL4                    
0000018c  TBCCTL5                    
0000018e  TBCCTL6                    
00000180  TBCTL                      
0000011e  TBIV                       
00000190  TBR                        
00002100  Ta1_ISR                    
00002218  Tb1_ISR                    
000130e8  TimeStamp                  
00013506  Timer_Desabilitar          
0001350e  Timer_Habilitar            
0000007c  U1BR0                      
0000007d  U1BR1                      
00000078  U1CTL                      
0000007b  U1MCTL                     
0000007a  U1RCTL                     
0000007e  U1RXBUF                    
00000079  U1TCTL                     
0000007f  U1TXBUF                    
0000005d  UCA0ABCTL                  
00000062  UCA0BR0                    
00000063  UCA0BR1                    
00000060  UCA0CTL0                   
00000061  UCA0CTL1                   
0000005f  UCA0IRRCTL                 
0000005e  UCA0IRTCTL                 
00000064  UCA0MCTL                   
00000066  UCA0RXBUF                  
00000065  UCA0STAT                   
00000067  UCA0TXBUF                  
0000006a  UCB0BR0                    
0000006b  UCB0BR1                    
00000068  UCB0CTL0                   
00000069  UCB0CTL1                   
0000006c  UCB0I2CIE                  
00000118  UCB0I2COA                  
0000011a  UCB0I2CSA                  
0000006e  UCB0RXBUF                  
0000006d  UCB0STAT                   
0000006f  UCB0TXBUF                  
00002256  USCI_A0_RX_ISR             
00002260  USCI_A0_TX_ISR             
00000120  WDTCTL                     
0001202c  _Dint                      
00002100  __STACK_END                
00000078  __STACK_SIZE               
00002614  __TI_CINIT_Base            
00002624  __TI_CINIT_Limit           
00002602  __TI_Handler_Table_Base    
0000260e  __TI_Handler_Table_Limit   
UNDEFED   __TI_INITARRAY_Base        
UNDEFED   __TI_INITARRAY_Limit       
0000226a  __TI_ISR_TRAP              
0001346c  __TI_decompress_none       
00013516  __TI_decompress_rle24      
00010c38  __TI_frcaddd               
0000ffdc  __TI_int14                 
0000ffde  __TI_int15                 
0000ffe0  __TI_int16                 
0000ffe2  __TI_int17                 
0000ffe4  __TI_int18                 
0000ffe6  __TI_int19                 
0000ffe8  __TI_int20                 
0000ffea  __TI_int21                 
0000ffec  __TI_int22                 
0000ffee  __TI_int23                 
0000fff0  __TI_int24                 
0000fff2  __TI_int25                 
0000fff4  __TI_int26                 
0000fff6  __TI_int27                 
0000fff8  __TI_int28                 
0000fffa  __TI_int29                 
0000fffc  __TI_int30                 
0001109e  __TI_printfi_nofloat       
0001232e  __TI_renormd               
000132d8  __TI_zero_init             
ffffffff  __binit__                  
ffffffff  __c_args__                 
000106a4  __mspabi_addd              
00011b7c  __mspabi_addf              
00011e7e  __mspabi_cmpd              
000127f8  __mspabi_cvtfd             
00012526  __mspabi_divf              
000133f0  __mspabi_divu              
000129d6  __mspabi_divul             
00010000  __mspabi_divull            
00012c54  __mspabi_fixfu             
00012fb8  __mspabi_fltif             
00013084  __mspabi_fltulf            
00012278  __mspabi_mpyf              
00013406  __mspabi_mpyi_hw           
000133f0  __mspabi_remu              
000129d6  __mspabi_remul             
000134f2  __mspabi_slli              
000134a0  __mspabi_slll              
00012e62  __mspabi_sllll             
00013490  __mspabi_sral              
00012de0  __mspabi_sral_1            
00012dbc  __mspabi_sral_10           
00012db8  __mspabi_sral_11           
00012db4  __mspabi_sral_12           
00012db0  __mspabi_sral_13           
00012dac  __mspabi_sral_14           
00012da8  __mspabi_sral_15           
00012ddc  __mspabi_sral_2            
00012dd8  __mspabi_sral_3            
00012dd4  __mspabi_sral_4            
00012dd0  __mspabi_sral_5            
00012dcc  __mspabi_sral_6            
00012dc8  __mspabi_sral_7            
00012dc4  __mspabi_sral_8            
00012dc0  __mspabi_sral_9            
000134b0  __mspabi_srll              
00012e1e  __mspabi_srll_1            
00012dfa  __mspabi_srll_10           
00012df6  __mspabi_srll_11           
00012df2  __mspabi_srll_12           
00012dee  __mspabi_srll_13           
00012dea  __mspabi_srll_14           
00012de6  __mspabi_srll_15           
00012e1a  __mspabi_srll_2            
00012e16  __mspabi_srll_3            
00012e12  __mspabi_srll_4            
00012e0e  __mspabi_srll_5            
00012e0a  __mspabi_srll_6            
00012e06  __mspabi_srll_7            
00012e02  __mspabi_srll_8            
00012dfe  __mspabi_srll_9            
00012e9c  __mspabi_srlll             
00012fee  __mspabi_subd              
00011b76  __mspabi_subf              
00012724  _auto_init_hold_wdt        
0000223c  _c_int00_noargs_noexit     
00002400  _ctypes_                   
0000fffe  _reset_vector              
00002088  _stack                     
00013522  _system_pre_init           
00013526  abort                      
0001352a  app_RxPacketISR            
00013430  app_TimerISR_1ms           
00012c9a  app_TimerISR_1s            
0001285c  atoi                       
ffffffff  binit                      
000011ea  bspFlags                   
00011782  bsp_Init                   
000011e0  bsp_contMs                 
00001204  bsp_contTAR                
00013372  bsp_msDelay                
00002534  cc_LNAEN                   
0000252a  cc_PAEN                    
0000253e  cc_gdo0                    
00002548  cc_gdo2                    
00002570  cc_spiCLK                  
0000255c  cc_spiSIMO                 
00002566  cc_spiSOMI                 
00002552  cc_spinCS                  
000011c4  ciclo_correccion           
00001100  cnf                        
0001097c  configUSCIUart             
000011eb  cont_rebase_timer          
000011fa  correccion                 
00001196  diferencia                 
0001263c  enableUartRx               
0001338c  escribir_TimeStamp         
000011f5  estado                     
000011f7  flagCalibration            
000011fc  flag_calibracion_automatica
00001203  flag_wakeup                
000011f4  flagdespertar              
0001351c  get_tar                    
0001145e  hal_cc2500_WriteRFSettings 
00012ada  hal_cc2500_powerupReset    
000128be  hal_cc2500_readBurstReg    
00012ed6  hal_cc2500_readReg         
00012f10  hal_cc2500_readStatus      
00011a46  hal_cc2500_receivePacket   
00011f56  hal_cc2500_sendPacket      
00013020  hal_cc2500_status          
00013118  hal_cc2500_strobe          
00013148  hal_cc2500_wakeup          
000126b4  hal_cc2500_writeBurstReg   
00012cde  hal_cc2500_writeReg        
0001039a  hal_pin_config             
00013178  hal_pin_in                 
00013052  hal_pin_init               
00013206  hal_pin_intClearFlag       
00013288  hal_pin_intDisable         
000132b0  hal_pin_intEnable          
000131a8  hal_pin_intGetFlag         
0001297a  hal_pin_out                
00012f82  hal_pin_toggle             
000011ec  i                          
00012c0e  initBufferDefaults         
00013232  initUartDriver             
00012b2c  initUartPort               
00013444  led_Off                    
0001347e  led_Toggle                 
00011292  main                       
0001331c  memccpy                    
00013458  memcpy                     
000133da  memset                     
000011f6  net_myAddr                 
0000120c  paTable                    
00001202  paTableLen                 
0000250c  pinLedRojo                 
00002502  pinLedVerde                
00002270  pinPort                    
00002516  pinSW1                     
00002520  pinSW2                     
00002190  port2_ISR                  
000011c8  proxima_correccion         
0000115a  prtInfList                 
000011e2  rebasesRX                  
000011ed  rf_rxAddr                  
000011a2  rf_rxBuffer                
000011ac  rf_rxCalibration           
000011ee  rf_rxLen                   
000011ef  rf_rxLqi                   
000011f0  rf_rxRssi                  
000011b2  rf_txCalibration           
000120f8  round                      
000133a6  serie_SendString           
00012a2e  setUartRxBuffer            
00012a84  setUartTxBuffer            
000134dc  spi1_busy                  
000130b6  spi1_rxFinish              
00012d66  spi1_setup                 
000134fc  spi1_start                 
0001325e  spi1_txBufReady            
00012e24  spi1_wr                    
0001333a  spi1_write                 
000011cc  spiBaseAdd                 
00012d22  sprintf                    
000134ce  strlen                     
000133c0  sw_state                   
000011e6  tar_inicial                
000011f2  tar_segundo                
000011f9  tiem_envio                 
000011e8  timestamp_TAR              
000011d4  timestamp_final            
000011d8  timestamp_inicial          
000011dc  timestamprx                
0000116e  uartRxBuf                  
000121bc  uartSendDataBlocking       
000131d8  uartSendStringBlocking     
00001182  uartTxBuf                  
0000112e  uartUsartRegs              
00002584  uart_RX                    
0000257a  uart_TX                    
00012f4a  uart_USCI_A0_RX_ISR        
0001291c  uart_USCI_A0_TX_ISR        


GLOBAL SYMBOLS: SORTED BY Symbol Address 

address   name                       
-------   ----                       
00000000  IE1                        
00000001  IE2                        
00000002  IFG1                       
00000003  IFG2                       
00000005  ME2                        
00000008  P9IN                       
00000008  PBIN                       
00000009  P10IN                      
0000000a  P9OUT                      
0000000a  PBOUT                      
0000000b  P10OUT                     
0000000c  P9DIR                      
0000000c  PBDIR                      
0000000d  P10DIR                     
0000000e  P9SEL                      
0000000e  PBSEL                      
0000000f  P10SEL                     
00000018  P3IN                       
00000019  P3OUT                      
0000001a  P3DIR                      
0000001b  P3SEL                      
0000001c  P4IN                       
0000001d  P4OUT                      
0000001e  P4DIR                      
0000001f  P4SEL                      
00000020  P1IN                       
00000021  P1OUT                      
00000022  P1DIR                      
00000023  P1IFG                      
00000024  P1IES                      
00000025  P1IE                       
00000026  P1SEL                      
00000028  P2IN                       
00000029  P2OUT                      
0000002a  P2DIR                      
0000002b  P2IFG                      
0000002c  P2IES                      
0000002d  P2IE                       
0000002e  P2SEL                      
00000030  P5IN                       
00000031  P5OUT                      
00000032  P5DIR                      
00000033  P5SEL                      
00000034  P6IN                       
00000035  P6OUT                      
00000036  P6DIR                      
00000037  P6SEL                      
00000038  P7IN                       
00000038  PAIN                       
00000039  P8IN                       
0000003a  P7OUT                      
0000003a  PAOUT                      
0000003b  P8OUT                      
0000003c  P7DIR                      
0000003c  PADIR                      
0000003d  P8DIR                      
0000003e  P7SEL                      
0000003e  PASEL                      
0000003f  P8SEL                      
00000040  BTCTL                      
00000040  RTCTL                      
00000041  RTCCTL                     
00000042  RTCNT1                     
00000042  RTCTIM0                    
00000043  RTCNT2                     
00000044  RTCNT3                     
00000044  RTCTIM1                    
00000045  RTCNT4                     
00000046  BTCNT1                     
00000046  BTCNT12                    
00000047  BTCNT2                     
0000004c  RTCDATE                    
0000004c  RTCDAY                     
0000004d  RTCMON                     
0000004e  RTCYEAR                    
0000004e  RTCYEARL                   
0000004f  RTCYEARH                   
00000050  SCFI0                      
00000051  SCFI1                      
00000052  SCFQCTL                    
00000053  FLL_CTL0                   
00000054  FLL_CTL1                   
00000056  SVSCTL                     
00000059  CACTL1                     
0000005a  CACTL2                     
0000005b  CAPD                       
0000005d  UCA0ABCTL                  
0000005e  UCA0IRTCTL                 
0000005f  UCA0IRRCTL                 
00000060  UCA0CTL0                   
00000061  UCA0CTL1                   
00000062  UCA0BR0                    
00000063  UCA0BR1                    
00000064  UCA0MCTL                   
00000065  UCA0STAT                   
00000066  UCA0RXBUF                  
00000067  UCA0TXBUF                  
00000068  UCB0CTL0                   
00000069  UCB0CTL1                   
0000006a  UCB0BR0                    
0000006b  UCB0BR1                    
0000006c  UCB0I2CIE                  
0000006d  UCB0STAT                   
0000006e  UCB0RXBUF                  
0000006f  UCB0TXBUF                  
00000078  U1CTL                      
00000078  __STACK_SIZE               
00000079  U1TCTL                     
0000007a  U1RCTL                     
0000007b  U1MCTL                     
0000007c  U1BR0                      
0000007d  U1BR1                      
0000007e  U1RXBUF                    
0000007f  U1TXBUF                    
00000080  ADC12MCTL0                 
00000081  ADC12MCTL1                 
00000082  ADC12MCTL2                 
00000083  ADC12MCTL3                 
00000084  ADC12MCTL4                 
00000085  ADC12MCTL5                 
00000086  ADC12MCTL6                 
00000087  ADC12MCTL7                 
00000088  ADC12MCTL8                 
00000089  ADC12MCTL9                 
0000008a  ADC12MCTL10                
0000008b  ADC12MCTL11                
0000008c  ADC12MCTL12                
0000008d  ADC12MCTL13                
0000008e  ADC12MCTL14                
0000008f  ADC12MCTL15                
00000090  LCDACTL                    
00000091  LCDM1                      
00000092  LCDM2                      
00000093  LCDM3                      
00000094  LCDM4                      
00000095  LCDM5                      
00000096  LCDM6                      
00000097  LCDM7                      
00000098  LCDM8                      
00000099  LCDM9                      
0000009a  LCDM10                     
0000009b  LCDM11                     
0000009c  LCDM12                     
0000009d  LCDM13                     
0000009e  LCDM14                     
0000009f  LCDM15                     
000000a0  LCDM16                     
000000a1  LCDM17                     
000000a2  LCDM18                     
000000a3  LCDM19                     
000000a4  LCDM20                     
000000ac  LCDAPCTL0                  
000000ad  LCDAPCTL1                  
000000ae  LCDAVCTL0                  
000000af  LCDAVCTL1                  
000000c0  OA0CTL0                    
000000c1  OA0CTL1                    
000000c2  OA1CTL0                    
000000c3  OA1CTL1                    
000000c4  OA2CTL0                    
000000c5  OA2CTL1                    
00000118  UCB0I2COA                  
0000011a  UCB0I2CSA                  
0000011e  TBIV                       
00000120  WDTCTL                     
00000122  DMACTL0                    
00000124  DMACTL1                    
00000126  DMAIV                      
00000128  FCTL1                      
0000012a  FCTL2                      
0000012c  FCTL3                      
0000012e  TAIV                       
00000130  MPY                        
00000132  MPYS                       
00000134  MAC                        
00000136  MACS                       
00000138  OP2                        
0000013a  RESLO                      
0000013c  RESHI                      
0000013e  SUMEXT                     
00000140  ADC12MEM0                  
00000142  ADC12MEM1                  
00000144  ADC12MEM2                  
00000146  ADC12MEM3                  
00000148  ADC12MEM4                  
0000014a  ADC12MEM5                  
0000014c  ADC12MEM6                  
0000014e  ADC12MEM7                  
00000150  ADC12MEM8                  
00000152  ADC12MEM9                  
00000154  ADC12MEM10                 
00000156  ADC12MEM11                 
00000158  ADC12MEM12                 
0000015a  ADC12MEM13                 
0000015c  ADC12MEM14                 
0000015e  ADC12MEM15                 
00000160  TACTL                      
00000162  TACCTL0                    
00000164  TACCTL1                    
00000166  TACCTL2                    
00000170  TAR                        
00000172  TACCR0                     
00000174  TACCR1                     
00000176  TACCR2                     
00000180  TBCTL                      
00000182  TBCCTL0                    
00000184  TBCCTL1                    
00000186  TBCCTL2                    
00000188  TBCCTL3                    
0000018a  TBCCTL4                    
0000018c  TBCCTL5                    
0000018e  TBCCTL6                    
00000190  TBR                        
00000192  TBCCR0                     
00000194  TBCCR1                     
00000196  TBCCR2                     
00000198  TBCCR3                     
0000019a  TBCCR4                     
0000019c  TBCCR5                     
0000019e  TBCCR6                     
000001a0  ADC12CTL0                  
000001a2  ADC12CTL1                  
000001a4  ADC12IFG                   
000001a6  ADC12IE                    
000001a8  ADC12IV                    
000001c0  DAC12_0CTL                 
000001c2  DAC12_1CTL                 
000001c8  DAC12_0DAT                 
000001ca  DAC12_1DAT                 
000001d0  DMA0CTL                    
000001d2  DMA0SA                     
000001d2  DMA0SAL                    
000001d6  DMA0DA                     
000001d6  DMA0DAL                    
000001da  DMA0SZ                     
000001dc  DMA1CTL                    
000001de  DMA1SA                     
000001de  DMA1SAL                    
000001e2  DMA1DA                     
000001e2  DMA1DAL                    
000001e6  DMA1SZ                     
000001e8  DMA2CTL                    
000001ea  DMA2SA                     
000001ea  DMA2SAL                    
000001ee  DMA2DA                     
000001ee  DMA2DAL                    
000001f2  DMA2SZ                     
00001100  cnf                        
0000112e  uartUsartRegs              
0000115a  prtInfList                 
0000116e  uartRxBuf                  
00001182  uartTxBuf                  
00001196  diferencia                 
000011a2  rf_rxBuffer                
000011ac  rf_rxCalibration           
000011b2  rf_txCalibration           
000011b8  LedRojo                    
000011bc  LedVerde                   
000011c0  Switch1                    
000011c4  ciclo_correccion           
000011c8  proxima_correccion         
000011cc  spiBaseAdd                 
000011d4  timestamp_final            
000011d8  timestamp_inicial          
000011dc  timestamprx                
000011e0  bsp_contMs                 
000011e2  rebasesRX                  
000011e6  tar_inicial                
000011e8  timestamp_TAR              
000011ea  bspFlags                   
000011eb  cont_rebase_timer          
000011ec  i                          
000011ed  rf_rxAddr                  
000011ee  rf_rxLen                   
000011ef  rf_rxLqi                   
000011f0  rf_rxRssi                  
000011f2  tar_segundo                
000011f4  flagdespertar              
000011f5  estado                     
000011f6  net_myAddr                 
000011f7  flagCalibration            
000011f8  EstadoCalibration          
000011f9  tiem_envio                 
000011fa  correccion                 
000011fc  flag_calibracion_automatica
00001202  paTableLen                 
00001203  flag_wakeup                
00001204  bsp_contTAR                
0000120c  paTable                    
00002088  _stack                     
00002100  Ta1_ISR                    
00002100  __STACK_END                
00002190  port2_ISR                  
000021ec  Port1_ISR                  
00002218  Tb1_ISR                    
0000223c  _c_int00_noargs_noexit     
00002256  USCI_A0_RX_ISR             
00002260  USCI_A0_TX_ISR             
0000226a  __TI_ISR_TRAP              
00002270  pinPort                    
00002400  _ctypes_                   
00002502  pinLedVerde                
0000250c  pinLedRojo                 
00002516  pinSW1                     
00002520  pinSW2                     
0000252a  cc_PAEN                    
00002534  cc_LNAEN                   
0000253e  cc_gdo0                    
00002548  cc_gdo2                    
00002552  cc_spinCS                  
0000255c  cc_spiSIMO                 
00002566  cc_spiSOMI                 
00002570  cc_spiCLK                  
0000257a  uart_TX                    
00002584  uart_RX                    
00002602  __TI_Handler_Table_Base    
0000260e  __TI_Handler_Table_Limit   
00002614  __TI_CINIT_Base            
00002624  __TI_CINIT_Limit           
0000ffdc  __TI_int14                 
0000ffde  __TI_int15                 
0000ffe0  __TI_int16                 
0000ffe2  __TI_int17                 
0000ffe4  __TI_int18                 
0000ffe6  __TI_int19                 
0000ffe8  __TI_int20                 
0000ffea  __TI_int21                 
0000ffec  __TI_int22                 
0000ffee  __TI_int23                 
0000fff0  __TI_int24                 
0000fff2  __TI_int25                 
0000fff4  __TI_int26                 
0000fff6  __TI_int27                 
0000fff8  __TI_int28                 
0000fffa  __TI_int29                 
0000fffc  __TI_int30                 
0000fffe  _reset_vector              
00010000  __mspabi_divull            
0001039a  hal_pin_config             
000106a4  __mspabi_addd              
0001097c  configUSCIUart             
00010c38  __TI_frcaddd               
0001109e  __TI_printfi_nofloat       
00011292  main                       
0001145e  hal_cc2500_WriteRFSettings 
00011782  bsp_Init                   
00011a46  hal_cc2500_receivePacket   
00011b76  __mspabi_subf              
00011b7c  __mspabi_addf              
00011da0  Calibration                
00011e7e  __mspabi_cmpd              
00011f56  hal_cc2500_sendPacket      
0001202c  _Dint                      
000120f8  round                      
000121bc  uartSendDataBlocking       
00012278  __mspabi_mpyf              
0001232e  __TI_renormd               
00012526  __mspabi_divf              
0001263c  enableUartRx               
000126b4  hal_cc2500_writeBurstReg   
00012724  _auto_init_hold_wdt        
000127f8  __mspabi_cvtfd             
0001285c  atoi                       
000128be  hal_cc2500_readBurstReg    
0001291c  uart_USCI_A0_TX_ISR        
0001297a  hal_pin_out                
000129d6  __mspabi_divul             
000129d6  __mspabi_remul             
00012a2e  setUartRxBuffer            
00012a84  setUartTxBuffer            
00012ada  hal_cc2500_powerupReset    
00012b2c  initUartPort               
00012b7e  RF_getRxPacket             
00012c0e  initBufferDefaults         
00012c54  __mspabi_fixfu             
00012c9a  app_TimerISR_1s            
00012cde  hal_cc2500_writeReg        
00012d22  sprintf                    
00012d66  spi1_setup                 
00012da8  __mspabi_sral_15           
00012dac  __mspabi_sral_14           
00012db0  __mspabi_sral_13           
00012db4  __mspabi_sral_12           
00012db8  __mspabi_sral_11           
00012dbc  __mspabi_sral_10           
00012dc0  __mspabi_sral_9            
00012dc4  __mspabi_sral_8            
00012dc8  __mspabi_sral_7            
00012dcc  __mspabi_sral_6            
00012dd0  __mspabi_sral_5            
00012dd4  __mspabi_sral_4            
00012dd8  __mspabi_sral_3            
00012ddc  __mspabi_sral_2            
00012de0  __mspabi_sral_1            
00012de6  __mspabi_srll_15           
00012dea  __mspabi_srll_14           
00012dee  __mspabi_srll_13           
00012df2  __mspabi_srll_12           
00012df6  __mspabi_srll_11           
00012dfa  __mspabi_srll_10           
00012dfe  __mspabi_srll_9            
00012e02  __mspabi_srll_8            
00012e06  __mspabi_srll_7            
00012e0a  __mspabi_srll_6            
00012e0e  __mspabi_srll_5            
00012e12  __mspabi_srll_4            
00012e16  __mspabi_srll_3            
00012e1a  __mspabi_srll_2            
00012e1e  __mspabi_srll_1            
00012e24  spi1_wr                    
00012e62  __mspabi_sllll             
00012e9c  __mspabi_srlll             
00012ed6  hal_cc2500_readReg         
00012f10  hal_cc2500_readStatus      
00012f4a  uart_USCI_A0_RX_ISR        
00012f82  hal_pin_toggle             
00012fb8  __mspabi_fltif             
00012fee  __mspabi_subd              
00013020  hal_cc2500_status          
00013052  hal_pin_init               
00013084  __mspabi_fltulf            
000130b6  spi1_rxFinish              
000130e8  TimeStamp                  
00013118  hal_cc2500_strobe          
00013148  hal_cc2500_wakeup          
00013178  hal_pin_in                 
000131a8  hal_pin_intGetFlag         
000131d8  uartSendStringBlocking     
00013206  hal_pin_intClearFlag       
00013232  initUartDriver             
0001325e  spi1_txBufReady            
00013288  hal_pin_intDisable         
000132b0  hal_pin_intEnable          
000132d8  __TI_zero_init             
0001331c  memccpy                    
0001333a  spi1_write                 
00013358  RF_SendPacket              
00013372  bsp_msDelay                
0001338c  escribir_TimeStamp         
000133a6  serie_SendString           
000133c0  sw_state                   
000133da  memset                     
000133f0  __mspabi_divu              
000133f0  __mspabi_remu              
00013406  __mspabi_mpyi_hw           
00013430  app_TimerISR_1ms           
00013444  led_Off                    
00013458  memcpy                     
0001346c  __TI_decompress_none       
0001347e  led_Toggle                 
00013490  __mspabi_sral              
000134a0  __mspabi_slll              
000134b0  __mspabi_srll              
000134c0  RF_rxDataReady             
000134ce  strlen                     
000134dc  spi1_busy                  
000134e8  RF_PwrUpRx                 
000134f2  __mspabi_slli              
000134fc  spi1_start                 
00013506  Timer_Desabilitar          
0001350e  Timer_Habilitar            
00013516  __TI_decompress_rle24      
0001351c  get_tar                    
00013522  _system_pre_init           
00013526  C$$EXIT                    
00013526  abort                      
0001352a  app_RxPacketISR            
ffffffff  __binit__                  
ffffffff  __c_args__                 
ffffffff  binit                      
UNDEFED   __TI_INITARRAY_Base        
UNDEFED   __TI_INITARRAY_Limit       

[472 symbols]
