******************************************************************************
                  MSP430 Linker PC v4.4.3                      
******************************************************************************
>> Linked Wed Oct 14 17:13:53 2015

OUTPUT FILE NAME:   <Seguimiento de Gandado.out>
ENTRY POINT SYMBOL: "_c_int00_noargs_noexit"  address: 0000f40c


MEMORY CONFIGURATION

         name            origin    length      used     unused   attr    fill
----------------------  --------  ---------  --------  --------  ----  --------
  SFR                   00000000   00000010  00000000  00000010  RWIX
  PERIPHERALS_8BIT      00000010   000000f0  00000000  000000f0  RWIX
  PERIPHERALS_16BIT     00000100   00000100  00000000  00000100  RWIX
  RAM                   00000200   00000200  00000156  000000aa  RWIX
  INFOD                 00001000   00000040  00000000  00000040  RWIX
  INFOC                 00001040   00000040  00000000  00000040  RWIX
  INFOB                 00001080   00000040  00000000  00000040  RWIX
  INFOA                 000010c0   00000040  00000000  00000040  RWIX
  FLASH                 0000c000   00003fde  00003862  0000077c  RWIX
  INT00                 0000ffe0   00000002  00000000  00000002  RWIX
  INT01                 0000ffe2   00000002  00000000  00000002  RWIX
  INT02                 0000ffe4   00000002  00000002  00000000  RWIX
  INT03                 0000ffe6   00000002  00000002  00000000  RWIX
  INT04                 0000ffe8   00000002  00000000  00000002  RWIX
  INT05                 0000ffea   00000002  00000002  00000000  RWIX
  INT06                 0000ffec   00000002  00000002  00000000  RWIX
  INT07                 0000ffee   00000002  00000002  00000000  RWIX
  INT08                 0000fff0   00000002  00000002  00000000  RWIX
  INT09                 0000fff2   00000002  00000002  00000000  RWIX
  INT10                 0000fff4   00000002  00000002  00000000  RWIX
  INT11                 0000fff6   00000002  00000000  00000002  RWIX
  INT12                 0000fff8   00000002  00000002  00000000  RWIX
  INT13                 0000fffa   00000002  00000002  00000000  RWIX
  INT14                 0000fffc   00000002  00000002  00000000  RWIX
  RESET                 0000fffe   00000002  00000002  00000000  RWIX


SECTION ALLOCATION MAP

 output                                  attributes/
section   page    origin      length       input sections
--------  ----  ----------  ----------   ----------------
.bss       0    00000200    000000c3     UNINITIALIZED
                  00000200    00000026     (.common:cnf)
                  00000226    00000018     (.common:uartUsartRegs)
                  0000023e    00000014     (.common:uartRxBuf)
                  00000252    00000014     (.common:uartTxBuf)
                  00000266    0000000c     (.common:diferencia)
                  00000272    0000000a     (.common:prtInfList)
                  0000027c    0000000a     (.common:rf_rxBuffer)
                  00000286    00000006     (.common:rf_rxCalibration)
                  0000028c    00000006     (.common:rf_txCalibration)
                  00000292    00000004     (.common:ciclo_correccion)
                  00000296    00000004     (.common:proxima_correccion)
                  0000029a    00000004     (.common:time_stamp$2)
                  0000029e    00000004     (.common:timestamp_final)
                  000002a2    00000004     (.common:timestamp_inicial)
                  000002a6    00000004     (.common:timestamprx)
                  000002aa    00000002     (.common:LedRojo)
                  000002ac    00000002     (.common:LedVerde)
                  000002ae    00000002     (.common:Switch1)
                  000002b0    00000002     (.common:bsp_contMs)
                  000002b2    00000002     (.common:rebasesRX)
                  000002b4    00000002     (.common:spiBaseAdd)
                  000002b6    00000002     (.common:tar$1)
                  000002b8    00000002     (.common:tar_inicial)
                  000002ba    00000002     (.common:timestamp_TAR)
                  000002bc    00000001     (.common:bspFlags)
                  000002bd    00000001     (.common:cont_rebase_timer)
                  000002be    00000001     (.common:i)
                  000002bf    00000001     (.common:rf_rxAddr)
                  000002c0    00000001     (.common:rf_rxLen)
                  000002c1    00000001     (.common:rf_rxLqi)
                  000002c2    00000001     (.common:rf_rxRssi)

.data      0    000002c4    0000001b     UNINITIALIZED
                  000002c4    00000010     main.obj (.data)
                  000002d4    0000000a     bsp.obj (.data)
                  000002de    00000001     bsp.obj (.data:paTable)

.TI.persistent 
*          0    000002c4    00000000     UNINITIALIZED

.stack     0    00000388    00000078     UNINITIALIZED
                  00000388    00000002     rts430_eabi.lib : boot.obj (.stack)
                  0000038a    00000076     --HOLE--

.text      0    0000c000    000035fe     
                  0000c000    000003ac     rts430_eabi.lib : div64u.obj (.text:__mspabi_divull)
                  0000c3ac    000002e8                     : addd.obj (.text:__mspabi_addd)
                  0000c694    00000294     uart.obj (.text:configUSCIUart)
                  0000c928    00000274     hal_pin.obj (.text:hal_pin_config)
                  0000cb9c    00000260     rts430_eabi.lib : frcaddd.obj (.text:__TI_frcaddd)
                  0000cdfc    000001f2                     : _printfi_nf.obj (.text:_setfield)
                  0000cfee    000001d0                     : _printfi_nf.obj (.text:__TI_printfi_nofloat)
                  0000d1be    000001ce     main.obj (.text:main)
                  0000d38c    000001c2     bsp.obj (.text:bsp_Init)
                  0000d54e    0000019c     hal_cc2500.obj (.text:hal_cc2500_WriteRFSettings)
                  0000d6ea    00000168     rts430_eabi.lib : _printfi_nf.obj (.text:_getarg_diouxp)
                  0000d852    0000014c                     : _printfi_nf.obj (.text:_pproc_diouxp)
                  0000d99e    00000130                     : fs_add.obj (.text)
                  0000dace    0000012c     hal_cc2500.obj (.text:hal_cc2500_receivePacket)
                  0000dbfa    000000f8     rts430_eabi.lib : _printfi_nf.obj (.text:_pproc_fwp)
                  0000dcf2    000000de     main.obj (.text:Calibration)
                  0000ddd0    000000dc     rts430_eabi.lib : cmpd.obj (.text:__mspabi_cmpd)
                  0000deac    000000d6     hal_cc2500.obj (.text:hal_cc2500_sendPacket)
                  0000df82    000000cc     rts430_eabi.lib : xdint.obj (.text:_Dint)
                  0000e04e    000000c4                     : round.obj (.text:round)
                  0000e112    000000c2                     : fs_mpy.obj (.text)
                  0000e1d4    000000be                     : renormd.obj (.text:__TI_renormd)
                  0000e292    000000ae                     : _printfi_nf.obj (.text:_pproc_str)
                  0000e340    000000a6     bsp.obj (.text:Ta1_ISR)
                  0000e3e6    000000a2     rts430_eabi.lib : _printfi_nf.obj (.text:_ltostr)
                  0000e488    0000009a                     : fs_div.obj (.text)
                  0000e522    00000090                     : _printfi_nf.obj (.text:_div)
                  0000e5b2    0000007e     uart.obj (.text:initUartPort)
                  0000e630    00000078     uart.obj (.text:uartSendDataBlocking)
                  0000e6a8    00000068     rts430_eabi.lib : cvtfd.obj (.text:__mspabi_cvtfd)
                  0000e710    00000066     hal_cc2500.obj (.text:hal_cc2500_writeBurstReg)
                  0000e776    00000064     rts430_eabi.lib : copy_decompress_rle.obj (.text:__TI_decompress_rle_core)
                  0000e7da    00000064     bsp.obj (.text:port2_ISR)
                  0000e83e    0000005c     hal_cc2500.obj (.text:hal_cc2500_readBurstReg)
                  0000e89a    0000005c     rts430_eabi.lib : lsr32.obj (.text:l_lsr_const)
                  0000e8f6    00000058                     : autoinit.obj (.text:_auto_init)
                  0000e94e    00000058                     : div32u.obj (.text)
                  0000e9a6    00000058     uart.obj (.text:uart_USCI_A0_TX_ISR)
                  0000e9fe    00000052     rts430_eabi.lib : atoi.obj (.text:atoi)
                  0000ea50    00000052     hal_cc2500.obj (.text:hal_cc2500_powerupReset)
                  0000eaa2    00000050     hal_pin.obj (.text:hal_pin_out)
                  0000eaf2    0000004c     rts430_eabi.lib : lsr16.obj (.text)
                  0000eb3e    00000048     uart.obj (.text:setUartRxBuffer)
                  0000eb86    00000048     uart.obj (.text:setUartTxBuffer)
                  0000ebce    00000046     rts430_eabi.lib : fs_tou.obj (.text)
                  0000ec14    00000044                     : lsr64.obj (.text:__mspabi_srlll)
                  0000ec58    00000044                     : _printfi_nf.obj (.text:_pproc_fflags)
                  0000ec9c    00000044     main.obj (.text:app_TimerISR_1s)
                  0000ece0    00000044     hal_cc2500.obj (.text:hal_cc2500_writeReg)
                  0000ed24    00000042     bsp.obj (.text:RF_getRxPacket)
                  0000ed66    00000042     rts430_eabi.lib : lsl64.obj (.text:__mspabi_sllll)
                  0000eda8    0000003e                     : asr32.obj (.text:l_asr_const)
                  0000ede6    0000003e     hal_usci_spi.obj (.text:spi1_wr)
                  0000ee24    0000003c     bsp.obj (.text:Port1_ISR)
                  0000ee60    0000003a     hal_cc2500.obj (.text:hal_cc2500_readReg)
                  0000ee9a    0000003a     hal_cc2500.obj (.text:hal_cc2500_readStatus)
                  0000eed4    0000003a     hal_usci_spi.obj (.text:spi1_setup)
                  0000ef0e    00000038     uart.obj (.text:enableUartRx)
                  0000ef46    00000038     rts430_eabi.lib : sprintf.obj (.text:sprintf)
                  0000ef7e    00000036                     : fs_itof.obj (.text)
                  0000efb4    00000034     bsp.obj (.text:Tb1_ISR)
                  0000efe8    00000032     hal_cc2500.obj (.text:hal_cc2500_status)
                  0000f01a    00000032     uart.obj (.text:initBufferDefaults)
                  0000f04c    00000032     rts430_eabi.lib : fs_ultof.obj (.text)
                  0000f07e    00000032     hal_usci_spi.obj (.text:spi1_rxFinish)
                  0000f0b0    00000032     uart.obj (.text:uart_USCI_A0_RX_ISR)
                  0000f0e2    00000030     bsp.obj (.text:TimeStamp)
                  0000f112    00000030     hal_cc2500.obj (.text:hal_cc2500_strobe)
                  0000f142    00000030     hal_cc2500.obj (.text:hal_cc2500_wakeup)
                  0000f172    0000002e     rts430_eabi.lib : subd.obj (.text:__mspabi_subd)
                  0000f1a0    0000002e     hal_pin.obj (.text:hal_pin_toggle)
                  0000f1ce    0000002c     rts430_eabi.lib : asr16.obj (.text)
                  0000f1fa    0000002c                     : lsl16.obj (.text)
                  0000f226    0000002c     uart.obj (.text:uartSendStringBlocking)
                  0000f252    0000002a     hal_pin.obj (.text:hal_pin_init)
                  0000f27c    0000002a     uart.obj (.text:initUartDriver)
                  0000f2a6    0000002a     hal_usci_spi.obj (.text:spi1_txBufReady)
                  0000f2d0    00000028     hal_pin.obj (.text:hal_pin_in)
                  0000f2f8    00000028     hal_pin.obj (.text:hal_pin_intGetFlag)
                  0000f320    00000024     hal_pin.obj (.text:hal_pin_intClearFlag)
                  0000f344    00000020     hal_pin.obj (.text:hal_pin_intDisable)
                  0000f364    00000020     hal_pin.obj (.text:hal_pin_intEnable)
                  0000f384    0000001e     hal_usci_spi.obj (.text:spi1_write)
                  0000f3a2    0000001c     bsp.obj (.text:escribir_TimeStamp)
                  0000f3be    0000001a     bsp.obj (.text:RF_SendPacket)
                  0000f3d8    0000001a     bsp.obj (.text:USCI_A0_RX_ISR)
                  0000f3f2    0000001a     bsp.obj (.text:USCI_A0_TX_ISR)
                  0000f40c    0000001a     rts430_eabi.lib : boot_special.obj (.text:_c_int00_noargs_noexit)
                  0000f426    0000001a                     : sprintf.obj (.text:_outs)
                  0000f440    0000001a     bsp.obj (.text:bsp_msDelay)
                  0000f45a    0000001a     rts430_eabi.lib : memccpy.obj (.text:memccpy)
                  0000f474    00000016                     : div16u.obj (.text)
                  0000f48a    00000016     bsp.obj (.text:sw_state)
                  0000f4a0    00000014     main.obj (.text:app_TimerISR_1ms)
                  0000f4b4    00000014     rts430_eabi.lib : copy_zero_init.obj (.text:decompress:ZI:__TI_zero_init)
                  0000f4c8    00000014                     : memset.obj (.text:memset)
                  0000f4dc    00000014                     : mult16.obj (.text)
                  0000f4f0    00000014     bsp.obj (.text:serie_SendString)
                  0000f504    00000012     rts430_eabi.lib : sprintf.obj (.text:_outc)
                  0000f516    00000012                     : copy_decompress_none.obj (.text:decompress:none:__TI_decompress_none)
                  0000f528    00000012                     : lsr32.obj (.text:l_lsr)
                  0000f53a    00000012                     : memcpy.obj (.text:memcpy)
                  0000f54c    00000010                     : asr32.obj (.text:l_asr)
                  0000f55c    00000010                     : lsl32.obj (.text:l_lsl)
                  0000f56c    00000010     bsp.obj (.text:led_Off)
                  0000f57c    00000010     rts430_eabi.lib : epilog.obj (.text)
                  0000f58c    0000000e     bsp.obj (.text:RF_rxDataReady)
                  0000f59a    0000000e     bsp.obj (.text:led_Toggle)
                  0000f5a8    0000000e     rts430_eabi.lib : strlen.obj (.text:strlen)
                  0000f5b6    0000000c     hal_usci_spi.obj (.text:spi1_busy)
                  0000f5c2    0000000a     bsp.obj (.text:RF_PwrUpRx)
                  0000f5cc    0000000a     hal_usci_spi.obj (.text:spi1_start)
                  0000f5d6    00000008     bsp.obj (.text:Timer_Desabilitar)
                  0000f5de    00000008     bsp.obj (.text:Timer_Habilitar)
                  0000f5e6    00000006     rts430_eabi.lib : copy_decompress_rle.obj (.text:decompress:rle24:__TI_decompress_rle24)
                  0000f5ec    00000006     bsp.obj (.text:get_tar)
                  0000f5f2    00000004     rts430_eabi.lib : pre_init.obj (.text:_system_pre_init)
                  0000f5f6    00000004                     : exit.obj (.text:abort)
                  0000f5fa    00000002     bsp.obj (.text:ISR_trap)
                  0000f5fc    00000002     main.obj (.text:app_RxPacketISR)

.const     0    0000f5fe    0000023e     
                  0000f5fe    00000101     rts430_eabi.lib : ctype.obj (.const:.string:_ctypes_)
                  0000f6ff    00000001     --HOLE-- [fill = 0]
                  0000f700    0000008c     bsp.obj (.const)
                  0000f78c    00000050     hal_pin.obj (.const:pinPort)
                  0000f7dc    00000026     rts430_eabi.lib : _printfi_nf.obj (.const:.string)
                  0000f802    00000020                     : xdint.obj (.const:mask$1)
                  0000f822    00000012     main.obj (.const:.string)
                  0000f834    00000008     rts430_eabi.lib : xdint.obj (.const:sub$2)

.cinit     0    0000f83c    00000026     
                  0000f83c    00000013     (.cinit..data.load) [load image, compression = rle]
                  0000f84f    00000001     --HOLE-- [fill = 0]
                  0000f850    00000006     (__TI_handler_table)
                  0000f856    00000004     (.cinit..bss.load) [load image, compression = zero_init]
                  0000f85a    00000008     (__TI_cinit_table)

.init_array 
*          0    0000c000    00000000     UNINITIALIZED

PORT1      0    0000ffe4    00000002     
                  0000ffe4    00000002     bsp.obj (.int02)

PORT2      0    0000ffe6    00000002     
                  0000ffe6    00000002     bsp.obj (.int03)

ADC10      0    0000ffea    00000002     
                  0000ffea    00000002     bsp.obj (.int05)

USCIAB0TX 
*          0    0000ffec    00000002     
                  0000ffec    00000002     bsp.obj (.int06)

USCIAB0RX 
*          0    0000ffee    00000002     
                  0000ffee    00000002     bsp.obj (.int07)

TIMERA1    0    0000fff0    00000002     
                  0000fff0    00000002     bsp.obj (.int08)

TIMERA0    0    0000fff2    00000002     
                  0000fff2    00000002     bsp.obj (.int09)

WDT        0    0000fff4    00000002     
                  0000fff4    00000002     bsp.obj (.int10)

TIMERB1    0    0000fff8    00000002     
                  0000fff8    00000002     bsp.obj (.int12)

TIMERB0    0    0000fffa    00000002     
                  0000fffa    00000002     bsp.obj (.int13)

NMI        0    0000fffc    00000002     
                  0000fffc    00000002     bsp.obj (.int14)

.reset     0    0000fffe    00000002     
                  0000fffe    00000002     rts430_eabi.lib : boot.obj (.reset)


LINKER GENERATED COPY TABLES

__TI_cinit_table @ 0000f85a records: 2, size/record: 4, table size: 8
	.data: load addr=0000f83c, load size=00000013 bytes, run addr=000002c4, run size=0000001b bytes, compression=rle
	.bss: load addr=0000f856, load size=00000004 bytes, run addr=00000200, run size=000000c3 bytes, compression=zero_init


LINKER GENERATED HANDLER TABLE

__TI_handler_table @ 0000f850 records: 3, size/record: 2, table size: 6
	index: 0, handler: __TI_zero_init
	index: 1, handler: __TI_decompress_rle24
	index: 2, handler: __TI_decompress_none


GLOBAL SYMBOLS: SORTED ALPHABETICALLY BY Name 

address   name                       
-------   ----                       
0000004a  ADC10AE0                   
0000004b  ADC10AE1                   
000001b0  ADC10CTL0                  
000001b2  ADC10CTL1                  
00000048  ADC10DTC0                  
00000049  ADC10DTC1                  
000001b4  ADC10MEM                   
000001bc  ADC10SA                    
00000057  BCSCTL1                    
00000058  BCSCTL2                    
00000053  BCSCTL3                    
0000f5f6  C$$EXIT                    
000010fb  CALBC1_12MHZ               
000010f9  CALBC1_16MHZ               
000010ff  CALBC1_1MHZ                
000010fd  CALBC1_8MHZ                
000010fa  CALDCO_12MHZ               
000010f8  CALDCO_16MHZ               
000010fe  CALDCO_1MHZ                
000010fc  CALDCO_8MHZ                
0000dcf2  Calibration                
00000056  DCOCTL                     
000002ca  EstadoCalibration          
00000128  FCTL1                      
0000012a  FCTL2                      
0000012c  FCTL3                      
00000000  IE1                        
00000001  IE2                        
00000002  IFG1                       
00000003  IFG2                       
0000f5fa  ISR_trap                   
000002aa  LedRojo                    
000002ac  LedVerde                   
000000c0  OA0CTL0                    
000000c1  OA0CTL1                    
000000c2  OA1CTL0                    
000000c3  OA1CTL1                    
00000022  P1DIR                      
00000025  P1IE                       
00000024  P1IES                      
00000023  P1IFG                      
00000020  P1IN                       
00000021  P1OUT                      
00000027  P1REN                      
00000026  P1SEL                      
0000002a  P2DIR                      
0000002d  P2IE                       
0000002c  P2IES                      
0000002b  P2IFG                      
00000028  P2IN                       
00000029  P2OUT                      
0000002f  P2REN                      
0000002e  P2SEL                      
0000001a  P3DIR                      
00000018  P3IN                       
00000019  P3OUT                      
00000010  P3REN                      
0000001b  P3SEL                      
0000001e  P4DIR                      
0000001c  P4IN                       
0000001d  P4OUT                      
00000011  P4REN                      
0000001f  P4SEL                      
0000ee24  Port1_ISR                  
0000f5c2  RF_PwrUpRx                 
0000f3be  RF_SendPacket              
0000ed24  RF_getRxPacket             
0000f58c  RF_rxDataReady             
000002ae  Switch1                    
00000172  TACCR0                     
00000174  TACCR1                     
00000176  TACCR2                     
00000162  TACCTL0                    
00000164  TACCTL1                    
00000166  TACCTL2                    
00000160  TACTL                      
0000012e  TAIV                       
00000170  TAR                        
00000192  TBCCR0                     
00000194  TBCCR1                     
00000196  TBCCR2                     
00000182  TBCCTL0                    
00000184  TBCCTL1                    
00000186  TBCCTL2                    
00000180  TBCTL                      
0000011e  TBIV                       
00000190  TBR                        
0000e340  Ta1_ISR                    
0000efb4  Tb1_ISR                    
0000f0e2  TimeStamp                  
0000f5d6  Timer_Desabilitar          
0000f5de  Timer_Habilitar            
0000005d  UCA0ABCTL                  
00000062  UCA0BR0                    
00000063  UCA0BR1                    
00000060  UCA0CTL0                   
00000061  UCA0CTL1                   
0000005f  UCA0IRRCTL                 
0000005e  UCA0IRTCTL                 
00000064  UCA0MCTL                   
00000066  UCA0RXBUF                  
00000065  UCA0STAT                   
00000067  UCA0TXBUF                  
0000006a  UCB0BR0                    
0000006b  UCB0BR1                    
00000068  UCB0CTL0                   
00000069  UCB0CTL1                   
0000006c  UCB0I2CIE                  
00000118  UCB0I2COA                  
0000011a  UCB0I2CSA                  
0000006e  UCB0RXBUF                  
0000006d  UCB0STAT                   
0000006f  UCB0TXBUF                  
0000f3d8  USCI_A0_RX_ISR             
0000f3f2  USCI_A0_TX_ISR             
00000120  WDTCTL                     
0000df82  _Dint                      
00000400  __STACK_END                
00000078  __STACK_SIZE               
0000f85a  __TI_CINIT_Base            
0000f862  __TI_CINIT_Limit           
0000f850  __TI_Handler_Table_Base    
0000f856  __TI_Handler_Table_Limit   
UNDEFED   __TI_INITARRAY_Base        
UNDEFED   __TI_INITARRAY_Limit       
0000f516  __TI_decompress_none       
0000f5e6  __TI_decompress_rle24      
0000cb9c  __TI_frcaddd               
0000ffe4  __TI_int02                 
0000ffe6  __TI_int03                 
0000ffea  __TI_int05                 
0000ffec  __TI_int06                 
0000ffee  __TI_int07                 
0000fff0  __TI_int08                 
0000fff2  __TI_int09                 
0000fff4  __TI_int10                 
0000fff8  __TI_int12                 
0000fffa  __TI_int13                 
0000fffc  __TI_int14                 
0000cfee  __TI_printfi_nofloat       
0000e1d4  __TI_renormd               
0000f4b4  __TI_zero_init             
ffffffff  __binit__                  
ffffffff  __c_args__                 
0000c3ac  __mspabi_addd              
0000d9a4  __mspabi_addf              
0000ddd0  __mspabi_cmpd              
0000e6a8  __mspabi_cvtfd             
0000e488  __mspabi_divf              
0000f474  __mspabi_divu              
0000e94e  __mspabi_divul             
0000c000  __mspabi_divull            
0000ebce  __mspabi_fixfu             
0000ef7e  __mspabi_fltif             
0000f04c  __mspabi_fltulf            
0000f588  __mspabi_func_epilog_1     
0000f586  __mspabi_func_epilog_2     
0000f584  __mspabi_func_epilog_3     
0000f582  __mspabi_func_epilog_4     
0000f580  __mspabi_func_epilog_5     
0000f57e  __mspabi_func_epilog_6     
0000f57c  __mspabi_func_epilog_7     
0000e112  __mspabi_mpyf              
0000f4dc  __mspabi_mpyi              
0000f4dc  __mspabi_mpyi_sw           
0000f474  __mspabi_remu              
0000e94e  __mspabi_remul             
0000f1fa  __mspabi_slli              
0000f222  __mspabi_slli_1            
0000f210  __mspabi_slli_10           
0000f20e  __mspabi_slli_11           
0000f20c  __mspabi_slli_12           
0000f20a  __mspabi_slli_13           
0000f208  __mspabi_slli_14           
0000f206  __mspabi_slli_15           
0000f220  __mspabi_slli_2            
0000f21e  __mspabi_slli_3            
0000f21c  __mspabi_slli_4            
0000f21a  __mspabi_slli_5            
0000f218  __mspabi_slli_6            
0000f216  __mspabi_slli_7            
0000f214  __mspabi_slli_8            
0000f212  __mspabi_slli_9            
0000f55c  __mspabi_slll              
0000ed66  __mspabi_sllll             
0000f1ce  __mspabi_srai              
0000f1f6  __mspabi_srai_1            
0000f1e4  __mspabi_srai_10           
0000f1e2  __mspabi_srai_11           
0000f1e0  __mspabi_srai_12           
0000f1de  __mspabi_srai_13           
0000f1dc  __mspabi_srai_14           
0000f1da  __mspabi_srai_15           
0000f1f4  __mspabi_srai_2            
0000f1f2  __mspabi_srai_3            
0000f1f0  __mspabi_srai_4            
0000f1ee  __mspabi_srai_5            
0000f1ec  __mspabi_srai_6            
0000f1ea  __mspabi_srai_7            
0000f1e8  __mspabi_srai_8            
0000f1e6  __mspabi_srai_9            
0000f54c  __mspabi_sral              
0000ede0  __mspabi_sral_1            
0000edbc  __mspabi_sral_10           
0000edb8  __mspabi_sral_11           
0000edb4  __mspabi_sral_12           
0000edb0  __mspabi_sral_13           
0000edac  __mspabi_sral_14           
0000eda8  __mspabi_sral_15           
0000eddc  __mspabi_sral_2            
0000edd8  __mspabi_sral_3            
0000edd4  __mspabi_sral_4            
0000edd0  __mspabi_sral_5            
0000edcc  __mspabi_sral_6            
0000edc8  __mspabi_sral_7            
0000edc4  __mspabi_sral_8            
0000edc0  __mspabi_sral_9            
0000eaf2  __mspabi_srli              
0000eb38  __mspabi_srli_1            
0000eb14  __mspabi_srli_10           
0000eb10  __mspabi_srli_11           
0000eb0c  __mspabi_srli_12           
0000eb08  __mspabi_srli_13           
0000eb04  __mspabi_srli_14           
0000eb00  __mspabi_srli_15           
0000eb34  __mspabi_srli_2            
0000eb30  __mspabi_srli_3            
0000eb2c  __mspabi_srli_4            
0000eb28  __mspabi_srli_5            
0000eb24  __mspabi_srli_6            
0000eb20  __mspabi_srli_7            
0000eb1c  __mspabi_srli_8            
0000eb18  __mspabi_srli_9            
0000f528  __mspabi_srll              
0000e8ee  __mspabi_srll_1            
0000e8b8  __mspabi_srll_10           
0000e8b2  __mspabi_srll_11           
0000e8ac  __mspabi_srll_12           
0000e8a6  __mspabi_srll_13           
0000e8a0  __mspabi_srll_14           
0000e89a  __mspabi_srll_15           
0000e8e8  __mspabi_srll_2            
0000e8e2  __mspabi_srll_3            
0000e8dc  __mspabi_srll_4            
0000e8d6  __mspabi_srll_5            
0000e8d0  __mspabi_srll_6            
0000e8ca  __mspabi_srll_7            
0000e8c4  __mspabi_srll_8            
0000e8be  __mspabi_srll_9            
0000ec14  __mspabi_srlll             
0000f172  __mspabi_subd              
0000d99e  __mspabi_subf              
0000e8f6  _auto_init                 
0000f40c  _c_int00_noargs_noexit     
0000f5fe  _ctypes_                   
0000fffe  _reset_vector              
00000388  _stack                     
0000f5f2  _system_pre_init           
0000f5f6  abort                      
0000f5fc  app_RxPacketISR            
0000f4a0  app_TimerISR_1ms           
0000ec9c  app_TimerISR_1s            
0000e9fe  atoi                       
ffffffff  binit                      
000002bc  bspFlags                   
0000d38c  bsp_Init                   
000002b0  bsp_contMs                 
000002d6  bsp_contTAR                
0000f440  bsp_msDelay                
0000f73c  cc_gdo0                    
0000f746  cc_gdo2                    
0000f76e  cc_spiCLK                  
0000f75a  cc_spiSIMO                 
0000f764  cc_spiSOMI                 
0000f750  cc_spinCS                  
00000292  ciclo_correccion           
00000200  cnf                        
0000c694  configUSCIUart             
000002bd  cont_rebase_timer          
000002cc  correccion                 
00000266  diferencia                 
0000ef0e  enableUartRx               
0000f3a2  escribir_TimeStamp         
000002c7  estado                     
000002c9  flagCalibration            
000002ce  flag_calibracion_automatica
000002d5  flag_wakeup                
000002c6  flagdespertar              
0000f5ec  get_tar                    
0000d54e  hal_cc2500_WriteRFSettings 
0000ea50  hal_cc2500_powerupReset    
0000e83e  hal_cc2500_readBurstReg    
0000ee60  hal_cc2500_readReg         
0000ee9a  hal_cc2500_readStatus      
0000dace  hal_cc2500_receivePacket   
0000deac  hal_cc2500_sendPacket      
0000efe8  hal_cc2500_status          
0000f112  hal_cc2500_strobe          
0000f142  hal_cc2500_wakeup          
0000e710  hal_cc2500_writeBurstReg   
0000ece0  hal_cc2500_writeReg        
0000c928  hal_pin_config             
0000f2d0  hal_pin_in                 
0000f252  hal_pin_init               
0000f320  hal_pin_intClearFlag       
0000f344  hal_pin_intDisable         
0000f364  hal_pin_intEnable          
0000f2f8  hal_pin_intGetFlag         
0000eaa2  hal_pin_out                
0000f1a0  hal_pin_toggle             
000002be  i                          
0000f01a  initBufferDefaults         
0000f27c  initUartDriver             
0000e5b2  initUartPort               
0000f56c  led_Off                    
0000f59a  led_Toggle                 
0000d1be  main                       
0000f45a  memccpy                    
0000f53a  memcpy                     
0000f4c8  memset                     
000002c8  net_myAddr                 
000002de  paTable                    
000002d4  paTableLen                 
0000f728  pinADBateria               
0000f71e  pinActMedicion             
0000f70a  pinLedRojo                 
0000f700  pinLedVerde                
0000f78c  pinPort                    
0000f714  pinSW1                     
0000f732  pinVset                    
0000e7da  port2_ISR                  
00000296  proxima_correccion         
00000272  prtInfList                 
000002b2  rebasesRX                  
000002bf  rf_rxAddr                  
0000027c  rf_rxBuffer                
00000286  rf_rxCalibration           
000002c0  rf_rxLen                   
000002c1  rf_rxLqi                   
000002c2  rf_rxRssi                  
0000028c  rf_txCalibration           
0000e04e  round                      
0000f4f0  serie_SendString           
0000eb3e  setUartRxBuffer            
0000eb86  setUartTxBuffer            
0000f5b6  spi1_busy                  
0000f07e  spi1_rxFinish              
0000eed4  spi1_setup                 
0000f5cc  spi1_start                 
0000f2a6  spi1_txBufReady            
0000ede6  spi1_wr                    
0000f384  spi1_write                 
000002b4  spiBaseAdd                 
0000ef46  sprintf                    
0000f5a8  strlen                     
0000f48a  sw_state                   
000002b8  tar_inicial                
000002c4  tar_segundo                
000002cb  tiem_envio                 
000002ba  timestamp_TAR              
0000029e  timestamp_final            
000002a2  timestamp_inicial          
000002a6  timestamprx                
0000023e  uartRxBuf                  
0000e630  uartSendDataBlocking       
0000f226  uartSendStringBlocking     
00000252  uartTxBuf                  
00000226  uartUsartRegs              
0000f782  uart_RX                    
0000f778  uart_TX                    
0000f0b0  uart_USCI_A0_RX_ISR        
0000e9a6  uart_USCI_A0_TX_ISR        


GLOBAL SYMBOLS: SORTED BY Symbol Address 

address   name                       
-------   ----                       
00000000  IE1                        
00000001  IE2                        
00000002  IFG1                       
00000003  IFG2                       
00000010  P3REN                      
00000011  P4REN                      
00000018  P3IN                       
00000019  P3OUT                      
0000001a  P3DIR                      
0000001b  P3SEL                      
0000001c  P4IN                       
0000001d  P4OUT                      
0000001e  P4DIR                      
0000001f  P4SEL                      
00000020  P1IN                       
00000021  P1OUT                      
00000022  P1DIR                      
00000023  P1IFG                      
00000024  P1IES                      
00000025  P1IE                       
00000026  P1SEL                      
00000027  P1REN                      
00000028  P2IN                       
00000029  P2OUT                      
0000002a  P2DIR                      
0000002b  P2IFG                      
0000002c  P2IES                      
0000002d  P2IE                       
0000002e  P2SEL                      
0000002f  P2REN                      
00000048  ADC10DTC0                  
00000049  ADC10DTC1                  
0000004a  ADC10AE0                   
0000004b  ADC10AE1                   
00000053  BCSCTL3                    
00000056  DCOCTL                     
00000057  BCSCTL1                    
00000058  BCSCTL2                    
0000005d  UCA0ABCTL                  
0000005e  UCA0IRTCTL                 
0000005f  UCA0IRRCTL                 
00000060  UCA0CTL0                   
00000061  UCA0CTL1                   
00000062  UCA0BR0                    
00000063  UCA0BR1                    
00000064  UCA0MCTL                   
00000065  UCA0STAT                   
00000066  UCA0RXBUF                  
00000067  UCA0TXBUF                  
00000068  UCB0CTL0                   
00000069  UCB0CTL1                   
0000006a  UCB0BR0                    
0000006b  UCB0BR1                    
0000006c  UCB0I2CIE                  
0000006d  UCB0STAT                   
0000006e  UCB0RXBUF                  
0000006f  UCB0TXBUF                  
00000078  __STACK_SIZE               
000000c0  OA0CTL0                    
000000c1  OA0CTL1                    
000000c2  OA1CTL0                    
000000c3  OA1CTL1                    
00000118  UCB0I2COA                  
0000011a  UCB0I2CSA                  
0000011e  TBIV                       
00000120  WDTCTL                     
00000128  FCTL1                      
0000012a  FCTL2                      
0000012c  FCTL3                      
0000012e  TAIV                       
00000160  TACTL                      
00000162  TACCTL0                    
00000164  TACCTL1                    
00000166  TACCTL2                    
00000170  TAR                        
00000172  TACCR0                     
00000174  TACCR1                     
00000176  TACCR2                     
00000180  TBCTL                      
00000182  TBCCTL0                    
00000184  TBCCTL1                    
00000186  TBCCTL2                    
00000190  TBR                        
00000192  TBCCR0                     
00000194  TBCCR1                     
00000196  TBCCR2                     
000001b0  ADC10CTL0                  
000001b2  ADC10CTL1                  
000001b4  ADC10MEM                   
000001bc  ADC10SA                    
00000200  cnf                        
00000226  uartUsartRegs              
0000023e  uartRxBuf                  
00000252  uartTxBuf                  
00000266  diferencia                 
00000272  prtInfList                 
0000027c  rf_rxBuffer                
00000286  rf_rxCalibration           
0000028c  rf_txCalibration           
00000292  ciclo_correccion           
00000296  proxima_correccion         
0000029e  timestamp_final            
000002a2  timestamp_inicial          
000002a6  timestamprx                
000002aa  LedRojo                    
000002ac  LedVerde                   
000002ae  Switch1                    
000002b0  bsp_contMs                 
000002b2  rebasesRX                  
000002b4  spiBaseAdd                 
000002b8  tar_inicial                
000002ba  timestamp_TAR              
000002bc  bspFlags                   
000002bd  cont_rebase_timer          
000002be  i                          
000002bf  rf_rxAddr                  
000002c0  rf_rxLen                   
000002c1  rf_rxLqi                   
000002c2  rf_rxRssi                  
000002c4  tar_segundo                
000002c6  flagdespertar              
000002c7  estado                     
000002c8  net_myAddr                 
000002c9  flagCalibration            
000002ca  EstadoCalibration          
000002cb  tiem_envio                 
000002cc  correccion                 
000002ce  flag_calibracion_automatica
000002d4  paTableLen                 
000002d5  flag_wakeup                
000002d6  bsp_contTAR                
000002de  paTable                    
00000388  _stack                     
00000400  __STACK_END                
000010f8  CALDCO_16MHZ               
000010f9  CALBC1_16MHZ               
000010fa  CALDCO_12MHZ               
000010fb  CALBC1_12MHZ               
000010fc  CALDCO_8MHZ                
000010fd  CALBC1_8MHZ                
000010fe  CALDCO_1MHZ                
000010ff  CALBC1_1MHZ                
0000c000  __mspabi_divull            
0000c3ac  __mspabi_addd              
0000c694  configUSCIUart             
0000c928  hal_pin_config             
0000cb9c  __TI_frcaddd               
0000cfee  __TI_printfi_nofloat       
0000d1be  main                       
0000d38c  bsp_Init                   
0000d54e  hal_cc2500_WriteRFSettings 
0000d99e  __mspabi_subf              
0000d9a4  __mspabi_addf              
0000dace  hal_cc2500_receivePacket   
0000dcf2  Calibration                
0000ddd0  __mspabi_cmpd              
0000deac  hal_cc2500_sendPacket      
0000df82  _Dint                      
0000e04e  round                      
0000e112  __mspabi_mpyf              
0000e1d4  __TI_renormd               
0000e340  Ta1_ISR                    
0000e488  __mspabi_divf              
0000e5b2  initUartPort               
0000e630  uartSendDataBlocking       
0000e6a8  __mspabi_cvtfd             
0000e710  hal_cc2500_writeBurstReg   
0000e7da  port2_ISR                  
0000e83e  hal_cc2500_readBurstReg    
0000e89a  __mspabi_srll_15           
0000e8a0  __mspabi_srll_14           
0000e8a6  __mspabi_srll_13           
0000e8ac  __mspabi_srll_12           
0000e8b2  __mspabi_srll_11           
0000e8b8  __mspabi_srll_10           
0000e8be  __mspabi_srll_9            
0000e8c4  __mspabi_srll_8            
0000e8ca  __mspabi_srll_7            
0000e8d0  __mspabi_srll_6            
0000e8d6  __mspabi_srll_5            
0000e8dc  __mspabi_srll_4            
0000e8e2  __mspabi_srll_3            
0000e8e8  __mspabi_srll_2            
0000e8ee  __mspabi_srll_1            
0000e8f6  _auto_init                 
0000e94e  __mspabi_divul             
0000e94e  __mspabi_remul             
0000e9a6  uart_USCI_A0_TX_ISR        
0000e9fe  atoi                       
0000ea50  hal_cc2500_powerupReset    
0000eaa2  hal_pin_out                
0000eaf2  __mspabi_srli              
0000eb00  __mspabi_srli_15           
0000eb04  __mspabi_srli_14           
0000eb08  __mspabi_srli_13           
0000eb0c  __mspabi_srli_12           
0000eb10  __mspabi_srli_11           
0000eb14  __mspabi_srli_10           
0000eb18  __mspabi_srli_9            
0000eb1c  __mspabi_srli_8            
0000eb20  __mspabi_srli_7            
0000eb24  __mspabi_srli_6            
0000eb28  __mspabi_srli_5            
0000eb2c  __mspabi_srli_4            
0000eb30  __mspabi_srli_3            
0000eb34  __mspabi_srli_2            
0000eb38  __mspabi_srli_1            
0000eb3e  setUartRxBuffer            
0000eb86  setUartTxBuffer            
0000ebce  __mspabi_fixfu             
0000ec14  __mspabi_srlll             
0000ec9c  app_TimerISR_1s            
0000ece0  hal_cc2500_writeReg        
0000ed24  RF_getRxPacket             
0000ed66  __mspabi_sllll             
0000eda8  __mspabi_sral_15           
0000edac  __mspabi_sral_14           
0000edb0  __mspabi_sral_13           
0000edb4  __mspabi_sral_12           
0000edb8  __mspabi_sral_11           
0000edbc  __mspabi_sral_10           
0000edc0  __mspabi_sral_9            
0000edc4  __mspabi_sral_8            
0000edc8  __mspabi_sral_7            
0000edcc  __mspabi_sral_6            
0000edd0  __mspabi_sral_5            
0000edd4  __mspabi_sral_4            
0000edd8  __mspabi_sral_3            
0000eddc  __mspabi_sral_2            
0000ede0  __mspabi_sral_1            
0000ede6  spi1_wr                    
0000ee24  Port1_ISR                  
0000ee60  hal_cc2500_readReg         
0000ee9a  hal_cc2500_readStatus      
0000eed4  spi1_setup                 
0000ef0e  enableUartRx               
0000ef46  sprintf                    
0000ef7e  __mspabi_fltif             
0000efb4  Tb1_ISR                    
0000efe8  hal_cc2500_status          
0000f01a  initBufferDefaults         
0000f04c  __mspabi_fltulf            
0000f07e  spi1_rxFinish              
0000f0b0  uart_USCI_A0_RX_ISR        
0000f0e2  TimeStamp                  
0000f112  hal_cc2500_strobe          
0000f142  hal_cc2500_wakeup          
0000f172  __mspabi_subd              
0000f1a0  hal_pin_toggle             
0000f1ce  __mspabi_srai              
0000f1da  __mspabi_srai_15           
0000f1dc  __mspabi_srai_14           
0000f1de  __mspabi_srai_13           
0000f1e0  __mspabi_srai_12           
0000f1e2  __mspabi_srai_11           
0000f1e4  __mspabi_srai_10           
0000f1e6  __mspabi_srai_9            
0000f1e8  __mspabi_srai_8            
0000f1ea  __mspabi_srai_7            
0000f1ec  __mspabi_srai_6            
0000f1ee  __mspabi_srai_5            
0000f1f0  __mspabi_srai_4            
0000f1f2  __mspabi_srai_3            
0000f1f4  __mspabi_srai_2            
0000f1f6  __mspabi_srai_1            
0000f1fa  __mspabi_slli              
0000f206  __mspabi_slli_15           
0000f208  __mspabi_slli_14           
0000f20a  __mspabi_slli_13           
0000f20c  __mspabi_slli_12           
0000f20e  __mspabi_slli_11           
0000f210  __mspabi_slli_10           
0000f212  __mspabi_slli_9            
0000f214  __mspabi_slli_8            
0000f216  __mspabi_slli_7            
0000f218  __mspabi_slli_6            
0000f21a  __mspabi_slli_5            
0000f21c  __mspabi_slli_4            
0000f21e  __mspabi_slli_3            
0000f220  __mspabi_slli_2            
0000f222  __mspabi_slli_1            
0000f226  uartSendStringBlocking     
0000f252  hal_pin_init               
0000f27c  initUartDriver             
0000f2a6  spi1_txBufReady            
0000f2d0  hal_pin_in                 
0000f2f8  hal_pin_intGetFlag         
0000f320  hal_pin_intClearFlag       
0000f344  hal_pin_intDisable         
0000f364  hal_pin_intEnable          
0000f384  spi1_write                 
0000f3a2  escribir_TimeStamp         
0000f3be  RF_SendPacket              
0000f3d8  USCI_A0_RX_ISR             
0000f3f2  USCI_A0_TX_ISR             
0000f40c  _c_int00_noargs_noexit     
0000f440  bsp_msDelay                
0000f45a  memccpy                    
0000f474  __mspabi_divu              
0000f474  __mspabi_remu              
0000f48a  sw_state                   
0000f4a0  app_TimerISR_1ms           
0000f4b4  __TI_zero_init             
0000f4c8  memset                     
0000f4dc  __mspabi_mpyi              
0000f4dc  __mspabi_mpyi_sw           
0000f4f0  serie_SendString           
0000f516  __TI_decompress_none       
0000f528  __mspabi_srll              
0000f53a  memcpy                     
0000f54c  __mspabi_sral              
0000f55c  __mspabi_slll              
0000f56c  led_Off                    
0000f57c  __mspabi_func_epilog_7     
0000f57e  __mspabi_func_epilog_6     
0000f580  __mspabi_func_epilog_5     
0000f582  __mspabi_func_epilog_4     
0000f584  __mspabi_func_epilog_3     
0000f586  __mspabi_func_epilog_2     
0000f588  __mspabi_func_epilog_1     
0000f58c  RF_rxDataReady             
0000f59a  led_Toggle                 
0000f5a8  strlen                     
0000f5b6  spi1_busy                  
0000f5c2  RF_PwrUpRx                 
0000f5cc  spi1_start                 
0000f5d6  Timer_Desabilitar          
0000f5de  Timer_Habilitar            
0000f5e6  __TI_decompress_rle24      
0000f5ec  get_tar                    
0000f5f2  _system_pre_init           
0000f5f6  C$$EXIT                    
0000f5f6  abort                      
0000f5fa  ISR_trap                   
0000f5fc  app_RxPacketISR            
0000f5fe  _ctypes_                   
0000f700  pinLedVerde                
0000f70a  pinLedRojo                 
0000f714  pinSW1                     
0000f71e  pinActMedicion             
0000f728  pinADBateria               
0000f732  pinVset                    
0000f73c  cc_gdo0                    
0000f746  cc_gdo2                    
0000f750  cc_spinCS                  
0000f75a  cc_spiSIMO                 
0000f764  cc_spiSOMI                 
0000f76e  cc_spiCLK                  
0000f778  uart_TX                    
0000f782  uart_RX                    
0000f78c  pinPort                    
0000f850  __TI_Handler_Table_Base    
0000f856  __TI_Handler_Table_Limit   
0000f85a  __TI_CINIT_Base            
0000f862  __TI_CINIT_Limit           
0000ffe4  __TI_int02                 
0000ffe6  __TI_int03                 
0000ffea  __TI_int05                 
0000ffec  __TI_int06                 
0000ffee  __TI_int07                 
0000fff0  __TI_int08                 
0000fff2  __TI_int09                 
0000fff4  __TI_int10                 
0000fff8  __TI_int12                 
0000fffa  __TI_int13                 
0000fffc  __TI_int14                 
0000fffe  _reset_vector              
ffffffff  __binit__                  
ffffffff  __c_args__                 
ffffffff  binit                      
UNDEFED   __TI_INITARRAY_Base        
UNDEFED   __TI_INITARRAY_Limit       

[372 symbols]
