******************************************************************************
                  MSP430 Linker PC v4.4.3                      
******************************************************************************
>> Linked Wed Oct 14 17:00:18 2015

OUTPUT FILE NAME:   <Comunicacion.out>
ENTRY POINT SYMBOL: "_c_int00_noargs_noexit"  address: 00002234


MEMORY CONFIGURATION

         name            origin    length      used     unused   attr    fill
----------------------  --------  ---------  --------  --------  ----  --------
  SFR                   00000000   00000010  00000000  00000010  RWIX
  PERIPHERALS_8BIT      00000010   000000f0  00000000  000000f0  RWIX
  PERIPHERALS_16BIT     00000100   00000100  00000000  00000100  RWIX
  INFOB                 00001000   00000080  00000000  00000080  RWIX
  INFOA                 00001080   00000080  00000000  00000080  RWIX
  RAM                   00001100   00001000  00000083  00000f7d  RWIX
  FLASH                 00002100   0000dec0  000003b2  0000db0e  RWIX
  INT00                 0000ffc0   00000002  00000000  00000002  RWIX
  INT01                 0000ffc2   00000002  00000000  00000002  RWIX
  INT02                 0000ffc4   00000002  00000000  00000002  RWIX
  INT03                 0000ffc6   00000002  00000000  00000002  RWIX
  INT04                 0000ffc8   00000002  00000000  00000002  RWIX
  INT05                 0000ffca   00000002  00000000  00000002  RWIX
  INT06                 0000ffcc   00000002  00000000  00000002  RWIX
  INT07                 0000ffce   00000002  00000000  00000002  RWIX
  INT08                 0000ffd0   00000002  00000000  00000002  RWIX
  INT09                 0000ffd2   00000002  00000000  00000002  RWIX
  INT10                 0000ffd4   00000002  00000000  00000002  RWIX
  INT11                 0000ffd6   00000002  00000000  00000002  RWIX
  INT12                 0000ffd8   00000002  00000000  00000002  RWIX
  INT13                 0000ffda   00000002  00000000  00000002  RWIX
  INT14                 0000ffdc   00000002  00000002  00000000  RWIX
  INT15                 0000ffde   00000002  00000002  00000000  RWIX
  INT16                 0000ffe0   00000002  00000002  00000000  RWIX
  INT17                 0000ffe2   00000002  00000002  00000000  RWIX
  INT18                 0000ffe4   00000002  00000002  00000000  RWIX
  INT19                 0000ffe6   00000002  00000002  00000000  RWIX
  INT20                 0000ffe8   00000002  00000002  00000000  RWIX
  INT21                 0000ffea   00000002  00000002  00000000  RWIX
  INT22                 0000ffec   00000002  00000002  00000000  RWIX
  INT23                 0000ffee   00000002  00000002  00000000  RWIX
  INT24                 0000fff0   00000002  00000002  00000000  RWIX
  INT25                 0000fff2   00000002  00000002  00000000  RWIX
  INT26                 0000fff4   00000002  00000002  00000000  RWIX
  INT27                 0000fff6   00000002  00000002  00000000  RWIX
  INT28                 0000fff8   00000002  00000002  00000000  RWIX
  INT29                 0000fffa   00000002  00000002  00000000  RWIX
  INT30                 0000fffc   00000002  00000002  00000000  RWIX
  RESET                 0000fffe   00000002  00000002  00000000  RWIX
  FLASH2                00010000   00010000  00000528  0000fad8  RWIX


SECTION ALLOCATION MAP

 output                                  attributes/
section   page    origin      length       input sections
--------  ----  ----------  ----------   ----------------
.bss       0    00001100    00000029     UNINITIALIZED
                  00001100    00000014     (.common:prtInfList)
                  00001114    0000000a     (.common:rf_rxBuffer)
                  0000111e    00000004     (.common:spiBaseAdd)
                  00001122    00000002     (.common:bsp_contMs)
                  00001124    00000001     (.common:bspFlags)
                  00001125    00000001     (.common:rf_rxAddr)
                  00001126    00000001     (.common:rf_rxLen)
                  00001127    00000001     (.common:rf_rxLqi)
                  00001128    00000001     (.common:rf_rxRssi)

.data      0    0000112a    0000000a     UNINITIALIZED
                  0000112a    0000000a     bsp.obj (.data)

.stack     0    000020b0    00000050     UNINITIALIZED
                  000020b0    00000004     rts430x_lc_rd_eabi.lib : boot.obj (.stack)
                  000020b4    0000004c     --HOLE--

.text:_isr 
*          0    00002100    0000016a     
                  00002100    00000088     bsp.obj (.text:_isr:Ta1_ISR)
                  00002188    0000005c     bsp.obj (.text:_isr:port2_ISR)
                  000021e4    0000002c     bsp.obj (.text:_isr:Port1_ISR)
                  00002210    00000024     bsp.obj (.text:_isr:Tb1_ISR)
                  00002234    0000001a     rts430x_lc_rd_eabi.lib : boot_special.obj (.text:_isr:_c_int00_noargs_noexit)
                  0000224e    0000000a     bsp.obj (.text:_isr:USCI_A0_RX_ISR)
                  00002258    0000000a     bsp.obj (.text:_isr:USCI_A0_TX_ISR)
                  00002262    00000006     rts430x_lc_rd_eabi.lib : isr_trap.obj (.text:_isr:__TI_ISR_TRAP)
                  00002268    00000002     bsp.obj (.text:_isr:ISR_trap)

.const     0    0000226a    0000021c     
                  0000226a    00000190     hal_pin.obj (.const:pinPort)
                  000023fa    0000008c     bsp.obj (.const)

.cinit     0    00002486    0000002c     
                  00002486    0000000c     (__TI_handler_table)
                  00002492    0000000a     (.cinit..data.load) [load image, compression = rle]
                  0000249c    00000006     (.cinit..bss.load) [load image, compression = zero_init]
                  000024a2    00000010     (__TI_cinit_table)

.init_array 
*          0    00002100    00000000     UNINITIALIZED

.TI.persistent 
*          0    0000112a    00000000     UNINITIALIZED

DAC12      0    0000ffdc    00000002     
                  0000ffdc    00000002     rts430x_lc_rd_eabi.lib : int14.obj (.int14)

DMA        0    0000ffde    00000002     
                  0000ffde    00000002     rts430x_lc_rd_eabi.lib : int15.obj (.int15)

BASICTIMER 
*          0    0000ffe0    00000002     
                  0000ffe0    00000002     rts430x_lc_rd_eabi.lib : int16.obj (.int16)

PORT2      0    0000ffe2    00000002     
                  0000ffe2    00000002     bsp.obj (.int17)

USART1TX   0    0000ffe4    00000002     
                  0000ffe4    00000002     rts430x_lc_rd_eabi.lib : int18.obj (.int18)

USART1RX   0    0000ffe6    00000002     
                  0000ffe6    00000002     rts430x_lc_rd_eabi.lib : int19.obj (.int19)

PORT1      0    0000ffe8    00000002     
                  0000ffe8    00000002     bsp.obj (.int20)

TIMERA1    0    0000ffea    00000002     
                  0000ffea    00000002     bsp.obj (.int21)

TIMERA0    0    0000ffec    00000002     
                  0000ffec    00000002     bsp.obj (.int22)

ADC12      0    0000ffee    00000002     
                  0000ffee    00000002     rts430x_lc_rd_eabi.lib : int23.obj (.int23)

USCIAB0TX 
*          0    0000fff0    00000002     
                  0000fff0    00000002     bsp.obj (.int24)

USCIAB0RX 
*          0    0000fff2    00000002     
                  0000fff2    00000002     bsp.obj (.int25)

WDT        0    0000fff4    00000002     
                  0000fff4    00000002     bsp.obj (.int26)

COMPARATORA 
*          0    0000fff6    00000002     
                  0000fff6    00000002     rts430x_lc_rd_eabi.lib : int27.obj (.int27)

TIMERB1    0    0000fff8    00000002     
                  0000fff8    00000002     bsp.obj (.int28)

TIMERB0    0    0000fffa    00000002     
                  0000fffa    00000002     bsp.obj (.int29)

NMI        0    0000fffc    00000002     
                  0000fffc    00000002     bsp.obj (.int30)

.reset     0    0000fffe    00000002     
                  0000fffe    00000002     rts430x_lc_rd_eabi.lib : boot.obj (.reset)

.text      0    00010000    00000528     
                  00010000    000000ee     hal_cc2500.obj (.text:hal_cc2500_receivePacket)
                  000100ee    0000006c     rts430x_lc_rd_eabi.lib : autoinit_wdt.obj (.text:_auto_init_hold_wdt)
                  0001015a    00000068                            : copy_decompress_rle.obj (.text:__TI_decompress_rle_core)
                  000101c2    0000005e     uart.obj (.text:uart_USCI_A0_TX_ISR)
                  00010220    00000046     hal_cc2500.obj (.text:hal_cc2500_readBurstReg)
                  00010266    0000003c     hal_pin.obj (.text:hal_pin_out)
                  000102a2    00000038     uart.obj (.text:uart_USCI_A0_RX_ISR)
                  000102da    00000034     hal_cc2500.obj (.text:hal_cc2500_readReg)
                  0001030e    00000034     hal_cc2500.obj (.text:hal_cc2500_readStatus)
                  00010342    00000030     hal_cc2500.obj (.text:hal_cc2500_wakeup)
                  00010372    0000002e     hal_cc2500.obj (.text:hal_cc2500_strobe)
                  000103a0    0000002c     hal_usci_spi.obj (.text:spi1_wr)
                  000103cc    00000024     rts430x_lc_rd_eabi.lib : copy_zero_init.obj (.text:decompress:ZI:__TI_zero_init)
                  000103f0    00000022     bsp.obj (.text:TimeStamp)
                  00010412    00000022     hal_pin.obj (.text:hal_pin_in)
                  00010434    00000022     hal_pin.obj (.text:hal_pin_intGetFlag)
                  00010456    0000001e     hal_pin.obj (.text:hal_pin_intClearFlag)
                  00010474    0000001e     hal_usci_spi.obj (.text:spi1_rxFinish)
                  00010492    0000001c     hal_usci_spi.obj (.text:spi1_write)
                  000104ae    00000018     hal_usci_spi.obj (.text:spi1_txBufReady)
                  000104c6    00000016     rts430x_lc_rd_eabi.lib : mult16_hw.obj (.text)
                  000104dc    00000014                            : memcpy.obj (.text:memcpy)
                  000104f0    00000012                            : copy_decompress_none.obj (.text:decompress:none:__TI_decompress_none)
                  00010502    0000000c     hal_usci_spi.obj (.text:spi1_busy)
                  0001050e    00000008     bsp.obj (.text:led_Off)
                  00010516    00000006     rts430x_lc_rd_eabi.lib : copy_decompress_rle.obj (.text:decompress:rle24:__TI_decompress_rle24)
                  0001051c    00000004                            : pre_init.obj (.text:_system_pre_init)
                  00010520    00000004                            : exit.obj (.text:abort)
                  00010524    00000004     main.obj (.text:main)


LINKER GENERATED COPY TABLES

__TI_cinit_table @ 000024a2 records: 2, size/record: 8, table size: 16
	.data: load addr=00002492, load size=0000000a bytes, run addr=0000112a, run size=0000000a bytes, compression=rle
	.bss: load addr=0000249c, load size=00000006 bytes, run addr=00001100, run size=00000029 bytes, compression=zero_init


LINKER GENERATED HANDLER TABLE

__TI_handler_table @ 00002486 records: 3, size/record: 4, table size: 12
	index: 0, handler: __TI_zero_init
	index: 1, handler: __TI_decompress_rle24
	index: 2, handler: __TI_decompress_none


GLOBAL SYMBOLS: SORTED ALPHABETICALLY BY Name 

address   name                    
-------   ----                    
000001a0  ADC12CTL0               
000001a2  ADC12CTL1               
000001a6  ADC12IE                 
000001a4  ADC12IFG                
000001a8  ADC12IV                 
00000080  ADC12MCTL0              
00000081  ADC12MCTL1              
0000008a  ADC12MCTL10             
0000008b  ADC12MCTL11             
0000008c  ADC12MCTL12             
0000008d  ADC12MCTL13             
0000008e  ADC12MCTL14             
0000008f  ADC12MCTL15             
00000082  ADC12MCTL2              
00000083  ADC12MCTL3              
00000084  ADC12MCTL4              
00000085  ADC12MCTL5              
00000086  ADC12MCTL6              
00000087  ADC12MCTL7              
00000088  ADC12MCTL8              
00000089  ADC12MCTL9              
00000140  ADC12MEM0               
00000142  ADC12MEM1               
00000154  ADC12MEM10              
00000156  ADC12MEM11              
00000158  ADC12MEM12              
0000015a  ADC12MEM13              
0000015c  ADC12MEM14              
0000015e  ADC12MEM15              
00000144  ADC12MEM2               
00000146  ADC12MEM3               
00000148  ADC12MEM4               
0000014a  ADC12MEM5               
0000014c  ADC12MEM6               
0000014e  ADC12MEM7               
00000150  ADC12MEM8               
00000152  ADC12MEM9               
00000046  BTCNT1                  
00000046  BTCNT12                 
00000047  BTCNT2                  
00000040  BTCTL                   
00010520  C$$EXIT                 
00000059  CACTL1                  
0000005a  CACTL2                  
0000005b  CAPD                    
000001c0  DAC12_0CTL              
000001c8  DAC12_0DAT              
000001c2  DAC12_1CTL              
000001ca  DAC12_1DAT              
000001d0  DMA0CTL                 
000001d6  DMA0DA                  
000001d6  DMA0DAL                 
000001d2  DMA0SA                  
000001d2  DMA0SAL                 
000001da  DMA0SZ                  
000001dc  DMA1CTL                 
000001e2  DMA1DA                  
000001e2  DMA1DAL                 
000001de  DMA1SA                  
000001de  DMA1SAL                 
000001e6  DMA1SZ                  
000001e8  DMA2CTL                 
000001ee  DMA2DA                  
000001ee  DMA2DAL                 
000001ea  DMA2SA                  
000001ea  DMA2SAL                 
000001f2  DMA2SZ                  
00000122  DMACTL0                 
00000124  DMACTL1                 
00000126  DMAIV                   
00000128  FCTL1                   
0000012a  FCTL2                   
0000012c  FCTL3                   
00000053  FLL_CTL0                
00000054  FLL_CTL1                
00000000  IE1                     
00000001  IE2                     
00000002  IFG1                    
00000003  IFG2                    
00002268  ISR_trap                
00000090  LCDACTL                 
000000ac  LCDAPCTL0               
000000ad  LCDAPCTL1               
000000ae  LCDAVCTL0               
000000af  LCDAVCTL1               
00000091  LCDM1                   
0000009a  LCDM10                  
0000009b  LCDM11                  
0000009c  LCDM12                  
0000009d  LCDM13                  
0000009e  LCDM14                  
0000009f  LCDM15                  
000000a0  LCDM16                  
000000a1  LCDM17                  
000000a2  LCDM18                  
000000a3  LCDM19                  
00000092  LCDM2                   
000000a4  LCDM20                  
00000093  LCDM3                   
00000094  LCDM4                   
00000095  LCDM5                   
00000096  LCDM6                   
00000097  LCDM7                   
00000098  LCDM8                   
00000099  LCDM9                   
UNDEFED   LedVerde                
00000134  MAC                     
00000136  MACS                    
00000005  ME2                     
00000130  MPY                     
00000132  MPYS                    
000000c0  OA0CTL0                 
000000c1  OA0CTL1                 
000000c2  OA1CTL0                 
000000c3  OA1CTL1                 
000000c4  OA2CTL0                 
000000c5  OA2CTL1                 
00000138  OP2                     
0000000d  P10DIR                  
00000009  P10IN                   
0000000b  P10OUT                  
0000000f  P10SEL                  
00000022  P1DIR                   
00000025  P1IE                    
00000024  P1IES                   
00000023  P1IFG                   
00000020  P1IN                    
00000021  P1OUT                   
00000026  P1SEL                   
0000002a  P2DIR                   
0000002d  P2IE                    
0000002c  P2IES                   
0000002b  P2IFG                   
00000028  P2IN                    
00000029  P2OUT                   
0000002e  P2SEL                   
0000001a  P3DIR                   
00000018  P3IN                    
00000019  P3OUT                   
0000001b  P3SEL                   
0000001e  P4DIR                   
0000001c  P4IN                    
0000001d  P4OUT                   
0000001f  P4SEL                   
00000032  P5DIR                   
00000030  P5IN                    
00000031  P5OUT                   
00000033  P5SEL                   
00000036  P6DIR                   
00000034  P6IN                    
00000035  P6OUT                   
00000037  P6SEL                   
0000003c  P7DIR                   
00000038  P7IN                    
0000003a  P7OUT                   
0000003e  P7SEL                   
0000003d  P8DIR                   
00000039  P8IN                    
0000003b  P8OUT                   
0000003f  P8SEL                   
0000000c  P9DIR                   
00000008  P9IN                    
0000000a  P9OUT                   
0000000e  P9SEL                   
0000003c  PADIR                   
00000038  PAIN                    
0000003a  PAOUT                   
0000003e  PASEL                   
0000000c  PBDIR                   
00000008  PBIN                    
0000000a  PBOUT                   
0000000e  PBSEL                   
000021e4  Port1_ISR               
0000013c  RESHI                   
0000013a  RESLO                   
00010000  RF_ReceivePacket        
00000041  RTCCTL                  
0000004c  RTCDATE                 
0000004c  RTCDAY                  
0000004d  RTCMON                  
00000042  RTCNT1                  
00000043  RTCNT2                  
00000044  RTCNT3                  
00000045  RTCNT4                  
00000042  RTCTIM0                 
00000044  RTCTIM1                 
00000040  RTCTL                   
0000004e  RTCYEAR                 
0000004f  RTCYEARH                
0000004e  RTCYEARL                
00000050  SCFI0                   
00000051  SCFI1                   
00000052  SCFQCTL                 
0000013e  SUMEXT                  
00000056  SVSCTL                  
00000172  TACCR0                  
00000174  TACCR1                  
00000176  TACCR2                  
00000162  TACCTL0                 
00000164  TACCTL1                 
00000166  TACCTL2                 
00000160  TACTL                   
0000012e  TAIV                    
00000170  TAR                     
00000192  TBCCR0                  
00000194  TBCCR1                  
00000196  TBCCR2                  
00000198  TBCCR3                  
0000019a  TBCCR4                  
0000019c  TBCCR5                  
0000019e  TBCCR6                  
00000182  TBCCTL0                 
00000184  TBCCTL1                 
00000186  TBCCTL2                 
00000188  TBCCTL3                 
0000018a  TBCCTL4                 
0000018c  TBCCTL5                 
0000018e  TBCCTL6                 
00000180  TBCTL                   
0000011e  TBIV                    
00000190  TBR                     
00002100  Ta1_ISR                 
00002210  Tb1_ISR                 
000103f0  TimeStamp               
0000007c  U1BR0                   
0000007d  U1BR1                   
00000078  U1CTL                   
0000007b  U1MCTL                  
0000007a  U1RCTL                  
0000007e  U1RXBUF                 
00000079  U1TCTL                  
0000007f  U1TXBUF                 
0000005d  UCA0ABCTL               
00000062  UCA0BR0                 
00000063  UCA0BR1                 
00000060  UCA0CTL0                
00000061  UCA0CTL1                
0000005f  UCA0IRRCTL              
0000005e  UCA0IRTCTL              
00000064  UCA0MCTL                
00000066  UCA0RXBUF               
00000065  UCA0STAT                
00000067  UCA0TXBUF               
0000006a  UCB0BR0                 
0000006b  UCB0BR1                 
00000068  UCB0CTL0                
00000069  UCB0CTL1                
0000006c  UCB0I2CIE               
00000118  UCB0I2COA               
0000011a  UCB0I2CSA               
0000006e  UCB0RXBUF               
0000006d  UCB0STAT                
0000006f  UCB0TXBUF               
0000224e  USCI_A0_RX_ISR          
00002258  USCI_A0_TX_ISR          
00000120  WDTCTL                  
00002100  __STACK_END             
00000050  __STACK_SIZE            
000024a2  __TI_CINIT_Base         
000024b2  __TI_CINIT_Limit        
00002486  __TI_Handler_Table_Base 
00002492  __TI_Handler_Table_Limit
UNDEFED   __TI_INITARRAY_Base     
UNDEFED   __TI_INITARRAY_Limit    
00002262  __TI_ISR_TRAP           
000104f0  __TI_decompress_none    
00010516  __TI_decompress_rle24   
0000ffdc  __TI_int14              
0000ffde  __TI_int15              
0000ffe0  __TI_int16              
0000ffe2  __TI_int17              
0000ffe4  __TI_int18              
0000ffe6  __TI_int19              
0000ffe8  __TI_int20              
0000ffea  __TI_int21              
0000ffec  __TI_int22              
0000ffee  __TI_int23              
0000fff0  __TI_int24              
0000fff2  __TI_int25              
0000fff4  __TI_int26              
0000fff6  __TI_int27              
0000fff8  __TI_int28              
0000fffa  __TI_int29              
0000fffc  __TI_int30              
000103cc  __TI_zero_init          
ffffffff  __binit__               
ffffffff  __c_args__              
000104c6  __mspabi_mpyi_hw        
000100ee  _auto_init_hold_wdt     
00002234  _c_int00_noargs_noexit  
0000fffe  _reset_vector           
000020b0  _stack                  
0001051c  _system_pre_init        
00010520  abort                   
UNDEFED   app_RxPacketISR         
UNDEFED   app_TimerISR_1ms        
UNDEFED   app_TimerISR_1s         
ffffffff  binit                   
00001124  bspFlags                
00001122  bsp_contMs              
0000112c  bsp_contTAR             
0000242c  cc_LNAEN                
00002422  cc_PAEN                 
00002436  cc_gdo0                 
00002440  cc_gdo2                 
00002468  cc_spiCLK               
00002454  cc_spiSIMO              
0000245e  cc_spiSOMI              
0000244a  cc_spinCS               
UNDEFED   ciclo_correccion        
UNDEFED   cont_rebase_timer       
UNDEFED   correccion              
0000112b  flag_wakeup             
00010220  hal_cc2500_readBurstReg 
000102da  hal_cc2500_readReg      
0001030e  hal_cc2500_readStatus   
00010000  hal_cc2500_receivePacket
00010372  hal_cc2500_strobe       
00010342  hal_cc2500_wakeup       
00010412  hal_pin_in              
00010456  hal_pin_intClearFlag    
00010434  hal_pin_intGetFlag      
00010266  hal_pin_out             
0001050e  led_Off                 
00010524  main                    
000104dc  memcpy                  
0000112a  paTableLen              
00002404  pinLedRojo              
000023fa  pinLedVerde             
0000226a  pinPort                 
0000240e  pinSW1                  
00002418  pinSW2                  
00002188  port2_ISR               
UNDEFED   proxima_correccion      
00001100  prtInfList              
00001125  rf_rxAddr               
00001114  rf_rxBuffer             
00001126  rf_rxLen                
00001127  rf_rxLqi                
00001128  rf_rxRssi               
00010502  spi1_busy               
00010474  spi1_rxFinish           
000104ae  spi1_txBufReady         
000103a0  spi1_wr                 
00010492  spi1_write              
0000111e  spiBaseAdd              
0000247c  uart_RX                 
00002472  uart_TX                 
000102a2  uart_USCI_A0_RX_ISR     
000101c2  uart_USCI_A0_TX_ISR     


GLOBAL SYMBOLS: SORTED BY Symbol Address 

address   name                    
-------   ----                    
00000000  IE1                     
00000001  IE2                     
00000002  IFG1                    
00000003  IFG2                    
00000005  ME2                     
00000008  P9IN                    
00000008  PBIN                    
00000009  P10IN                   
0000000a  P9OUT                   
0000000a  PBOUT                   
0000000b  P10OUT                  
0000000c  P9DIR                   
0000000c  PBDIR                   
0000000d  P10DIR                  
0000000e  P9SEL                   
0000000e  PBSEL                   
0000000f  P10SEL                  
00000018  P3IN                    
00000019  P3OUT                   
0000001a  P3DIR                   
0000001b  P3SEL                   
0000001c  P4IN                    
0000001d  P4OUT                   
0000001e  P4DIR                   
0000001f  P4SEL                   
00000020  P1IN                    
00000021  P1OUT                   
00000022  P1DIR                   
00000023  P1IFG                   
00000024  P1IES                   
00000025  P1IE                    
00000026  P1SEL                   
00000028  P2IN                    
00000029  P2OUT                   
0000002a  P2DIR                   
0000002b  P2IFG                   
0000002c  P2IES                   
0000002d  P2IE                    
0000002e  P2SEL                   
00000030  P5IN                    
00000031  P5OUT                   
00000032  P5DIR                   
00000033  P5SEL                   
00000034  P6IN                    
00000035  P6OUT                   
00000036  P6DIR                   
00000037  P6SEL                   
00000038  P7IN                    
00000038  PAIN                    
00000039  P8IN                    
0000003a  P7OUT                   
0000003a  PAOUT                   
0000003b  P8OUT                   
0000003c  P7DIR                   
0000003c  PADIR                   
0000003d  P8DIR                   
0000003e  P7SEL                   
0000003e  PASEL                   
0000003f  P8SEL                   
00000040  BTCTL                   
00000040  RTCTL                   
00000041  RTCCTL                  
00000042  RTCNT1                  
00000042  RTCTIM0                 
00000043  RTCNT2                  
00000044  RTCNT3                  
00000044  RTCTIM1                 
00000045  RTCNT4                  
00000046  BTCNT1                  
00000046  BTCNT12                 
00000047  BTCNT2                  
0000004c  RTCDATE                 
0000004c  RTCDAY                  
0000004d  RTCMON                  
0000004e  RTCYEAR                 
0000004e  RTCYEARL                
0000004f  RTCYEARH                
00000050  SCFI0                   
00000050  __STACK_SIZE            
00000051  SCFI1                   
00000052  SCFQCTL                 
00000053  FLL_CTL0                
00000054  FLL_CTL1                
00000056  SVSCTL                  
00000059  CACTL1                  
0000005a  CACTL2                  
0000005b  CAPD                    
0000005d  UCA0ABCTL               
0000005e  UCA0IRTCTL              
0000005f  UCA0IRRCTL              
00000060  UCA0CTL0                
00000061  UCA0CTL1                
00000062  UCA0BR0                 
00000063  UCA0BR1                 
00000064  UCA0MCTL                
00000065  UCA0STAT                
00000066  UCA0RXBUF               
00000067  UCA0TXBUF               
00000068  UCB0CTL0                
00000069  UCB0CTL1                
0000006a  UCB0BR0                 
0000006b  UCB0BR1                 
0000006c  UCB0I2CIE               
0000006d  UCB0STAT                
0000006e  UCB0RXBUF               
0000006f  UCB0TXBUF               
00000078  U1CTL                   
00000079  U1TCTL                  
0000007a  U1RCTL                  
0000007b  U1MCTL                  
0000007c  U1BR0                   
0000007d  U1BR1                   
0000007e  U1RXBUF                 
0000007f  U1TXBUF                 
00000080  ADC12MCTL0              
00000081  ADC12MCTL1              
00000082  ADC12MCTL2              
00000083  ADC12MCTL3              
00000084  ADC12MCTL4              
00000085  ADC12MCTL5              
00000086  ADC12MCTL6              
00000087  ADC12MCTL7              
00000088  ADC12MCTL8              
00000089  ADC12MCTL9              
0000008a  ADC12MCTL10             
0000008b  ADC12MCTL11             
0000008c  ADC12MCTL12             
0000008d  ADC12MCTL13             
0000008e  ADC12MCTL14             
0000008f  ADC12MCTL15             
00000090  LCDACTL                 
00000091  LCDM1                   
00000092  LCDM2                   
00000093  LCDM3                   
00000094  LCDM4                   
00000095  LCDM5                   
00000096  LCDM6                   
00000097  LCDM7                   
00000098  LCDM8                   
00000099  LCDM9                   
0000009a  LCDM10                  
0000009b  LCDM11                  
0000009c  LCDM12                  
0000009d  LCDM13                  
0000009e  LCDM14                  
0000009f  LCDM15                  
000000a0  LCDM16                  
000000a1  LCDM17                  
000000a2  LCDM18                  
000000a3  LCDM19                  
000000a4  LCDM20                  
000000ac  LCDAPCTL0               
000000ad  LCDAPCTL1               
000000ae  LCDAVCTL0               
000000af  LCDAVCTL1               
000000c0  OA0CTL0                 
000000c1  OA0CTL1                 
000000c2  OA1CTL0                 
000000c3  OA1CTL1                 
000000c4  OA2CTL0                 
000000c5  OA2CTL1                 
00000118  UCB0I2COA               
0000011a  UCB0I2CSA               
0000011e  TBIV                    
00000120  WDTCTL                  
00000122  DMACTL0                 
00000124  DMACTL1                 
00000126  DMAIV                   
00000128  FCTL1                   
0000012a  FCTL2                   
0000012c  FCTL3                   
0000012e  TAIV                    
00000130  MPY                     
00000132  MPYS                    
00000134  MAC                     
00000136  MACS                    
00000138  OP2                     
0000013a  RESLO                   
0000013c  RESHI                   
0000013e  SUMEXT                  
00000140  ADC12MEM0               
00000142  ADC12MEM1               
00000144  ADC12MEM2               
00000146  ADC12MEM3               
00000148  ADC12MEM4               
0000014a  ADC12MEM5               
0000014c  ADC12MEM6               
0000014e  ADC12MEM7               
00000150  ADC12MEM8               
00000152  ADC12MEM9               
00000154  ADC12MEM10              
00000156  ADC12MEM11              
00000158  ADC12MEM12              
0000015a  ADC12MEM13              
0000015c  ADC12MEM14              
0000015e  ADC12MEM15              
00000160  TACTL                   
00000162  TACCTL0                 
00000164  TACCTL1                 
00000166  TACCTL2                 
00000170  TAR                     
00000172  TACCR0                  
00000174  TACCR1                  
00000176  TACCR2                  
00000180  TBCTL                   
00000182  TBCCTL0                 
00000184  TBCCTL1                 
00000186  TBCCTL2                 
00000188  TBCCTL3                 
0000018a  TBCCTL4                 
0000018c  TBCCTL5                 
0000018e  TBCCTL6                 
00000190  TBR                     
00000192  TBCCR0                  
00000194  TBCCR1                  
00000196  TBCCR2                  
00000198  TBCCR3                  
0000019a  TBCCR4                  
0000019c  TBCCR5                  
0000019e  TBCCR6                  
000001a0  ADC12CTL0               
000001a2  ADC12CTL1               
000001a4  ADC12IFG                
000001a6  ADC12IE                 
000001a8  ADC12IV                 
000001c0  DAC12_0CTL              
000001c2  DAC12_1CTL              
000001c8  DAC12_0DAT              
000001ca  DAC12_1DAT              
000001d0  DMA0CTL                 
000001d2  DMA0SA                  
000001d2  DMA0SAL                 
000001d6  DMA0DA                  
000001d6  DMA0DAL                 
000001da  DMA0SZ                  
000001dc  DMA1CTL                 
000001de  DMA1SA                  
000001de  DMA1SAL                 
000001e2  DMA1DA                  
000001e2  DMA1DAL                 
000001e6  DMA1SZ                  
000001e8  DMA2CTL                 
000001ea  DMA2SA                  
000001ea  DMA2SAL                 
000001ee  DMA2DA                  
000001ee  DMA2DAL                 
000001f2  DMA2SZ                  
00001100  prtInfList              
00001114  rf_rxBuffer             
0000111e  spiBaseAdd              
00001122  bsp_contMs              
00001124  bspFlags                
00001125  rf_rxAddr               
00001126  rf_rxLen                
00001127  rf_rxLqi                
00001128  rf_rxRssi               
0000112a  paTableLen              
0000112b  flag_wakeup             
0000112c  bsp_contTAR             
000020b0  _stack                  
00002100  Ta1_ISR                 
00002100  __STACK_END             
00002188  port2_ISR               
000021e4  Port1_ISR               
00002210  Tb1_ISR                 
00002234  _c_int00_noargs_noexit  
0000224e  USCI_A0_RX_ISR          
00002258  USCI_A0_TX_ISR          
00002262  __TI_ISR_TRAP           
00002268  ISR_trap                
0000226a  pinPort                 
000023fa  pinLedVerde             
00002404  pinLedRojo              
0000240e  pinSW1                  
00002418  pinSW2                  
00002422  cc_PAEN                 
0000242c  cc_LNAEN                
00002436  cc_gdo0                 
00002440  cc_gdo2                 
0000244a  cc_spinCS               
00002454  cc_spiSIMO              
0000245e  cc_spiSOMI              
00002468  cc_spiCLK               
00002472  uart_TX                 
0000247c  uart_RX                 
00002486  __TI_Handler_Table_Base 
00002492  __TI_Handler_Table_Limit
000024a2  __TI_CINIT_Base         
000024b2  __TI_CINIT_Limit        
0000ffdc  __TI_int14              
0000ffde  __TI_int15              
0000ffe0  __TI_int16              
0000ffe2  __TI_int17              
0000ffe4  __TI_int18              
0000ffe6  __TI_int19              
0000ffe8  __TI_int20              
0000ffea  __TI_int21              
0000ffec  __TI_int22              
0000ffee  __TI_int23              
0000fff0  __TI_int24              
0000fff2  __TI_int25              
0000fff4  __TI_int26              
0000fff6  __TI_int27              
0000fff8  __TI_int28              
0000fffa  __TI_int29              
0000fffc  __TI_int30              
0000fffe  _reset_vector           
00010000  RF_ReceivePacket        
00010000  hal_cc2500_receivePacket
000100ee  _auto_init_hold_wdt     
000101c2  uart_USCI_A0_TX_ISR     
00010220  hal_cc2500_readBurstReg 
00010266  hal_pin_out             
000102a2  uart_USCI_A0_RX_ISR     
000102da  hal_cc2500_readReg      
0001030e  hal_cc2500_readStatus   
00010342  hal_cc2500_wakeup       
00010372  hal_cc2500_strobe       
000103a0  spi1_wr                 
000103cc  __TI_zero_init          
000103f0  TimeStamp               
00010412  hal_pin_in              
00010434  hal_pin_intGetFlag      
00010456  hal_pin_intClearFlag    
00010474  spi1_rxFinish           
00010492  spi1_write              
000104ae  spi1_txBufReady         
000104c6  __mspabi_mpyi_hw        
000104dc  memcpy                  
000104f0  __TI_decompress_none    
00010502  spi1_busy               
0001050e  led_Off                 
00010516  __TI_decompress_rle24   
0001051c  _system_pre_init        
00010520  C$$EXIT                 
00010520  abort                   
00010524  main                    
ffffffff  __binit__               
ffffffff  __c_args__              
ffffffff  binit                   
UNDEFED   LedVerde                
UNDEFED   __TI_INITARRAY_Base     
UNDEFED   __TI_INITARRAY_Limit    
UNDEFED   app_RxPacketISR         
UNDEFED   app_TimerISR_1ms        
UNDEFED   app_TimerISR_1s         
UNDEFED   ciclo_correccion        
UNDEFED   cont_rebase_timer       
UNDEFED   correccion              
UNDEFED   proxima_correccion      

[350 symbols]
