******************************************************************************
                  MSP430 Linker PC v4.4.3                      
******************************************************************************
>> Linked Fri Nov 06 16:09:41 2015

OUTPUT FILE NAME:   <ComunicacionModuloTX.out>
ENTRY POINT SYMBOL: "_c_int00_noargs_noexit"  address: 0000229c


MEMORY CONFIGURATION

         name            origin    length      used     unused   attr    fill
----------------------  --------  ---------  --------  --------  ----  --------
  SFR                   00000000   00000010  00000000  00000010  RWIX
  PERIPHERALS_8BIT      00000010   000000f0  00000000  000000f0  RWIX
  PERIPHERALS_16BIT     00000100   00000100  00000000  00000100  RWIX
  INFOB                 00001000   00000080  00000000  00000080  RWIX
  INFOA                 00001080   00000080  00000000  00000080  RWIX
  RAM                   00001100   00001000  000001ac  00000e54  RWIX
  FLASH                 00002100   0000dec0  00000432  0000da8e  RWIX
  INT00                 0000ffc0   00000002  00000000  00000002  RWIX
  INT01                 0000ffc2   00000002  00000000  00000002  RWIX
  INT02                 0000ffc4   00000002  00000000  00000002  RWIX
  INT03                 0000ffc6   00000002  00000000  00000002  RWIX
  INT04                 0000ffc8   00000002  00000000  00000002  RWIX
  INT05                 0000ffca   00000002  00000000  00000002  RWIX
  INT06                 0000ffcc   00000002  00000000  00000002  RWIX
  INT07                 0000ffce   00000002  00000000  00000002  RWIX
  INT08                 0000ffd0   00000002  00000000  00000002  RWIX
  INT09                 0000ffd2   00000002  00000000  00000002  RWIX
  INT10                 0000ffd4   00000002  00000000  00000002  RWIX
  INT11                 0000ffd6   00000002  00000000  00000002  RWIX
  INT12                 0000ffd8   00000002  00000000  00000002  RWIX
  INT13                 0000ffda   00000002  00000000  00000002  RWIX
  INT14                 0000ffdc   00000002  00000002  00000000  RWIX
  INT15                 0000ffde   00000002  00000002  00000000  RWIX
  INT16                 0000ffe0   00000002  00000002  00000000  RWIX
  INT17                 0000ffe2   00000002  00000002  00000000  RWIX
  INT18                 0000ffe4   00000002  00000002  00000000  RWIX
  INT19                 0000ffe6   00000002  00000002  00000000  RWIX
  INT20                 0000ffe8   00000002  00000002  00000000  RWIX
  INT21                 0000ffea   00000002  00000002  00000000  RWIX
  INT22                 0000ffec   00000002  00000002  00000000  RWIX
  INT23                 0000ffee   00000002  00000002  00000000  RWIX
  INT24                 0000fff0   00000002  00000002  00000000  RWIX
  INT25                 0000fff2   00000002  00000002  00000000  RWIX
  INT26                 0000fff4   00000002  00000002  00000000  RWIX
  INT27                 0000fff6   00000002  00000002  00000000  RWIX
  INT28                 0000fff8   00000002  00000002  00000000  RWIX
  INT29                 0000fffa   00000002  00000002  00000000  RWIX
  INT30                 0000fffc   00000002  00000002  00000000  RWIX
  RESET                 0000fffe   00000002  00000002  00000000  RWIX
  FLASH2                00010000   00010000  0000162c  0000e9d4  RWIX


SECTION ALLOCATION MAP

 output                                  attributes/
section   page    origin      length       input sections
--------  ----  ----------  ----------   ----------------
.bss       0    00001100    000000f5     UNINITIALIZED
                  00001100    0000002e     (.common:cnf)
                  0000112e    0000002c     (.common:uartUsartRegs)
                  0000115a    00000014     (.common:prtInfList)
                  0000116e    00000014     (.common:rf_rxBuffer)
                  00001182    00000010     (.common:bufferDato)
                  00001192    00000010     (.common:datoRx)
                  000011a2    00000010     (.common:rxBufferRecibi)
                  000011b2    00000010     (.common:uartRxBuf)
                  000011c2    00000010     (.common:uartTxBuf)
                  000011d2    00000004     (.common:LedRojo)
                  000011d6    00000004     (.common:LedVerde)
                  000011da    00000004     (.common:Switch1)
                  000011de    00000004     (.common:bufferTiempo)
                  000011e2    00000004     (.common:rxBufferTiempo)
                  000011e6    00000004     (.common:spiBaseAdd)
                  000011ea    00000002     (.common:bspFlags)
                  000011ec    00000002     (.common:bsp_contMs)
                  000011ee    00000001     (.common:i)
                  000011ef    00000001     (.common:rf_rxAddr)
                  000011f0    00000001     (.common:rf_rxLen)
                  000011f1    00000001     (.common:rf_rxLqi)
                  000011f2    00000001     (.common:rf_rxRssi)
                  000011f3    00000001     (.common:rxBuffer)
                  000011f4    00000001     (.common:size)

.data      0    000011f6    0000003f     UNINITIALIZED
                  000011f6    00000012     main.obj (.data)
                  00001208    00000012     main.obj (.data:rxPacket)
                  0000121a    0000000e     main.obj (.data:bufferPrueba)
                  00001228    0000000b     bsp.obj (.data)
                  00001233    00000001     --HOLE--
                  00001234    00000001     bsp.obj (.data:paTable)

.stack     0    00002088    00000078     UNINITIALIZED
                  00002088    00000004     rts430x_lc_rd_eabi.lib : boot.obj (.stack)
                  0000208c    00000074     --HOLE--

.text:_isr 
*          0    00002100    000001be     
                  00002100    000000fe     bsp.obj (.text:_isr:usart1_rx)
                  000021fe    0000005c     bsp.obj (.text:_isr:port2_ISR)
                  0000225a    00000024     bsp.obj (.text:_isr:Tb1_ISR)
                  0000227e    0000001e     bsp.obj (.text:_isr:Port1_ISR)
                  0000229c    0000001a     rts430x_lc_rd_eabi.lib : boot_special.obj (.text:_isr:_c_int00_noargs_noexit)
                  000022b6    00000006                            : isr_trap.obj (.text:_isr:__TI_ISR_TRAP)
                  000022bc    00000002     bsp.obj (.text:_isr:ISR_trap)

.const     0    000022be    0000021c     
                  000022be    00000190     hal_pin.obj (.const:pinPort)
                  0000244e    0000008c     bsp.obj (.const)

.cinit     0    000024da    00000058     
                  000024da    00000036     (.cinit..data.load) [load image, compression = rle]
                  00002510    0000000c     (__TI_handler_table)
                  0000251c    00000006     (.cinit..bss.load) [load image, compression = zero_init]
                  00002522    00000010     (__TI_cinit_table)

.init_array 
*          0    00002100    00000000     UNINITIALIZED

.TI.persistent 
*          0    000011f6    00000000     UNINITIALIZED

DAC12      0    0000ffdc    00000002     
                  0000ffdc    00000002     rts430x_lc_rd_eabi.lib : int14.obj (.int14)

DMA        0    0000ffde    00000002     
                  0000ffde    00000002     rts430x_lc_rd_eabi.lib : int15.obj (.int15)

BASICTIMER 
*          0    0000ffe0    00000002     
                  0000ffe0    00000002     rts430x_lc_rd_eabi.lib : int16.obj (.int16)

PORT2      0    0000ffe2    00000002     
                  0000ffe2    00000002     bsp.obj (.int17)

USART1TX   0    0000ffe4    00000002     
                  0000ffe4    00000002     rts430x_lc_rd_eabi.lib : int18.obj (.int18)

USART1RX   0    0000ffe6    00000002     
                  0000ffe6    00000002     bsp.obj (.int19)

PORT1      0    0000ffe8    00000002     
                  0000ffe8    00000002     bsp.obj (.int20)

TIMERA1    0    0000ffea    00000002     
                  0000ffea    00000002     rts430x_lc_rd_eabi.lib : int21.obj (.int21)

TIMERA0    0    0000ffec    00000002     
                  0000ffec    00000002     bsp.obj (.int22)

ADC12      0    0000ffee    00000002     
                  0000ffee    00000002     rts430x_lc_rd_eabi.lib : int23.obj (.int23)

USCIAB0TX 
*          0    0000fff0    00000002     
                  0000fff0    00000002     rts430x_lc_rd_eabi.lib : int24.obj (.int24)

USCIAB0RX 
*          0    0000fff2    00000002     
                  0000fff2    00000002     rts430x_lc_rd_eabi.lib : int25.obj (.int25)

WDT        0    0000fff4    00000002     
                  0000fff4    00000002     bsp.obj (.int26)

COMPARATORA 
*          0    0000fff6    00000002     
                  0000fff6    00000002     rts430x_lc_rd_eabi.lib : int27.obj (.int27)

TIMERB1    0    0000fff8    00000002     
                  0000fff8    00000002     bsp.obj (.int28)

TIMERB0    0    0000fffa    00000002     
                  0000fffa    00000002     bsp.obj (.int29)

NMI        0    0000fffc    00000002     
                  0000fffc    00000002     bsp.obj (.int30)

.reset     0    0000fffe    00000002     
                  0000fffe    00000002     rts430x_lc_rd_eabi.lib : boot.obj (.reset)

.text      0    00010000    0000162c     
                  00010000    0000030a     hal_pin.obj (.text:hal_pin_config)
                  0001030a    00000272     uart.obj (.text:configUSARTUart)
                  0001057c    000001a6     hal_cc2500.obj (.text:hal_cc2500_WriteRFSettings)
                  00010722    0000018e     bsp.obj (.text:bsp_Init)
                  000108b0    00000130     hal_cc2500.obj (.text:hal_cc2500_receivePacket)
                  000109e0    00000100     main.obj (.text:main)
                  00010ae0    000000d6     hal_cc2500.obj (.text:hal_cc2500_sendPacket)
                  00010bb6    00000080     main.obj (.text:procesar_uart)
                  00010c36    00000078     uart.obj (.text:enableUartRx)
                  00010cae    00000076     main.obj (.text:procesar_tiempo)
                  00010d24    00000070     hal_cc2500.obj (.text:hal_cc2500_writeBurstReg)
                  00010d94    0000006c     rts430x_lc_rd_eabi.lib : autoinit_wdt.obj (.text:_auto_init_hold_wdt)
                  00010e00    00000068                            : copy_decompress_rle.obj (.text:__TI_decompress_rle_core)
                  00010e68    0000005e     hal_cc2500.obj (.text:hal_cc2500_readBurstReg)
                  00010ec6    0000005c     hal_pin.obj (.text:hal_pin_out)
                  00010f22    00000058     rts430x_lc_rd_eabi.lib : div32u.obj (.text)
                  00010f7a    00000056     uart.obj (.text:setUartRxBuffer)
                  00010fd0    00000056     uart.obj (.text:setUartTxBuffer)
                  00011026    00000052     hal_cc2500.obj (.text:hal_cc2500_powerupReset)
                  00011078    00000052     uart.obj (.text:initUartPort)
                  000110ca    00000046     uart.obj (.text:initBufferDefaults)
                  00011110    00000044     hal_cc2500.obj (.text:hal_cc2500_writeReg)
                  00011154    00000042     hal_usci_spi.obj (.text:spi1_setup)
                  00011196    0000003e     hal_usci_spi.obj (.text:spi1_wr)
                  000111d4    0000003a     hal_cc2500.obj (.text:hal_cc2500_readReg)
                  0001120e    0000003a     hal_cc2500.obj (.text:hal_cc2500_readStatus)
                  00011248    00000036     hal_pin.obj (.text:hal_pin_toggle)
                  0001127e    00000032     hal_cc2500.obj (.text:hal_cc2500_status)
                  000112b0    00000032     hal_pin.obj (.text:hal_pin_init)
                  000112e2    00000032     hal_usci_spi.obj (.text:spi1_rxFinish)
                  00011314    00000030     hal_cc2500.obj (.text:hal_cc2500_strobe)
                  00011344    00000030     hal_cc2500.obj (.text:hal_cc2500_wakeup)
                  00011374    00000030     hal_pin.obj (.text:hal_pin_in)
                  000113a4    00000030     hal_pin.obj (.text:hal_pin_intGetFlag)
                  000113d4    00000030     bsp.obj (.text:uart_rxData)
                  00011404    0000002c     hal_pin.obj (.text:hal_pin_intClearFlag)
                  00011430    0000002c     uart.obj (.text:initUartDriver)
                  0001145c    0000002a     hal_usci_spi.obj (.text:spi1_txBufReady)
                  00011486    00000028     hal_pin.obj (.text:hal_pin_intDisable)
                  000114ae    00000028     hal_pin.obj (.text:hal_pin_intEnable)
                  000114d6    00000024     rts430x_lc_rd_eabi.lib : copy_zero_init.obj (.text:decompress:ZI:__TI_zero_init)
                  000114fa    0000001e     hal_usci_spi.obj (.text:spi1_write)
                  00011518    0000001a     bsp.obj (.text:RF_SendPacket)
                  00011532    0000001a     bsp.obj (.text:bsp_msDelay)
                  0001154c    00000016     rts430x_lc_rd_eabi.lib : mult16_hw.obj (.text)
                  00011562    00000014     main.obj (.text:app_TimerISR_1ms)
                  00011576    00000014     bsp.obj (.text:led_Off)
                  0001158a    00000014     rts430x_lc_rd_eabi.lib : memcpy.obj (.text:memcpy)
                  0001159e    00000012                            : copy_decompress_none.obj (.text:decompress:none:__TI_decompress_none)
                  000115b0    00000012     bsp.obj (.text:led_Toggle)
                  000115c2    00000010     bsp.obj (.text:getDato)
                  000115d2    00000010     bsp.obj (.text:getDatoTiempo)
                  000115e2    00000010     uart.obj (.text:usart1_rx_char_ISR)
                  000115f2    0000000c     hal_usci_spi.obj (.text:spi1_busy)
                  000115fe    0000000a     bsp.obj (.text:RF_PwrUpRx)
                  00011608    0000000a     rts430x_lc_rd_eabi.lib : lsl16.obj (.text)
                  00011612    0000000a     hal_usci_spi.obj (.text:spi1_start)
                  0001161c    00000006     rts430x_lc_rd_eabi.lib : copy_decompress_rle.obj (.text:decompress:rle24:__TI_decompress_rle24)
                  00011622    00000004                            : pre_init.obj (.text:_system_pre_init)
                  00011626    00000004                            : exit.obj (.text:abort)
                  0001162a    00000002     main.obj (.text:app_RxPacketISR)


LINKER GENERATED COPY TABLES

__TI_cinit_table @ 00002522 records: 2, size/record: 8, table size: 16
	.data: load addr=000024da, load size=00000036 bytes, run addr=000011f6, run size=0000003f bytes, compression=rle
	.bss: load addr=0000251c, load size=00000006 bytes, run addr=00001100, run size=000000f5 bytes, compression=zero_init


LINKER GENERATED HANDLER TABLE

__TI_handler_table @ 00002510 records: 3, size/record: 4, table size: 12
	index: 0, handler: __TI_zero_init
	index: 1, handler: __TI_decompress_rle24
	index: 2, handler: __TI_decompress_none


GLOBAL SYMBOLS: SORTED ALPHABETICALLY BY Name 

address   name                      
-------   ----                      
000001a0  ADC12CTL0                 
000001a2  ADC12CTL1                 
000001a6  ADC12IE                   
000001a4  ADC12IFG                  
000001a8  ADC12IV                   
00000080  ADC12MCTL0                
00000081  ADC12MCTL1                
0000008a  ADC12MCTL10               
0000008b  ADC12MCTL11               
0000008c  ADC12MCTL12               
0000008d  ADC12MCTL13               
0000008e  ADC12MCTL14               
0000008f  ADC12MCTL15               
00000082  ADC12MCTL2                
00000083  ADC12MCTL3                
00000084  ADC12MCTL4                
00000085  ADC12MCTL5                
00000086  ADC12MCTL6                
00000087  ADC12MCTL7                
00000088  ADC12MCTL8                
00000089  ADC12MCTL9                
00000140  ADC12MEM0                 
00000142  ADC12MEM1                 
00000154  ADC12MEM10                
00000156  ADC12MEM11                
00000158  ADC12MEM12                
0000015a  ADC12MEM13                
0000015c  ADC12MEM14                
0000015e  ADC12MEM15                
00000144  ADC12MEM2                 
00000146  ADC12MEM3                 
00000148  ADC12MEM4                 
0000014a  ADC12MEM5                 
0000014c  ADC12MEM6                 
0000014e  ADC12MEM7                 
00000150  ADC12MEM8                 
00000152  ADC12MEM9                 
00000046  BTCNT1                    
00000046  BTCNT12                   
00000047  BTCNT2                    
00000040  BTCTL                     
00011626  C$$EXIT                   
00000059  CACTL1                    
0000005a  CACTL2                    
0000005b  CAPD                      
000001c0  DAC12_0CTL                
000001c8  DAC12_0DAT                
000001c2  DAC12_1CTL                
000001ca  DAC12_1DAT                
000001d0  DMA0CTL                   
000001d6  DMA0DA                    
000001d6  DMA0DAL                   
000001d2  DMA0SA                    
000001d2  DMA0SAL                   
000001da  DMA0SZ                    
000001dc  DMA1CTL                   
000001e2  DMA1DA                    
000001e2  DMA1DAL                   
000001de  DMA1SA                    
000001de  DMA1SAL                   
000001e6  DMA1SZ                    
000001e8  DMA2CTL                   
000001ee  DMA2DA                    
000001ee  DMA2DAL                   
000001ea  DMA2SA                    
000001ea  DMA2SAL                   
000001f2  DMA2SZ                    
00000122  DMACTL0                   
00000124  DMACTL1                   
00000126  DMAIV                     
00000128  FCTL1                     
0000012a  FCTL2                     
0000012c  FCTL3                     
00000053  FLL_CTL0                  
00000054  FLL_CTL1                  
00000000  IE1                       
00000001  IE2                       
00000002  IFG1                      
00000003  IFG2                      
000022bc  ISR_trap                  
00000090  LCDACTL                   
000000ac  LCDAPCTL0                 
000000ad  LCDAPCTL1                 
000000ae  LCDAVCTL0                 
000000af  LCDAVCTL1                 
00000091  LCDM1                     
0000009a  LCDM10                    
0000009b  LCDM11                    
0000009c  LCDM12                    
0000009d  LCDM13                    
0000009e  LCDM14                    
0000009f  LCDM15                    
000000a0  LCDM16                    
000000a1  LCDM17                    
000000a2  LCDM18                    
000000a3  LCDM19                    
00000092  LCDM2                     
000000a4  LCDM20                    
00000093  LCDM3                     
00000094  LCDM4                     
00000095  LCDM5                     
00000096  LCDM6                     
00000097  LCDM7                     
00000098  LCDM8                     
00000099  LCDM9                     
000011d2  LedRojo                   
000011d6  LedVerde                  
00000134  MAC                       
00000136  MACS                      
00000005  ME2                       
00000130  MPY                       
00000132  MPYS                      
000000c0  OA0CTL0                   
000000c1  OA0CTL1                   
000000c2  OA1CTL0                   
000000c3  OA1CTL1                   
000000c4  OA2CTL0                   
000000c5  OA2CTL1                   
00000138  OP2                       
0000000d  P10DIR                    
00000009  P10IN                     
0000000b  P10OUT                    
0000000f  P10SEL                    
00000022  P1DIR                     
00000025  P1IE                      
00000024  P1IES                     
00000023  P1IFG                     
00000020  P1IN                      
00000021  P1OUT                     
00000026  P1SEL                     
0000002a  P2DIR                     
0000002d  P2IE                      
0000002c  P2IES                     
0000002b  P2IFG                     
00000028  P2IN                      
00000029  P2OUT                     
0000002e  P2SEL                     
0000001a  P3DIR                     
00000018  P3IN                      
00000019  P3OUT                     
0000001b  P3SEL                     
0000001e  P4DIR                     
0000001c  P4IN                      
0000001d  P4OUT                     
0000001f  P4SEL                     
00000032  P5DIR                     
00000030  P5IN                      
00000031  P5OUT                     
00000033  P5SEL                     
00000036  P6DIR                     
00000034  P6IN                      
00000035  P6OUT                     
00000037  P6SEL                     
0000003c  P7DIR                     
00000038  P7IN                      
0000003a  P7OUT                     
0000003e  P7SEL                     
0000003d  P8DIR                     
00000039  P8IN                      
0000003b  P8OUT                     
0000003f  P8SEL                     
0000000c  P9DIR                     
00000008  P9IN                      
0000000a  P9OUT                     
0000000e  P9SEL                     
0000003c  PADIR                     
00000038  PAIN                      
0000003a  PAOUT                     
0000003e  PASEL                     
0000000c  PBDIR                     
00000008  PBIN                      
0000000a  PBOUT                     
0000000e  PBSEL                     
0000227e  Port1_ISR                 
0000013c  RESHI                     
0000013a  RESLO                     
000115fe  RF_PwrUpRx                
00011518  RF_SendPacket             
00000041  RTCCTL                    
0000004c  RTCDATE                   
0000004c  RTCDAY                    
0000004d  RTCMON                    
00000042  RTCNT1                    
00000043  RTCNT2                    
00000044  RTCNT3                    
00000045  RTCNT4                    
00000042  RTCTIM0                   
00000044  RTCTIM1                   
00000040  RTCTL                     
0000004e  RTCYEAR                   
0000004f  RTCYEARH                  
0000004e  RTCYEARL                  
00000050  SCFI0                     
00000051  SCFI1                     
00000052  SCFQCTL                   
0000013e  SUMEXT                    
00000056  SVSCTL                    
000011da  Switch1                   
00000172  TACCR0                    
00000174  TACCR1                    
00000176  TACCR2                    
00000162  TACCTL0                   
00000164  TACCTL1                   
00000166  TACCTL2                   
00000160  TACTL                     
0000012e  TAIV                      
00000170  TAR                       
00000192  TBCCR0                    
00000194  TBCCR1                    
00000196  TBCCR2                    
00000198  TBCCR3                    
0000019a  TBCCR4                    
0000019c  TBCCR5                    
0000019e  TBCCR6                    
00000182  TBCCTL0                   
00000184  TBCCTL1                   
00000186  TBCCTL2                   
00000188  TBCCTL3                   
0000018a  TBCCTL4                   
0000018c  TBCCTL5                   
0000018e  TBCCTL6                   
00000180  TBCTL                     
0000011e  TBIV                      
00000190  TBR                       
0000225a  Tb1_ISR                   
0000007c  U1BR0                     
0000007d  U1BR1                     
00000078  U1CTL                     
0000007b  U1MCTL                    
0000007a  U1RCTL                    
0000007e  U1RXBUF                   
00000079  U1TCTL                    
0000007f  U1TXBUF                   
0000005d  UCA0ABCTL                 
00000062  UCA0BR0                   
00000063  UCA0BR1                   
00000060  UCA0CTL0                  
00000061  UCA0CTL1                  
0000005f  UCA0IRRCTL                
0000005e  UCA0IRTCTL                
00000064  UCA0MCTL                  
00000066  UCA0RXBUF                 
00000065  UCA0STAT                  
00000067  UCA0TXBUF                 
0000006a  UCB0BR0                   
0000006b  UCB0BR1                   
00000068  UCB0CTL0                  
00000069  UCB0CTL1                  
0000006c  UCB0I2CIE                 
00000118  UCB0I2COA                 
0000011a  UCB0I2CSA                 
0000006e  UCB0RXBUF                 
0000006d  UCB0STAT                  
0000006f  UCB0TXBUF                 
00000120  WDTCTL                    
00002100  __STACK_END               
00000078  __STACK_SIZE              
00002522  __TI_CINIT_Base           
00002532  __TI_CINIT_Limit          
00002510  __TI_Handler_Table_Base   
0000251c  __TI_Handler_Table_Limit  
UNDEFED   __TI_INITARRAY_Base       
UNDEFED   __TI_INITARRAY_Limit      
000022b6  __TI_ISR_TRAP             
0001159e  __TI_decompress_none      
0001161c  __TI_decompress_rle24     
0000ffdc  __TI_int14                
0000ffde  __TI_int15                
0000ffe0  __TI_int16                
0000ffe2  __TI_int17                
0000ffe4  __TI_int18                
0000ffe6  __TI_int19                
0000ffe8  __TI_int20                
0000ffea  __TI_int21                
0000ffec  __TI_int22                
0000ffee  __TI_int23                
0000fff0  __TI_int24                
0000fff2  __TI_int25                
0000fff4  __TI_int26                
0000fff6  __TI_int27                
0000fff8  __TI_int28                
0000fffa  __TI_int29                
0000fffc  __TI_int30                
000114d6  __TI_zero_init            
ffffffff  __binit__                 
ffffffff  __c_args__                
00010f22  __mspabi_divul            
0001154c  __mspabi_mpyi_hw          
00010f22  __mspabi_remul            
00011608  __mspabi_slli             
00010d94  _auto_init_hold_wdt       
0000229c  _c_int00_noargs_noexit    
0000fffe  _reset_vector             
00002088  _stack                    
00011622  _system_pre_init          
00011626  abort                     
0001162a  app_RxPacketISR           
00011562  app_TimerISR_1ms          
ffffffff  binit                     
000011ea  bspFlags                  
00010722  bsp_Init                  
000011ec  bsp_contMs                
0000122e  bsp_contTAR               
00011532  bsp_msDelay               
00001182  bufferDato                
0000121a  bufferPrueba              
000011de  bufferTiempo              
00002480  cc_LNAEN                  
00002476  cc_PAEN                   
0000248a  cc_gdo0                   
00002494  cc_gdo2                   
000024bc  cc_spiCLK                 
000024a8  cc_spiSIMO                
000024b2  cc_spiSOMI                
0000249e  cc_spinCS                 
000011fe  checkSum                  
00001100  cnf                       
0001030a  configUSARTUart           
00001232  cont                      
00001200  contador                  
00001228  control                   
00001192  datoRx                    
0000122a  dato_tiempo               
00001229  datos                     
00010c36  enableUartRx              
000011f6  estado                    
000011fc  flagEnviado               
000011f8  flagRecibido              
0000122c  flag_wakeup               
000115c2  getDato                   
000115d2  getDatoTiempo             
0001057c  hal_cc2500_WriteRFSettings
00011026  hal_cc2500_powerupReset   
00010e68  hal_cc2500_readBurstReg   
000111d4  hal_cc2500_readReg        
0001120e  hal_cc2500_readStatus     
000108b0  hal_cc2500_receivePacket  
00010ae0  hal_cc2500_sendPacket     
0001127e  hal_cc2500_status         
00011314  hal_cc2500_strobe         
00011344  hal_cc2500_wakeup         
00010d24  hal_cc2500_writeBurstReg  
00011110  hal_cc2500_writeReg       
00010000  hal_pin_config            
00011374  hal_pin_in                
000112b0  hal_pin_init              
00011404  hal_pin_intClearFlag      
00011486  hal_pin_intDisable        
000114ae  hal_pin_intEnable         
000113a4  hal_pin_intGetFlag        
00010ec6  hal_pin_out               
00011248  hal_pin_toggle            
000011ee  i                         
000110ca  initBufferDefaults        
00011430  initUartDriver            
00011078  initUartPort              
00011576  led_Off                   
000115b0  led_Toggle                
000011fa  length                    
000109e0  main                      
0001158a  memcpy                    
000011f7  net_myAddr                
00001234  paTable                   
0000122b  paTableLen                
00002458  pinLedRojo                
0000244e  pinLedVerde               
000022be  pinPort                   
00002462  pinSW1                    
0000246c  pinSW2                    
000021fe  port2_ISR                 
00001201  procesar                  
00001202  procesarTiempo            
00010cae  procesar_tiempo           
00010bb6  procesar_uart             
0000115a  prtInfList                
000011ef  rf_rxAddr                 
0000116e  rf_rxBuffer               
000011f0  rf_rxLen                  
000011f1  rf_rxLqi                  
000011f2  rf_rxRssi                 
000011f3  rxBuffer                  
000011a2  rxBufferRecibi            
000011e2  rxBufferTiempo            
00001208  rxPacket                  
00010f7a  setUartRxBuffer           
00010fd0  setUartTxBuffer           
000011f4  size                      
000115f2  spi1_busy                 
000112e2  spi1_rxFinish             
00011154  spi1_setup                
00011612  spi1_start                
0001145c  spi1_txBufReady           
00011196  spi1_wr                   
000114fa  spi1_write                
000011e6  spiBaseAdd                
000011b2  uartRxBuf                 
000011c2  uartTxBuf                 
0000112e  uartUsartRegs             
000024d0  uart_RX                   
000024c6  uart_TX                   
000113d4  uart_rxData               
00002100  usart1_rx                 
000115e2  usart1_rx_char_ISR        


GLOBAL SYMBOLS: SORTED BY Symbol Address 

address   name                      
-------   ----                      
00000000  IE1                       
00000001  IE2                       
00000002  IFG1                      
00000003  IFG2                      
00000005  ME2                       
00000008  P9IN                      
00000008  PBIN                      
00000009  P10IN                     
0000000a  P9OUT                     
0000000a  PBOUT                     
0000000b  P10OUT                    
0000000c  P9DIR                     
0000000c  PBDIR                     
0000000d  P10DIR                    
0000000e  P9SEL                     
0000000e  PBSEL                     
0000000f  P10SEL                    
00000018  P3IN                      
00000019  P3OUT                     
0000001a  P3DIR                     
0000001b  P3SEL                     
0000001c  P4IN                      
0000001d  P4OUT                     
0000001e  P4DIR                     
0000001f  P4SEL                     
00000020  P1IN                      
00000021  P1OUT                     
00000022  P1DIR                     
00000023  P1IFG                     
00000024  P1IES                     
00000025  P1IE                      
00000026  P1SEL                     
00000028  P2IN                      
00000029  P2OUT                     
0000002a  P2DIR                     
0000002b  P2IFG                     
0000002c  P2IES                     
0000002d  P2IE                      
0000002e  P2SEL                     
00000030  P5IN                      
00000031  P5OUT                     
00000032  P5DIR                     
00000033  P5SEL                     
00000034  P6IN                      
00000035  P6OUT                     
00000036  P6DIR                     
00000037  P6SEL                     
00000038  P7IN                      
00000038  PAIN                      
00000039  P8IN                      
0000003a  P7OUT                     
0000003a  PAOUT                     
0000003b  P8OUT                     
0000003c  P7DIR                     
0000003c  PADIR                     
0000003d  P8DIR                     
0000003e  P7SEL                     
0000003e  PASEL                     
0000003f  P8SEL                     
00000040  BTCTL                     
00000040  RTCTL                     
00000041  RTCCTL                    
00000042  RTCNT1                    
00000042  RTCTIM0                   
00000043  RTCNT2                    
00000044  RTCNT3                    
00000044  RTCTIM1                   
00000045  RTCNT4                    
00000046  BTCNT1                    
00000046  BTCNT12                   
00000047  BTCNT2                    
0000004c  RTCDATE                   
0000004c  RTCDAY                    
0000004d  RTCMON                    
0000004e  RTCYEAR                   
0000004e  RTCYEARL                  
0000004f  RTCYEARH                  
00000050  SCFI0                     
00000051  SCFI1                     
00000052  SCFQCTL                   
00000053  FLL_CTL0                  
00000054  FLL_CTL1                  
00000056  SVSCTL                    
00000059  CACTL1                    
0000005a  CACTL2                    
0000005b  CAPD                      
0000005d  UCA0ABCTL                 
0000005e  UCA0IRTCTL                
0000005f  UCA0IRRCTL                
00000060  UCA0CTL0                  
00000061  UCA0CTL1                  
00000062  UCA0BR0                   
00000063  UCA0BR1                   
00000064  UCA0MCTL                  
00000065  UCA0STAT                  
00000066  UCA0RXBUF                 
00000067  UCA0TXBUF                 
00000068  UCB0CTL0                  
00000069  UCB0CTL1                  
0000006a  UCB0BR0                   
0000006b  UCB0BR1                   
0000006c  UCB0I2CIE                 
0000006d  UCB0STAT                  
0000006e  UCB0RXBUF                 
0000006f  UCB0TXBUF                 
00000078  U1CTL                     
00000078  __STACK_SIZE              
00000079  U1TCTL                    
0000007a  U1RCTL                    
0000007b  U1MCTL                    
0000007c  U1BR0                     
0000007d  U1BR1                     
0000007e  U1RXBUF                   
0000007f  U1TXBUF                   
00000080  ADC12MCTL0                
00000081  ADC12MCTL1                
00000082  ADC12MCTL2                
00000083  ADC12MCTL3                
00000084  ADC12MCTL4                
00000085  ADC12MCTL5                
00000086  ADC12MCTL6                
00000087  ADC12MCTL7                
00000088  ADC12MCTL8                
00000089  ADC12MCTL9                
0000008a  ADC12MCTL10               
0000008b  ADC12MCTL11               
0000008c  ADC12MCTL12               
0000008d  ADC12MCTL13               
0000008e  ADC12MCTL14               
0000008f  ADC12MCTL15               
00000090  LCDACTL                   
00000091  LCDM1                     
00000092  LCDM2                     
00000093  LCDM3                     
00000094  LCDM4                     
00000095  LCDM5                     
00000096  LCDM6                     
00000097  LCDM7                     
00000098  LCDM8                     
00000099  LCDM9                     
0000009a  LCDM10                    
0000009b  LCDM11                    
0000009c  LCDM12                    
0000009d  LCDM13                    
0000009e  LCDM14                    
0000009f  LCDM15                    
000000a0  LCDM16                    
000000a1  LCDM17                    
000000a2  LCDM18                    
000000a3  LCDM19                    
000000a4  LCDM20                    
000000ac  LCDAPCTL0                 
000000ad  LCDAPCTL1                 
000000ae  LCDAVCTL0                 
000000af  LCDAVCTL1                 
000000c0  OA0CTL0                   
000000c1  OA0CTL1                   
000000c2  OA1CTL0                   
000000c3  OA1CTL1                   
000000c4  OA2CTL0                   
000000c5  OA2CTL1                   
00000118  UCB0I2COA                 
0000011a  UCB0I2CSA                 
0000011e  TBIV                      
00000120  WDTCTL                    
00000122  DMACTL0                   
00000124  DMACTL1                   
00000126  DMAIV                     
00000128  FCTL1                     
0000012a  FCTL2                     
0000012c  FCTL3                     
0000012e  TAIV                      
00000130  MPY                       
00000132  MPYS                      
00000134  MAC                       
00000136  MACS                      
00000138  OP2                       
0000013a  RESLO                     
0000013c  RESHI                     
0000013e  SUMEXT                    
00000140  ADC12MEM0                 
00000142  ADC12MEM1                 
00000144  ADC12MEM2                 
00000146  ADC12MEM3                 
00000148  ADC12MEM4                 
0000014a  ADC12MEM5                 
0000014c  ADC12MEM6                 
0000014e  ADC12MEM7                 
00000150  ADC12MEM8                 
00000152  ADC12MEM9                 
00000154  ADC12MEM10                
00000156  ADC12MEM11                
00000158  ADC12MEM12                
0000015a  ADC12MEM13                
0000015c  ADC12MEM14                
0000015e  ADC12MEM15                
00000160  TACTL                     
00000162  TACCTL0                   
00000164  TACCTL1                   
00000166  TACCTL2                   
00000170  TAR                       
00000172  TACCR0                    
00000174  TACCR1                    
00000176  TACCR2                    
00000180  TBCTL                     
00000182  TBCCTL0                   
00000184  TBCCTL1                   
00000186  TBCCTL2                   
00000188  TBCCTL3                   
0000018a  TBCCTL4                   
0000018c  TBCCTL5                   
0000018e  TBCCTL6                   
00000190  TBR                       
00000192  TBCCR0                    
00000194  TBCCR1                    
00000196  TBCCR2                    
00000198  TBCCR3                    
0000019a  TBCCR4                    
0000019c  TBCCR5                    
0000019e  TBCCR6                    
000001a0  ADC12CTL0                 
000001a2  ADC12CTL1                 
000001a4  ADC12IFG                  
000001a6  ADC12IE                   
000001a8  ADC12IV                   
000001c0  DAC12_0CTL                
000001c2  DAC12_1CTL                
000001c8  DAC12_0DAT                
000001ca  DAC12_1DAT                
000001d0  DMA0CTL                   
000001d2  DMA0SA                    
000001d2  DMA0SAL                   
000001d6  DMA0DA                    
000001d6  DMA0DAL                   
000001da  DMA0SZ                    
000001dc  DMA1CTL                   
000001de  DMA1SA                    
000001de  DMA1SAL                   
000001e2  DMA1DA                    
000001e2  DMA1DAL                   
000001e6  DMA1SZ                    
000001e8  DMA2CTL                   
000001ea  DMA2SA                    
000001ea  DMA2SAL                   
000001ee  DMA2DA                    
000001ee  DMA2DAL                   
000001f2  DMA2SZ                    
00001100  cnf                       
0000112e  uartUsartRegs             
0000115a  prtInfList                
0000116e  rf_rxBuffer               
00001182  bufferDato                
00001192  datoRx                    
000011a2  rxBufferRecibi            
000011b2  uartRxBuf                 
000011c2  uartTxBuf                 
000011d2  LedRojo                   
000011d6  LedVerde                  
000011da  Switch1                   
000011de  bufferTiempo              
000011e2  rxBufferTiempo            
000011e6  spiBaseAdd                
000011ea  bspFlags                  
000011ec  bsp_contMs                
000011ee  i                         
000011ef  rf_rxAddr                 
000011f0  rf_rxLen                  
000011f1  rf_rxLqi                  
000011f2  rf_rxRssi                 
000011f3  rxBuffer                  
000011f4  size                      
000011f6  estado                    
000011f7  net_myAddr                
000011f8  flagRecibido              
000011fa  length                    
000011fc  flagEnviado               
000011fe  checkSum                  
00001200  contador                  
00001201  procesar                  
00001202  procesarTiempo            
00001208  rxPacket                  
0000121a  bufferPrueba              
00001228  control                   
00001229  datos                     
0000122a  dato_tiempo               
0000122b  paTableLen                
0000122c  flag_wakeup               
0000122e  bsp_contTAR               
00001232  cont                      
00001234  paTable                   
00002088  _stack                    
00002100  __STACK_END               
00002100  usart1_rx                 
000021fe  port2_ISR                 
0000225a  Tb1_ISR                   
0000227e  Port1_ISR                 
0000229c  _c_int00_noargs_noexit    
000022b6  __TI_ISR_TRAP             
000022bc  ISR_trap                  
000022be  pinPort                   
0000244e  pinLedVerde               
00002458  pinLedRojo                
00002462  pinSW1                    
0000246c  pinSW2                    
00002476  cc_PAEN                   
00002480  cc_LNAEN                  
0000248a  cc_gdo0                   
00002494  cc_gdo2                   
0000249e  cc_spinCS                 
000024a8  cc_spiSIMO                
000024b2  cc_spiSOMI                
000024bc  cc_spiCLK                 
000024c6  uart_TX                   
000024d0  uart_RX                   
00002510  __TI_Handler_Table_Base   
0000251c  __TI_Handler_Table_Limit  
00002522  __TI_CINIT_Base           
00002532  __TI_CINIT_Limit          
0000ffdc  __TI_int14                
0000ffde  __TI_int15                
0000ffe0  __TI_int16                
0000ffe2  __TI_int17                
0000ffe4  __TI_int18                
0000ffe6  __TI_int19                
0000ffe8  __TI_int20                
0000ffea  __TI_int21                
0000ffec  __TI_int22                
0000ffee  __TI_int23                
0000fff0  __TI_int24                
0000fff2  __TI_int25                
0000fff4  __TI_int26                
0000fff6  __TI_int27                
0000fff8  __TI_int28                
0000fffa  __TI_int29                
0000fffc  __TI_int30                
0000fffe  _reset_vector             
00010000  hal_pin_config            
0001030a  configUSARTUart           
0001057c  hal_cc2500_WriteRFSettings
00010722  bsp_Init                  
000108b0  hal_cc2500_receivePacket  
000109e0  main                      
00010ae0  hal_cc2500_sendPacket     
00010bb6  procesar_uart             
00010c36  enableUartRx              
00010cae  procesar_tiempo           
00010d24  hal_cc2500_writeBurstReg  
00010d94  _auto_init_hold_wdt       
00010e68  hal_cc2500_readBurstReg   
00010ec6  hal_pin_out               
00010f22  __mspabi_divul            
00010f22  __mspabi_remul            
00010f7a  setUartRxBuffer           
00010fd0  setUartTxBuffer           
00011026  hal_cc2500_powerupReset   
00011078  initUartPort              
000110ca  initBufferDefaults        
00011110  hal_cc2500_writeReg       
00011154  spi1_setup                
00011196  spi1_wr                   
000111d4  hal_cc2500_readReg        
0001120e  hal_cc2500_readStatus     
00011248  hal_pin_toggle            
0001127e  hal_cc2500_status         
000112b0  hal_pin_init              
000112e2  spi1_rxFinish             
00011314  hal_cc2500_strobe         
00011344  hal_cc2500_wakeup         
00011374  hal_pin_in                
000113a4  hal_pin_intGetFlag        
000113d4  uart_rxData               
00011404  hal_pin_intClearFlag      
00011430  initUartDriver            
0001145c  spi1_txBufReady           
00011486  hal_pin_intDisable        
000114ae  hal_pin_intEnable         
000114d6  __TI_zero_init            
000114fa  spi1_write                
00011518  RF_SendPacket             
00011532  bsp_msDelay               
0001154c  __mspabi_mpyi_hw          
00011562  app_TimerISR_1ms          
00011576  led_Off                   
0001158a  memcpy                    
0001159e  __TI_decompress_none      
000115b0  led_Toggle                
000115c2  getDato                   
000115d2  getDatoTiempo             
000115e2  usart1_rx_char_ISR        
000115f2  spi1_busy                 
000115fe  RF_PwrUpRx                
00011608  __mspabi_slli             
00011612  spi1_start                
0001161c  __TI_decompress_rle24     
00011622  _system_pre_init          
00011626  C$$EXIT                   
00011626  abort                     
0001162a  app_RxPacketISR           
ffffffff  __binit__                 
ffffffff  __c_args__                
ffffffff  binit                     
UNDEFED   __TI_INITARRAY_Base       
UNDEFED   __TI_INITARRAY_Limit      

[403 symbols]
