<?xml version="1.0"?>
<link_info>
   <banner>MSP430 Linker PC v4.4.3</banner>
   <copyright>Copyright (c) 2003-2015 Texas Instruments Incorporated</copyright>
   <link_time>0x56213f18</link_time>
   <link_errors>0x0</link_errors>
   <output_file>Comunicacion_modulos.out</output_file>
   <entry_point>
      <name>_c_int00_noargs_noexit</name>
      <address>0x223c</address>
   </entry_point>
   <input_file_list>
      <input_file id="fl-2">
         <path>.\src\</path>
         <kind>object</kind>
         <file>main.obj</file>
         <name>main.obj</name>
      </input_file>
      <input_file id="fl-3">
         <path>.\src\bsp\hal\</path>
         <kind>object</kind>
         <file>hal_cc2500.obj</file>
         <name>hal_cc2500.obj</name>
      </input_file>
      <input_file id="fl-4">
         <path>.\src\bsp\hal\</path>
         <kind>object</kind>
         <file>hal_pin.obj</file>
         <name>hal_pin.obj</name>
      </input_file>
      <input_file id="fl-5">
         <path>.\src\bsp\hal\</path>
         <kind>object</kind>
         <file>hal_usci_spi.obj</file>
         <name>hal_usci_spi.obj</name>
      </input_file>
      <input_file id="fl-6">
         <path>.\src\bsp\hal\</path>
         <kind>object</kind>
         <file>uart.obj</file>
         <name>uart.obj</name>
      </input_file>
      <input_file id="fl-7">
         <path>.\src\bsp\</path>
         <kind>object</kind>
         <file>bsp.obj</file>
         <name>bsp.obj</name>
      </input_file>
      <input_file id="fl-36">
         <path>C:\ti\ccsv6\tools\compiler\ti-cgt-msp430_4.4.3\lib\</path>
         <kind>archive</kind>
         <file>rts430x_lc_rd_eabi.lib</file>
         <name>boot.obj</name>
      </input_file>
      <input_file id="fl-37">
         <path>C:\ti\ccsv6\tools\compiler\ti-cgt-msp430_4.4.3\lib\</path>
         <kind>archive</kind>
         <file>rts430x_lc_rd_eabi.lib</file>
         <name>boot_special.obj</name>
      </input_file>
      <input_file id="fl-38">
         <path>C:\ti\ccsv6\tools\compiler\ti-cgt-msp430_4.4.3\lib\</path>
         <kind>archive</kind>
         <file>rts430x_lc_rd_eabi.lib</file>
         <name>copy_decompress_none.obj</name>
      </input_file>
      <input_file id="fl-39">
         <path>C:\ti\ccsv6\tools\compiler\ti-cgt-msp430_4.4.3\lib\</path>
         <kind>archive</kind>
         <file>rts430x_lc_rd_eabi.lib</file>
         <name>copy_decompress_rle.obj</name>
      </input_file>
      <input_file id="fl-3a">
         <path>C:\ti\ccsv6\tools\compiler\ti-cgt-msp430_4.4.3\lib\</path>
         <kind>archive</kind>
         <file>rts430x_lc_rd_eabi.lib</file>
         <name>copy_zero_init.obj</name>
      </input_file>
      <input_file id="fl-3b">
         <path>C:\ti\ccsv6\tools\compiler\ti-cgt-msp430_4.4.3\lib\</path>
         <kind>archive</kind>
         <file>rts430x_lc_rd_eabi.lib</file>
         <name>cvtfd.obj</name>
      </input_file>
      <input_file id="fl-3c">
         <path>C:\ti\ccsv6\tools\compiler\ti-cgt-msp430_4.4.3\lib\</path>
         <kind>archive</kind>
         <file>rts430x_lc_rd_eabi.lib</file>
         <name>div32u.obj</name>
      </input_file>
      <input_file id="fl-3d">
         <path>C:\ti\ccsv6\tools\compiler\ti-cgt-msp430_4.4.3\lib\</path>
         <kind>archive</kind>
         <file>rts430x_lc_rd_eabi.lib</file>
         <name>exit.obj</name>
      </input_file>
      <input_file id="fl-3e">
         <path>C:\ti\ccsv6\tools\compiler\ti-cgt-msp430_4.4.3\lib\</path>
         <kind>archive</kind>
         <file>rts430x_lc_rd_eabi.lib</file>
         <name>fs_add.obj</name>
      </input_file>
      <input_file id="fl-3f">
         <path>C:\ti\ccsv6\tools\compiler\ti-cgt-msp430_4.4.3\lib\</path>
         <kind>archive</kind>
         <file>rts430x_lc_rd_eabi.lib</file>
         <name>fs_div.obj</name>
      </input_file>
      <input_file id="fl-40">
         <path>C:\ti\ccsv6\tools\compiler\ti-cgt-msp430_4.4.3\lib\</path>
         <kind>archive</kind>
         <file>rts430x_lc_rd_eabi.lib</file>
         <name>fs_itof.obj</name>
      </input_file>
      <input_file id="fl-41">
         <path>C:\ti\ccsv6\tools\compiler\ti-cgt-msp430_4.4.3\lib\</path>
         <kind>archive</kind>
         <file>rts430x_lc_rd_eabi.lib</file>
         <name>fs_mpy.obj</name>
      </input_file>
      <input_file id="fl-42">
         <path>C:\ti\ccsv6\tools\compiler\ti-cgt-msp430_4.4.3\lib\</path>
         <kind>archive</kind>
         <file>rts430x_lc_rd_eabi.lib</file>
         <name>fs_tou.obj</name>
      </input_file>
      <input_file id="fl-43">
         <path>C:\ti\ccsv6\tools\compiler\ti-cgt-msp430_4.4.3\lib\</path>
         <kind>archive</kind>
         <file>rts430x_lc_rd_eabi.lib</file>
         <name>fs_ultof.obj</name>
      </input_file>
      <input_file id="fl-44">
         <path>C:\ti\ccsv6\tools\compiler\ti-cgt-msp430_4.4.3\lib\</path>
         <kind>archive</kind>
         <file>rts430x_lc_rd_eabi.lib</file>
         <name>int14.obj</name>
      </input_file>
      <input_file id="fl-45">
         <path>C:\ti\ccsv6\tools\compiler\ti-cgt-msp430_4.4.3\lib\</path>
         <kind>archive</kind>
         <file>rts430x_lc_rd_eabi.lib</file>
         <name>int15.obj</name>
      </input_file>
      <input_file id="fl-46">
         <path>C:\ti\ccsv6\tools\compiler\ti-cgt-msp430_4.4.3\lib\</path>
         <kind>archive</kind>
         <file>rts430x_lc_rd_eabi.lib</file>
         <name>int16.obj</name>
      </input_file>
      <input_file id="fl-47">
         <path>C:\ti\ccsv6\tools\compiler\ti-cgt-msp430_4.4.3\lib\</path>
         <kind>archive</kind>
         <file>rts430x_lc_rd_eabi.lib</file>
         <name>int18.obj</name>
      </input_file>
      <input_file id="fl-48">
         <path>C:\ti\ccsv6\tools\compiler\ti-cgt-msp430_4.4.3\lib\</path>
         <kind>archive</kind>
         <file>rts430x_lc_rd_eabi.lib</file>
         <name>int19.obj</name>
      </input_file>
      <input_file id="fl-49">
         <path>C:\ti\ccsv6\tools\compiler\ti-cgt-msp430_4.4.3\lib\</path>
         <kind>archive</kind>
         <file>rts430x_lc_rd_eabi.lib</file>
         <name>int22.obj</name>
      </input_file>
      <input_file id="fl-4a">
         <path>C:\ti\ccsv6\tools\compiler\ti-cgt-msp430_4.4.3\lib\</path>
         <kind>archive</kind>
         <file>rts430x_lc_rd_eabi.lib</file>
         <name>int23.obj</name>
      </input_file>
      <input_file id="fl-4b">
         <path>C:\ti\ccsv6\tools\compiler\ti-cgt-msp430_4.4.3\lib\</path>
         <kind>archive</kind>
         <file>rts430x_lc_rd_eabi.lib</file>
         <name>int26.obj</name>
      </input_file>
      <input_file id="fl-4c">
         <path>C:\ti\ccsv6\tools\compiler\ti-cgt-msp430_4.4.3\lib\</path>
         <kind>archive</kind>
         <file>rts430x_lc_rd_eabi.lib</file>
         <name>int27.obj</name>
      </input_file>
      <input_file id="fl-4d">
         <path>C:\ti\ccsv6\tools\compiler\ti-cgt-msp430_4.4.3\lib\</path>
         <kind>archive</kind>
         <file>rts430x_lc_rd_eabi.lib</file>
         <name>int29.obj</name>
      </input_file>
      <input_file id="fl-4e">
         <path>C:\ti\ccsv6\tools\compiler\ti-cgt-msp430_4.4.3\lib\</path>
         <kind>archive</kind>
         <file>rts430x_lc_rd_eabi.lib</file>
         <name>int30.obj</name>
      </input_file>
      <input_file id="fl-4f">
         <path>C:\ti\ccsv6\tools\compiler\ti-cgt-msp430_4.4.3\lib\</path>
         <kind>archive</kind>
         <file>rts430x_lc_rd_eabi.lib</file>
         <name>isr_trap.obj</name>
      </input_file>
      <input_file id="fl-50">
         <path>C:\ti\ccsv6\tools\compiler\ti-cgt-msp430_4.4.3\lib\</path>
         <kind>archive</kind>
         <file>rts430x_lc_rd_eabi.lib</file>
         <name>lsl16.obj</name>
      </input_file>
      <input_file id="fl-51">
         <path>C:\ti\ccsv6\tools\compiler\ti-cgt-msp430_4.4.3\lib\</path>
         <kind>archive</kind>
         <file>rts430x_lc_rd_eabi.lib</file>
         <name>memcpy.obj</name>
      </input_file>
      <input_file id="fl-52">
         <path>C:\ti\ccsv6\tools\compiler\ti-cgt-msp430_4.4.3\lib\</path>
         <kind>archive</kind>
         <file>rts430x_lc_rd_eabi.lib</file>
         <name>mpu_init.obj</name>
      </input_file>
      <input_file id="fl-53">
         <path>C:\ti\ccsv6\tools\compiler\ti-cgt-msp430_4.4.3\lib\</path>
         <kind>archive</kind>
         <file>rts430x_lc_rd_eabi.lib</file>
         <name>mult16.obj</name>
      </input_file>
      <input_file id="fl-54">
         <path>C:\ti\ccsv6\tools\compiler\ti-cgt-msp430_4.4.3\lib\</path>
         <kind>archive</kind>
         <file>rts430x_lc_rd_eabi.lib</file>
         <name>mult1632_hw.obj</name>
      </input_file>
      <input_file id="fl-55">
         <path>C:\ti\ccsv6\tools\compiler\ti-cgt-msp430_4.4.3\lib\</path>
         <kind>archive</kind>
         <file>rts430x_lc_rd_eabi.lib</file>
         <name>mult16_hw.obj</name>
      </input_file>
      <input_file id="fl-56">
         <path>C:\ti\ccsv6\tools\compiler\ti-cgt-msp430_4.4.3\lib\</path>
         <kind>archive</kind>
         <file>rts430x_lc_rd_eabi.lib</file>
         <name>mult32.obj</name>
      </input_file>
      <input_file id="fl-57">
         <path>C:\ti\ccsv6\tools\compiler\ti-cgt-msp430_4.4.3\lib\</path>
         <kind>archive</kind>
         <file>rts430x_lc_rd_eabi.lib</file>
         <name>mult3264_hw.obj</name>
      </input_file>
      <input_file id="fl-58">
         <path>C:\ti\ccsv6\tools\compiler\ti-cgt-msp430_4.4.3\lib\</path>
         <kind>archive</kind>
         <file>rts430x_lc_rd_eabi.lib</file>
         <name>mult32_hw.obj</name>
      </input_file>
      <input_file id="fl-59">
         <path>C:\ti\ccsv6\tools\compiler\ti-cgt-msp430_4.4.3\lib\</path>
         <kind>archive</kind>
         <file>rts430x_lc_rd_eabi.lib</file>
         <name>mult64_hw.obj</name>
      </input_file>
      <input_file id="fl-5a">
         <path>C:\ti\ccsv6\tools\compiler\ti-cgt-msp430_4.4.3\lib\</path>
         <kind>archive</kind>
         <file>rts430x_lc_rd_eabi.lib</file>
         <name>pre_init.obj</name>
      </input_file>
      <input_file id="fl-5b">
         <path>C:\ti\ccsv6\tools\compiler\ti-cgt-msp430_4.4.3\lib\</path>
         <kind>archive</kind>
         <file>rts430x_lc_rd_eabi.lib</file>
         <name>round.obj</name>
      </input_file>
      <input_file id="fl-5c">
         <path>C:\ti\ccsv6\tools\compiler\ti-cgt-msp430_4.4.3\lib\</path>
         <kind>archive</kind>
         <file>rts430x_lc_rd_eabi.lib</file>
         <name>sprintf.obj</name>
      </input_file>
      <input_file id="fl-5d">
         <path>C:\ti\ccsv6\tools\compiler\ti-cgt-msp430_4.4.3\lib\</path>
         <kind>archive</kind>
         <file>rts430x_lc_rd_eabi.lib</file>
         <name>strlen.obj</name>
      </input_file>
      <input_file id="fl-5e">
         <path>C:\ti\ccsv6\tools\compiler\ti-cgt-msp430_4.4.3\lib\</path>
         <kind>archive</kind>
         <file>rts430x_lc_rd_eabi.lib</file>
         <name>subd.obj</name>
      </input_file>
      <input_file id="fl-5f">
         <path>C:\ti\ccsv6\tools\compiler\ti-cgt-msp430_4.4.3\lib\</path>
         <kind>archive</kind>
         <file>rts430x_lc_rd_eabi.lib</file>
         <name>xdint.obj</name>
      </input_file>
      <input_file id="fl-60">
         <path>C:\ti\ccsv6\tools\compiler\ti-cgt-msp430_4.4.3\lib\</path>
         <kind>archive</kind>
         <file>rts430x_lc_rd_eabi.lib</file>
         <name>_lock.obj</name>
      </input_file>
      <input_file id="fl-61">
         <path>C:\ti\ccsv6\tools\compiler\ti-cgt-msp430_4.4.3\lib\</path>
         <kind>archive</kind>
         <file>rts430x_lc_rd_eabi.lib</file>
         <name>_printfi_nf.obj</name>
      </input_file>
      <input_file id="fl-62">
         <path>C:\ti\ccsv6\tools\compiler\ti-cgt-msp430_4.4.3\lib\</path>
         <kind>archive</kind>
         <file>rts430x_lc_rd_eabi.lib</file>
         <name>addd.obj</name>
      </input_file>
      <input_file id="fl-63">
         <path>C:\ti\ccsv6\tools\compiler\ti-cgt-msp430_4.4.3\lib\</path>
         <kind>archive</kind>
         <file>rts430x_lc_rd_eabi.lib</file>
         <name>args_main.obj</name>
      </input_file>
      <input_file id="fl-64">
         <path>C:\ti\ccsv6\tools\compiler\ti-cgt-msp430_4.4.3\lib\</path>
         <kind>archive</kind>
         <file>rts430x_lc_rd_eabi.lib</file>
         <name>asr32.obj</name>
      </input_file>
      <input_file id="fl-65">
         <path>C:\ti\ccsv6\tools\compiler\ti-cgt-msp430_4.4.3\lib\</path>
         <kind>archive</kind>
         <file>rts430x_lc_rd_eabi.lib</file>
         <name>atoi.obj</name>
      </input_file>
      <input_file id="fl-66">
         <path>C:\ti\ccsv6\tools\compiler\ti-cgt-msp430_4.4.3\lib\</path>
         <kind>archive</kind>
         <file>rts430x_lc_rd_eabi.lib</file>
         <name>autoinit_wdt.obj</name>
      </input_file>
      <input_file id="fl-67">
         <path>C:\ti\ccsv6\tools\compiler\ti-cgt-msp430_4.4.3\lib\</path>
         <kind>archive</kind>
         <file>rts430x_lc_rd_eabi.lib</file>
         <name>cmpd.obj</name>
      </input_file>
      <input_file id="fl-68">
         <path>C:\ti\ccsv6\tools\compiler\ti-cgt-msp430_4.4.3\lib\</path>
         <kind>archive</kind>
         <file>rts430x_lc_rd_eabi.lib</file>
         <name>ctype.obj</name>
      </input_file>
      <input_file id="fl-69">
         <path>C:\ti\ccsv6\tools\compiler\ti-cgt-msp430_4.4.3\lib\</path>
         <kind>archive</kind>
         <file>rts430x_lc_rd_eabi.lib</file>
         <name>div16u.obj</name>
      </input_file>
      <input_file id="fl-6a">
         <path>C:\ti\ccsv6\tools\compiler\ti-cgt-msp430_4.4.3\lib\</path>
         <kind>archive</kind>
         <file>rts430x_lc_rd_eabi.lib</file>
         <name>div64u.obj</name>
      </input_file>
      <input_file id="fl-6b">
         <path>C:\ti\ccsv6\tools\compiler\ti-cgt-msp430_4.4.3\lib\</path>
         <kind>archive</kind>
         <file>rts430x_lc_rd_eabi.lib</file>
         <name>frcaddd.obj</name>
      </input_file>
      <input_file id="fl-6c">
         <path>C:\ti\ccsv6\tools\compiler\ti-cgt-msp430_4.4.3\lib\</path>
         <kind>archive</kind>
         <file>rts430x_lc_rd_eabi.lib</file>
         <name>lsl32.obj</name>
      </input_file>
      <input_file id="fl-6d">
         <path>C:\ti\ccsv6\tools\compiler\ti-cgt-msp430_4.4.3\lib\</path>
         <kind>archive</kind>
         <file>rts430x_lc_rd_eabi.lib</file>
         <name>lsl64.obj</name>
      </input_file>
      <input_file id="fl-6e">
         <path>C:\ti\ccsv6\tools\compiler\ti-cgt-msp430_4.4.3\lib\</path>
         <kind>archive</kind>
         <file>rts430x_lc_rd_eabi.lib</file>
         <name>lsr32.obj</name>
      </input_file>
      <input_file id="fl-6f">
         <path>C:\ti\ccsv6\tools\compiler\ti-cgt-msp430_4.4.3\lib\</path>
         <kind>archive</kind>
         <file>rts430x_lc_rd_eabi.lib</file>
         <name>lsr64.obj</name>
      </input_file>
      <input_file id="fl-70">
         <path>C:\ti\ccsv6\tools\compiler\ti-cgt-msp430_4.4.3\lib\</path>
         <kind>archive</kind>
         <file>rts430x_lc_rd_eabi.lib</file>
         <name>memccpy.obj</name>
      </input_file>
      <input_file id="fl-71">
         <path>C:\ti\ccsv6\tools\compiler\ti-cgt-msp430_4.4.3\lib\</path>
         <kind>archive</kind>
         <file>rts430x_lc_rd_eabi.lib</file>
         <name>memset.obj</name>
      </input_file>
      <input_file id="fl-72">
         <path>C:\ti\ccsv6\tools\compiler\ti-cgt-msp430_4.4.3\lib\</path>
         <kind>archive</kind>
         <file>rts430x_lc_rd_eabi.lib</file>
         <name>renormd.obj</name>
      </input_file>
   </input_file_list>
   <object_component_list>
      <object_component id="oc-159">
         <name>.common:bspFlags</name>
         <uninitialized>true</uninitialized>
         <run_address>0x11ea</run_address>
         <size>0x1</size>
      </object_component>
      <object_component id="oc-169">
         <name>.common:LedVerde</name>
         <uninitialized>true</uninitialized>
         <run_address>0x11bc</run_address>
         <size>0x4</size>
      </object_component>
      <object_component id="oc-2bf">
         <name>.common:LedRojo</name>
         <uninitialized>true</uninitialized>
         <run_address>0x11b8</run_address>
         <size>0x4</size>
      </object_component>
      <object_component id="oc-1c6">
         <name>.common:Switch1</name>
         <uninitialized>true</uninitialized>
         <run_address>0x11c0</run_address>
         <size>0x4</size>
      </object_component>
      <object_component id="oc-1e7">
         <name>.common:rf_rxCalibration</name>
         <uninitialized>true</uninitialized>
         <run_address>0x11ac</run_address>
         <size>0x6</size>
      </object_component>
      <object_component id="oc-1d9">
         <name>.common:rf_txCalibration</name>
         <uninitialized>true</uninitialized>
         <run_address>0x11b2</run_address>
         <size>0x6</size>
      </object_component>
      <object_component id="oc-1f4">
         <name>.common:tar_inicial</name>
         <uninitialized>true</uninitialized>
         <run_address>0x11e6</run_address>
         <size>0x2</size>
      </object_component>
      <object_component id="oc-185">
         <name>.common:cont_rebase_timer</name>
         <uninitialized>true</uninitialized>
         <run_address>0x11eb</run_address>
         <size>0x1</size>
      </object_component>
      <object_component id="oc-1da">
         <name>.common:i</name>
         <uninitialized>true</uninitialized>
         <run_address>0x11ec</run_address>
         <size>0x1</size>
      </object_component>
      <object_component id="oc-1f5">
         <name>.common:timestamp_inicial</name>
         <uninitialized>true</uninitialized>
         <run_address>0x11d8</run_address>
         <size>0x4</size>
      </object_component>
      <object_component id="oc-1f8">
         <name>.common:timestamp_final</name>
         <uninitialized>true</uninitialized>
         <run_address>0x11d4</run_address>
         <size>0x4</size>
      </object_component>
      <object_component id="oc-1f7">
         <name>.common:timestamprx</name>
         <uninitialized>true</uninitialized>
         <run_address>0x11dc</run_address>
         <size>0x4</size>
      </object_component>
      <object_component id="oc-200">
         <name>.common:rebasesRX</name>
         <uninitialized>true</uninitialized>
         <run_address>0x11e2</run_address>
         <size>0x2</size>
      </object_component>
      <object_component id="oc-1f6">
         <name>.common:diferencia</name>
         <uninitialized>true</uninitialized>
         <run_address>0x1196</run_address>
         <size>0xc</size>
      </object_component>
      <object_component id="oc-181">
         <name>.common:ciclo_correccion</name>
         <uninitialized>true</uninitialized>
         <run_address>0x11c4</run_address>
         <size>0x4</size>
      </object_component>
      <object_component id="oc-177">
         <name>.common:proxima_correccion</name>
         <uninitialized>true</uninitialized>
         <run_address>0x11c8</run_address>
         <size>0x4</size>
      </object_component>
      <object_component id="oc-1ff">
         <name>.common:timestamp_TAR</name>
         <uninitialized>true</uninitialized>
         <run_address>0x11e8</run_address>
         <size>0x2</size>
      </object_component>
      <object_component id="oc-394">
         <name>.common:spiBaseAdd</name>
         <uninitialized>true</uninitialized>
         <run_address>0x11cc</run_address>
         <size>0x4</size>
      </object_component>
      <object_component id="oc-274">
         <name>.common:prtInfList</name>
         <uninitialized>true</uninitialized>
         <run_address>0x115a</run_address>
         <size>0x14</size>
      </object_component>
      <object_component id="oc-265">
         <name>.common:tar$1</name>
         <uninitialized>true</uninitialized>
         <run_address>0x11e4</run_address>
         <size>0x2</size>
      </object_component>
      <object_component id="oc-266">
         <name>.common:time_stamp$2</name>
         <uninitialized>true</uninitialized>
         <run_address>0x11d0</run_address>
         <size>0x4</size>
      </object_component>
      <object_component id="oc-19a">
         <name>.common:bsp_contMs</name>
         <uninitialized>true</uninitialized>
         <run_address>0x11e0</run_address>
         <size>0x2</size>
      </object_component>
      <object_component id="oc-151">
         <name>.common:rf_rxBuffer</name>
         <uninitialized>true</uninitialized>
         <run_address>0x11a2</run_address>
         <size>0xa</size>
      </object_component>
      <object_component id="oc-15c">
         <name>.common:rf_rxLen</name>
         <uninitialized>true</uninitialized>
         <run_address>0x11ee</run_address>
         <size>0x1</size>
      </object_component>
      <object_component id="oc-152">
         <name>.common:rf_rxRssi</name>
         <uninitialized>true</uninitialized>
         <run_address>0x11f0</run_address>
         <size>0x1</size>
      </object_component>
      <object_component id="oc-14d">
         <name>.common:rf_rxLqi</name>
         <uninitialized>true</uninitialized>
         <run_address>0x11ef</run_address>
         <size>0x1</size>
      </object_component>
      <object_component id="oc-150">
         <name>.common:rf_rxAddr</name>
         <uninitialized>true</uninitialized>
         <run_address>0x11ed</run_address>
         <size>0x1</size>
      </object_component>
      <object_component id="oc-2a3">
         <name>.common:cnf</name>
         <uninitialized>true</uninitialized>
         <run_address>0x1100</run_address>
         <size>0x2e</size>
      </object_component>
      <object_component id="oc-2a4">
         <name>.common:uartUsartRegs</name>
         <uninitialized>true</uninitialized>
         <run_address>0x112e</run_address>
         <size>0x2c</size>
      </object_component>
      <object_component id="oc-2ab">
         <name>.common:uartTxBuf</name>
         <uninitialized>true</uninitialized>
         <run_address>0x1182</run_address>
         <size>0x14</size>
      </object_component>
      <object_component id="oc-2b2">
         <name>.common:uartRxBuf</name>
         <uninitialized>true</uninitialized>
         <run_address>0x116e</run_address>
         <size>0x14</size>
      </object_component>
      <object_component id="oc-a3">
         <name>.stack</name>
         <uninitialized>true</uninitialized>
         <run_address>0x2088</run_address>
         <size>0x4</size>
         <input_file_ref idref="fl-36"/>
      </object_component>
      <object_component id="oc-533">
         <name>.stack</name>
         <uninitialized>true</uninitialized>
         <run_address>0x2088</run_address>
         <size>0x0</size>
      </object_component>
      <object_component id="oc-4d5">
         <name>.text:__mspabi_divull</name>
         <load_address>0x10000</load_address>
         <run_address>0x10000</run_address>
         <size>0x39a</size>
         <input_file_ref idref="fl-6a"/>
      </object_component>
      <object_component id="oc-2c0">
         <name>.text:hal_pin_config</name>
         <load_address>0x1039a</load_address>
         <run_address>0x1039a</run_address>
         <size>0x30a</size>
         <input_file_ref idref="fl-4"/>
      </object_component>
      <object_component id="oc-418">
         <name>.text:__mspabi_addd</name>
         <load_address>0x106a4</load_address>
         <run_address>0x106a4</run_address>
         <size>0x2d8</size>
         <input_file_ref idref="fl-62"/>
      </object_component>
      <object_component id="oc-2a5">
         <name>.text:configUSCIUart</name>
         <load_address>0x1097c</load_address>
         <run_address>0x1097c</run_address>
         <size>0x2bc</size>
         <input_file_ref idref="fl-6"/>
      </object_component>
      <object_component id="oc-466">
         <name>.text:__TI_frcaddd</name>
         <load_address>0x10c38</load_address>
         <run_address>0x10c38</run_address>
         <size>0x252</size>
         <input_file_ref idref="fl-6b"/>
      </object_component>
      <object_component id="oc-3c7">
         <name>.text:_setfield</name>
         <load_address>0x10e8a</load_address>
         <run_address>0x10e8a</run_address>
         <size>0x214</size>
         <input_file_ref idref="fl-61"/>
      </object_component>
      <object_component id="oc-311">
         <name>.text:__TI_printfi_nofloat</name>
         <load_address>0x1109e</load_address>
         <run_address>0x1109e</run_address>
         <size>0x1f4</size>
         <input_file_ref idref="fl-61"/>
      </object_component>
      <object_component id="oc-111">
         <name>.text:main</name>
         <load_address>0x11292</load_address>
         <run_address>0x11292</run_address>
         <size>0x1cc</size>
         <input_file_ref idref="fl-2"/>
      </object_component>
      <object_component id="oc-2d8">
         <name>.text:hal_cc2500_WriteRFSettings</name>
         <load_address>0x1145e</load_address>
         <run_address>0x1145e</run_address>
         <size>0x19c</size>
         <input_file_ref idref="fl-3"/>
      </object_component>
      <object_component id="oc-47c">
         <name>.text:_getarg_diouxp</name>
         <load_address>0x115fa</load_address>
         <run_address>0x115fa</run_address>
         <size>0x188</size>
         <input_file_ref idref="fl-61"/>
      </object_component>
      <object_component id="oc-1ba">
         <name>.text:bsp_Init</name>
         <load_address>0x11782</load_address>
         <run_address>0x11782</run_address>
         <size>0x17c</size>
         <input_file_ref idref="fl-7"/>
      </object_component>
      <object_component id="oc-446">
         <name>.text:_pproc_diouxp</name>
         <load_address>0x118fe</load_address>
         <run_address>0x118fe</run_address>
         <size>0x148</size>
         <input_file_ref idref="fl-61"/>
      </object_component>
      <object_component id="oc-153">
         <name>.text:hal_cc2500_receivePacket</name>
         <load_address>0x11a46</load_address>
         <run_address>0x11a46</run_address>
         <size>0x130</size>
         <input_file_ref idref="fl-3"/>
      </object_component>
      <object_component id="oc-37a">
         <name>.text</name>
         <load_address>0x11b76</load_address>
         <run_address>0x11b76</run_address>
         <size>0x130</size>
         <input_file_ref idref="fl-3e"/>
      </object_component>
      <object_component id="oc-3c1">
         <name>.text:_pproc_fwp</name>
         <load_address>0x11ca6</load_address>
         <run_address>0x11ca6</run_address>
         <size>0xfa</size>
         <input_file_ref idref="fl-61"/>
      </object_component>
      <object_component id="oc-1d3">
         <name>.text:Calibration</name>
         <load_address>0x11da0</load_address>
         <run_address>0x11da0</run_address>
         <size>0xde</size>
         <input_file_ref idref="fl-2"/>
      </object_component>
      <object_component id="oc-412">
         <name>.text:__mspabi_cmpd</name>
         <load_address>0x11e7e</load_address>
         <run_address>0x11e7e</run_address>
         <size>0xd8</size>
         <input_file_ref idref="fl-67"/>
      </object_component>
      <object_component id="oc-2f8">
         <name>.text:hal_cc2500_sendPacket</name>
         <load_address>0x11f56</load_address>
         <run_address>0x11f56</run_address>
         <size>0xd6</size>
         <input_file_ref idref="fl-3"/>
      </object_component>
      <object_component id="oc-424">
         <name>.text:_Dint</name>
         <load_address>0x1202c</load_address>
         <run_address>0x1202c</run_address>
         <size>0xcc</size>
         <input_file_ref idref="fl-5f"/>
      </object_component>
      <object_component id="oc-36f">
         <name>.text:round</name>
         <load_address>0x120f8</load_address>
         <run_address>0x120f8</run_address>
         <size>0xc4</size>
         <input_file_ref idref="fl-5b"/>
      </object_component>
      <object_component id="oc-3e6">
         <name>.text:uartSendDataBlocking</name>
         <load_address>0x121bc</load_address>
         <run_address>0x121bc</run_address>
         <size>0xbc</size>
         <input_file_ref idref="fl-6"/>
      </object_component>
      <object_component id="oc-37f">
         <name>.text</name>
         <load_address>0x12278</load_address>
         <run_address>0x12278</run_address>
         <size>0xb6</size>
         <input_file_ref idref="fl-41"/>
      </object_component>
      <object_component id="oc-49f">
         <name>.text:__TI_renormd</name>
         <load_address>0x1232e</load_address>
         <run_address>0x1232e</run_address>
         <size>0xb2</size>
         <input_file_ref idref="fl-72"/>
      </object_component>
      <object_component id="oc-3cd">
         <name>.text:_pproc_str</name>
         <load_address>0x123e0</load_address>
         <run_address>0x123e0</run_address>
         <size>0xa8</size>
         <input_file_ref idref="fl-61"/>
      </object_component>
      <object_component id="oc-482">
         <name>.text:_ltostr</name>
         <load_address>0x12488</load_address>
         <run_address>0x12488</run_address>
         <size>0x9e</size>
         <input_file_ref idref="fl-61"/>
      </object_component>
      <object_component id="oc-364">
         <name>.text</name>
         <load_address>0x12526</load_address>
         <run_address>0x12526</run_address>
         <size>0x8e</size>
         <input_file_ref idref="fl-3f"/>
      </object_component>
      <object_component id="oc-4b3">
         <name>.text:_div</name>
         <load_address>0x125b4</load_address>
         <run_address>0x125b4</run_address>
         <size>0x88</size>
         <input_file_ref idref="fl-61"/>
      </object_component>
      <object_component id="oc-2b9">
         <name>.text:enableUartRx</name>
         <load_address>0x1263c</load_address>
         <run_address>0x1263c</run_address>
         <size>0x78</size>
         <input_file_ref idref="fl-6"/>
      </object_component>
      <object_component id="oc-2e1">
         <name>.text:hal_cc2500_writeBurstReg</name>
         <load_address>0x126b4</load_address>
         <run_address>0x126b4</run_address>
         <size>0x70</size>
         <input_file_ref idref="fl-3"/>
      </object_component>
      <object_component id="oc-f7">
         <name>.text:_auto_init_hold_wdt</name>
         <load_address>0x12724</load_address>
         <run_address>0x12724</run_address>
         <size>0x6c</size>
         <input_file_ref idref="fl-66"/>
      </object_component>
      <object_component id="oc-b4">
         <name>.text:__TI_decompress_rle_core</name>
         <load_address>0x12790</load_address>
         <run_address>0x12790</run_address>
         <size>0x68</size>
         <input_file_ref idref="fl-39"/>
      </object_component>
      <object_component id="oc-369">
         <name>.text:__mspabi_cvtfd</name>
         <load_address>0x127f8</load_address>
         <run_address>0x127f8</run_address>
         <size>0x64</size>
         <input_file_ref idref="fl-3b"/>
      </object_component>
      <object_component id="oc-438">
         <name>.text:atoi</name>
         <load_address>0x1285c</load_address>
         <run_address>0x1285c</run_address>
         <size>0x62</size>
         <input_file_ref idref="fl-65"/>
      </object_component>
      <object_component id="oc-248">
         <name>.text:hal_cc2500_readBurstReg</name>
         <load_address>0x128be</load_address>
         <run_address>0x128be</run_address>
         <size>0x5e</size>
         <input_file_ref idref="fl-3"/>
      </object_component>
      <object_component id="oc-18a">
         <name>.text:uart_USCI_A0_TX_ISR</name>
         <load_address>0x1291c</load_address>
         <run_address>0x1291c</run_address>
         <size>0x5e</size>
         <input_file_ref idref="fl-6"/>
      </object_component>
      <object_component id="oc-25e">
         <name>.text:hal_pin_out</name>
         <load_address>0x1297a</load_address>
         <run_address>0x1297a</run_address>
         <size>0x5c</size>
         <input_file_ref idref="fl-4"/>
      </object_component>
      <object_component id="oc-35a">
         <name>.text</name>
         <load_address>0x129d6</load_address>
         <run_address>0x129d6</run_address>
         <size>0x58</size>
         <input_file_ref idref="fl-3c"/>
      </object_component>
      <object_component id="oc-2b3">
         <name>.text:setUartRxBuffer</name>
         <load_address>0x12a2e</load_address>
         <run_address>0x12a2e</run_address>
         <size>0x56</size>
         <input_file_ref idref="fl-6"/>
      </object_component>
      <object_component id="oc-2ac">
         <name>.text:setUartTxBuffer</name>
         <load_address>0x12a84</load_address>
         <run_address>0x12a84</run_address>
         <size>0x56</size>
         <input_file_ref idref="fl-6"/>
      </object_component>
      <object_component id="oc-2d2">
         <name>.text:hal_cc2500_powerupReset</name>
         <load_address>0x12ada</load_address>
         <run_address>0x12ada</run_address>
         <size>0x52</size>
         <input_file_ref idref="fl-3"/>
      </object_component>
      <object_component id="oc-354">
         <name>.text:initUartPort</name>
         <load_address>0x12b2c</load_address>
         <run_address>0x12b2c</run_address>
         <size>0x52</size>
         <input_file_ref idref="fl-6"/>
      </object_component>
      <object_component id="oc-1e8">
         <name>.text:RF_getRxPacket</name>
         <load_address>0x12b7e</load_address>
         <run_address>0x12b7e</run_address>
         <size>0x4a</size>
         <input_file_ref idref="fl-7"/>
      </object_component>
      <object_component id="oc-3bb">
         <name>.text:_pproc_fflags</name>
         <load_address>0x12bc8</load_address>
         <run_address>0x12bc8</run_address>
         <size>0x46</size>
         <input_file_ref idref="fl-61"/>
      </object_component>
      <object_component id="oc-389">
         <name>.text:initBufferDefaults</name>
         <load_address>0x12c0e</load_address>
         <run_address>0x12c0e</run_address>
         <size>0x46</size>
         <input_file_ref idref="fl-6"/>
      </object_component>
      <object_component id="oc-384">
         <name>.text</name>
         <load_address>0x12c54</load_address>
         <run_address>0x12c54</run_address>
         <size>0x46</size>
         <input_file_ref idref="fl-42"/>
      </object_component>
      <object_component id="oc-186">
         <name>.text:app_TimerISR_1s</name>
         <load_address>0x12c9a</load_address>
         <run_address>0x12c9a</run_address>
         <size>0x44</size>
         <input_file_ref idref="fl-2"/>
      </object_component>
      <object_component id="oc-2e7">
         <name>.text:hal_cc2500_writeReg</name>
         <load_address>0x12cde</load_address>
         <run_address>0x12cde</run_address>
         <size>0x44</size>
         <input_file_ref idref="fl-3"/>
      </object_component>
      <object_component id="oc-20e">
         <name>.text:sprintf</name>
         <load_address>0x12d22</load_address>
         <run_address>0x12d22</run_address>
         <size>0x44</size>
         <input_file_ref idref="fl-5c"/>
      </object_component>
      <object_component id="oc-2c6">
         <name>.text:spi1_setup</name>
         <load_address>0x12d66</load_address>
         <run_address>0x12d66</run_address>
         <size>0x42</size>
         <input_file_ref idref="fl-5"/>
      </object_component>
      <object_component id="oc-407">
         <name>.text:l_asr_const</name>
         <load_address>0x12da8</load_address>
         <run_address>0x12da8</run_address>
         <size>0x3e</size>
         <input_file_ref idref="fl-64"/>
      </object_component>
      <object_component id="oc-4bf">
         <name>.text:l_lsr_const</name>
         <load_address>0x12de6</load_address>
         <run_address>0x12de6</run_address>
         <size>0x3e</size>
         <input_file_ref idref="fl-6e"/>
      </object_component>
      <object_component id="oc-331">
         <name>.text:spi1_wr</name>
         <load_address>0x12e24</load_address>
         <run_address>0x12e24</run_address>
         <size>0x3e</size>
         <input_file_ref idref="fl-5"/>
      </object_component>
      <object_component id="oc-4e1">
         <name>.text:__mspabi_sllll</name>
         <load_address>0x12e62</load_address>
         <run_address>0x12e62</run_address>
         <size>0x3a</size>
         <input_file_ref idref="fl-6d"/>
      </object_component>
      <object_component id="oc-4ca">
         <name>.text:__mspabi_srlll</name>
         <load_address>0x12e9c</load_address>
         <run_address>0x12e9c</run_address>
         <size>0x3a</size>
         <input_file_ref idref="fl-6f"/>
      </object_component>
      <object_component id="oc-242">
         <name>.text:hal_cc2500_readReg</name>
         <load_address>0x12ed6</load_address>
         <run_address>0x12ed6</run_address>
         <size>0x3a</size>
         <input_file_ref idref="fl-3"/>
      </object_component>
      <object_component id="oc-23c">
         <name>.text:hal_cc2500_readStatus</name>
         <load_address>0x12f10</load_address>
         <run_address>0x12f10</run_address>
         <size>0x3a</size>
         <input_file_ref idref="fl-3"/>
      </object_component>
      <object_component id="oc-192">
         <name>.text:uart_USCI_A0_RX_ISR</name>
         <load_address>0x12f4a</load_address>
         <run_address>0x12f4a</run_address>
         <size>0x38</size>
         <input_file_ref idref="fl-6"/>
      </object_component>
      <object_component id="oc-344">
         <name>.text:hal_pin_toggle</name>
         <load_address>0x12f82</load_address>
         <run_address>0x12f82</run_address>
         <size>0x36</size>
         <input_file_ref idref="fl-4"/>
      </object_component>
      <object_component id="oc-375">
         <name>.text</name>
         <load_address>0x12fb8</load_address>
         <run_address>0x12fb8</run_address>
         <size>0x36</size>
         <input_file_ref idref="fl-40"/>
      </object_component>
      <object_component id="oc-41e">
         <name>.text:__mspabi_subd</name>
         <load_address>0x12fee</load_address>
         <run_address>0x12fee</run_address>
         <size>0x32</size>
         <input_file_ref idref="fl-5e"/>
      </object_component>
      <object_component id="oc-3a6">
         <name>.text:hal_cc2500_status</name>
         <load_address>0x13020</load_address>
         <run_address>0x13020</run_address>
         <size>0x32</size>
         <input_file_ref idref="fl-3"/>
      </object_component>
      <object_component id="oc-297">
         <name>.text:hal_pin_init</name>
         <load_address>0x13052</load_address>
         <run_address>0x13052</run_address>
         <size>0x32</size>
         <input_file_ref idref="fl-4"/>
      </object_component>
      <object_component id="oc-35f">
         <name>.text</name>
         <load_address>0x13084</load_address>
         <run_address>0x13084</run_address>
         <size>0x32</size>
         <input_file_ref idref="fl-43"/>
      </object_component>
      <object_component id="oc-3f5">
         <name>.text:spi1_rxFinish</name>
         <load_address>0x130b6</load_address>
         <run_address>0x130b6</run_address>
         <size>0x32</size>
         <input_file_ref idref="fl-5"/>
      </object_component>
      <object_component id="oc-171">
         <name>.text:TimeStamp</name>
         <load_address>0x130e8</load_address>
         <run_address>0x130e8</run_address>
         <size>0x30</size>
         <input_file_ref idref="fl-7"/>
      </object_component>
      <object_component id="oc-24e">
         <name>.text:hal_cc2500_strobe</name>
         <load_address>0x13118</load_address>
         <run_address>0x13118</run_address>
         <size>0x30</size>
         <input_file_ref idref="fl-3"/>
      </object_component>
      <object_component id="oc-325">
         <name>.text:hal_cc2500_wakeup</name>
         <load_address>0x13148</load_address>
         <run_address>0x13148</run_address>
         <size>0x30</size>
         <input_file_ref idref="fl-3"/>
      </object_component>
      <object_component id="oc-2ef">
         <name>.text:hal_pin_in</name>
         <load_address>0x13178</load_address>
         <run_address>0x13178</run_address>
         <size>0x30</size>
         <input_file_ref idref="fl-4"/>
      </object_component>
      <object_component id="oc-141">
         <name>.text:hal_pin_intGetFlag</name>
         <load_address>0x131a8</load_address>
         <run_address>0x131a8</run_address>
         <size>0x30</size>
         <input_file_ref idref="fl-4"/>
      </object_component>
      <object_component id="oc-319">
         <name>.text:uartSendStringBlocking</name>
         <load_address>0x131d8</load_address>
         <run_address>0x131d8</run_address>
         <size>0x2e</size>
         <input_file_ref idref="fl-6"/>
      </object_component>
      <object_component id="oc-147">
         <name>.text:hal_pin_intClearFlag</name>
         <load_address>0x13206</load_address>
         <run_address>0x13206</run_address>
         <size>0x2c</size>
         <input_file_ref idref="fl-4"/>
      </object_component>
      <object_component id="oc-29d">
         <name>.text:initUartDriver</name>
         <load_address>0x13232</load_address>
         <run_address>0x13232</run_address>
         <size>0x2c</size>
         <input_file_ref idref="fl-6"/>
      </object_component>
      <object_component id="oc-3ee">
         <name>.text:spi1_txBufReady</name>
         <load_address>0x1325e</load_address>
         <run_address>0x1325e</run_address>
         <size>0x2a</size>
         <input_file_ref idref="fl-5"/>
      </object_component>
      <object_component id="oc-3a0">
         <name>.text:hal_pin_intDisable</name>
         <load_address>0x13288</load_address>
         <run_address>0x13288</run_address>
         <size>0x28</size>
         <input_file_ref idref="fl-4"/>
      </object_component>
      <object_component id="oc-3ac">
         <name>.text:hal_pin_intEnable</name>
         <load_address>0x132b0</load_address>
         <run_address>0x132b0</run_address>
         <size>0x28</size>
         <input_file_ref idref="fl-4"/>
      </object_component>
      <object_component id="oc-61">
         <name>.text:decompress:ZI:__TI_zero_init</name>
         <load_address>0x132d8</load_address>
         <run_address>0x132d8</run_address>
         <size>0x24</size>
         <input_file_ref idref="fl-3a"/>
      </object_component>
      <object_component id="oc-305">
         <name>.text:_outs</name>
         <load_address>0x132fc</load_address>
         <run_address>0x132fc</run_address>
         <size>0x20</size>
         <input_file_ref idref="fl-5c"/>
      </object_component>
      <object_component id="oc-44c">
         <name>.text:memccpy</name>
         <load_address>0x1331c</load_address>
         <run_address>0x1331c</run_address>
         <size>0x1e</size>
         <input_file_ref idref="fl-70"/>
      </object_component>
      <object_component id="oc-32b">
         <name>.text:spi1_write</name>
         <load_address>0x1333a</load_address>
         <run_address>0x1333a</run_address>
         <size>0x1e</size>
         <input_file_ref idref="fl-5"/>
      </object_component>
      <object_component id="oc-1db">
         <name>.text:RF_SendPacket</name>
         <load_address>0x13358</load_address>
         <run_address>0x13358</run_address>
         <size>0x1a</size>
         <input_file_ref idref="fl-7"/>
      </object_component>
      <object_component id="oc-1cd">
         <name>.text:bsp_msDelay</name>
         <load_address>0x13372</load_address>
         <run_address>0x13372</run_address>
         <size>0x1a</size>
         <input_file_ref idref="fl-7"/>
      </object_component>
      <object_component id="oc-201">
         <name>.text:escribir_TimeStamp</name>
         <load_address>0x1338c</load_address>
         <run_address>0x1338c</run_address>
         <size>0x1a</size>
         <input_file_ref idref="fl-7"/>
      </object_component>
      <object_component id="oc-214">
         <name>.text:serie_SendString</name>
         <load_address>0x133a6</load_address>
         <run_address>0x133a6</run_address>
         <size>0x1a</size>
         <input_file_ref idref="fl-7"/>
      </object_component>
      <object_component id="oc-1c7">
         <name>.text:sw_state</name>
         <load_address>0x133c0</load_address>
         <run_address>0x133c0</run_address>
         <size>0x1a</size>
         <input_file_ref idref="fl-7"/>
      </object_component>
      <object_component id="oc-43e">
         <name>.text:memset</name>
         <load_address>0x133da</load_address>
         <run_address>0x133da</run_address>
         <size>0x16</size>
         <input_file_ref idref="fl-71"/>
      </object_component>
      <object_component id="oc-4d0">
         <name>.text</name>
         <load_address>0x133f0</load_address>
         <run_address>0x133f0</run_address>
         <size>0x16</size>
         <input_file_ref idref="fl-69"/>
      </object_component>
      <object_component id="oc-220">
         <name>.text</name>
         <load_address>0x13406</load_address>
         <run_address>0x13406</run_address>
         <size>0x16</size>
         <input_file_ref idref="fl-55"/>
      </object_component>
      <object_component id="oc-30b">
         <name>.text:_outc</name>
         <load_address>0x1341c</load_address>
         <run_address>0x1341c</run_address>
         <size>0x14</size>
         <input_file_ref idref="fl-5c"/>
      </object_component>
      <object_component id="oc-19b">
         <name>.text:app_TimerISR_1ms</name>
         <load_address>0x13430</load_address>
         <run_address>0x13430</run_address>
         <size>0x14</size>
         <input_file_ref idref="fl-2"/>
      </object_component>
      <object_component id="oc-16a">
         <name>.text:led_Off</name>
         <load_address>0x13444</load_address>
         <run_address>0x13444</run_address>
         <size>0x14</size>
         <input_file_ref idref="fl-7"/>
      </object_component>
      <object_component id="oc-a7">
         <name>.text:memcpy</name>
         <load_address>0x13458</load_address>
         <run_address>0x13458</run_address>
         <size>0x14</size>
         <input_file_ref idref="fl-51"/>
      </object_component>
      <object_component id="oc-44">
         <name>.text:decompress:none:__TI_decompress_none</name>
         <load_address>0x1346c</load_address>
         <run_address>0x1346c</run_address>
         <size>0x12</size>
         <input_file_ref idref="fl-38"/>
      </object_component>
      <object_component id="oc-26e">
         <name>.text:led_Toggle</name>
         <load_address>0x1347e</load_address>
         <run_address>0x1347e</run_address>
         <size>0x12</size>
         <input_file_ref idref="fl-7"/>
      </object_component>
      <object_component id="oc-49a">
         <name>.text:l_asr</name>
         <load_address>0x13490</load_address>
         <run_address>0x13490</run_address>
         <size>0x10</size>
         <input_file_ref idref="fl-64"/>
      </object_component>
      <object_component id="oc-490">
         <name>.text:l_lsl</name>
         <load_address>0x134a0</load_address>
         <run_address>0x134a0</run_address>
         <size>0x10</size>
         <input_file_ref idref="fl-6c"/>
      </object_component>
      <object_component id="oc-495">
         <name>.text:l_lsr</name>
         <load_address>0x134b0</load_address>
         <run_address>0x134b0</run_address>
         <size>0x10</size>
         <input_file_ref idref="fl-6e"/>
      </object_component>
      <object_component id="oc-1e1">
         <name>.text:RF_rxDataReady</name>
         <load_address>0x134c0</load_address>
         <run_address>0x134c0</run_address>
         <size>0xe</size>
         <input_file_ref idref="fl-7"/>
      </object_component>
      <object_component id="oc-3b5">
         <name>.text:strlen</name>
         <load_address>0x134ce</load_address>
         <run_address>0x134ce</run_address>
         <size>0xe</size>
         <input_file_ref idref="fl-5d"/>
      </object_component>
      <object_component id="oc-33a">
         <name>.text:spi1_busy</name>
         <load_address>0x134dc</load_address>
         <run_address>0x134dc</run_address>
         <size>0xc</size>
         <input_file_ref idref="fl-5"/>
      </object_component>
      <object_component id="oc-1c0">
         <name>.text:RF_PwrUpRx</name>
         <load_address>0x134e8</load_address>
         <run_address>0x134e8</run_address>
         <size>0xa</size>
         <input_file_ref idref="fl-7"/>
      </object_component>
      <object_component id="oc-3fe">
         <name>.text</name>
         <load_address>0x134f2</load_address>
         <run_address>0x134f2</run_address>
         <size>0xa</size>
         <input_file_ref idref="fl-50"/>
      </object_component>
      <object_component id="oc-2cc">
         <name>.text:spi1_start</name>
         <load_address>0x134fc</load_address>
         <run_address>0x134fc</run_address>
         <size>0xa</size>
         <input_file_ref idref="fl-5"/>
      </object_component>
      <object_component id="oc-1f9">
         <name>.text:Timer_Desabilitar</name>
         <load_address>0x13506</load_address>
         <run_address>0x13506</run_address>
         <size>0x8</size>
         <input_file_ref idref="fl-7"/>
      </object_component>
      <object_component id="oc-207">
         <name>.text:Timer_Habilitar</name>
         <load_address>0x1350e</load_address>
         <run_address>0x1350e</run_address>
         <size>0x8</size>
         <input_file_ref idref="fl-7"/>
      </object_component>
      <object_component id="oc-4a">
         <name>.text:decompress:rle24:__TI_decompress_rle24</name>
         <load_address>0x13516</load_address>
         <run_address>0x13516</run_address>
         <size>0x6</size>
         <input_file_ref idref="fl-39"/>
      </object_component>
      <object_component id="oc-1ee">
         <name>.text:get_tar</name>
         <load_address>0x1351c</load_address>
         <run_address>0x1351c</run_address>
         <size>0x6</size>
         <input_file_ref idref="fl-7"/>
      </object_component>
      <object_component id="oc-f1">
         <name>.text:_system_pre_init</name>
         <load_address>0x13522</load_address>
         <run_address>0x13522</run_address>
         <size>0x4</size>
         <input_file_ref idref="fl-5a"/>
      </object_component>
      <object_component id="oc-119">
         <name>.text:abort</name>
         <load_address>0x13526</load_address>
         <run_address>0x13526</run_address>
         <size>0x4</size>
         <input_file_ref idref="fl-3d"/>
      </object_component>
      <object_component id="oc-15d">
         <name>.text:app_RxPacketISR</name>
         <load_address>0x1352a</load_address>
         <run_address>0x1352a</run_address>
         <size>0x2</size>
         <input_file_ref idref="fl-2"/>
      </object_component>
      <object_component id="oc-d2">
         <name>.text:_isr:Ta1_ISR</name>
         <load_address>0x2100</load_address>
         <run_address>0x2100</run_address>
         <size>0x90</size>
         <input_file_ref idref="fl-7"/>
      </object_component>
      <object_component id="oc-c6">
         <name>.text:_isr:port2_ISR</name>
         <load_address>0x2190</load_address>
         <run_address>0x2190</run_address>
         <size>0x5c</size>
         <input_file_ref idref="fl-7"/>
      </object_component>
      <object_component id="oc-cc">
         <name>.text:_isr:Port1_ISR</name>
         <load_address>0x21ec</load_address>
         <run_address>0x21ec</run_address>
         <size>0x2c</size>
         <input_file_ref idref="fl-7"/>
      </object_component>
      <object_component id="oc-e4">
         <name>.text:_isr:Tb1_ISR</name>
         <load_address>0x2218</load_address>
         <run_address>0x2218</run_address>
         <size>0x24</size>
         <input_file_ref idref="fl-7"/>
      </object_component>
      <object_component id="oc-7f">
         <name>.text:_isr:_c_int00_noargs_noexit</name>
         <load_address>0x223c</load_address>
         <run_address>0x223c</run_address>
         <size>0x1a</size>
         <input_file_ref idref="fl-37"/>
      </object_component>
      <object_component id="oc-de">
         <name>.text:_isr:USCI_A0_RX_ISR</name>
         <load_address>0x2256</load_address>
         <run_address>0x2256</run_address>
         <size>0xa</size>
         <input_file_ref idref="fl-7"/>
      </object_component>
      <object_component id="oc-d8">
         <name>.text:_isr:USCI_A0_TX_ISR</name>
         <load_address>0x2260</load_address>
         <run_address>0x2260</run_address>
         <size>0xa</size>
         <input_file_ref idref="fl-7"/>
      </object_component>
      <object_component id="oc-c1">
         <name>.text:_isr:__TI_ISR_TRAP</name>
         <load_address>0x226a</load_address>
         <run_address>0x226a</run_address>
         <size>0x6</size>
         <input_file_ref idref="fl-4f"/>
      </object_component>
      <object_component id="oc-532">
         <name>.cinit..data.load</name>
         <load_address>0x25ee</load_address>
         <run_address>0x25ee</run_address>
         <size>0x13</size>
      </object_component>
      <object_component id="oc-52f">
         <name>__TI_handler_table</name>
         <load_address>0x2602</load_address>
         <run_address>0x2602</run_address>
         <size>0xc</size>
      </object_component>
      <object_component id="oc-531">
         <name>.cinit..bss.load</name>
         <load_address>0x260e</load_address>
         <run_address>0x260e</run_address>
         <size>0x6</size>
      </object_component>
      <object_component id="oc-530">
         <name>__TI_cinit_table</name>
         <load_address>0x2614</load_address>
         <run_address>0x2614</run_address>
         <size>0x10</size>
      </object_component>
      <object_component id="oc-225">
         <name>.const:pinPort</name>
         <load_address>0x2270</load_address>
         <run_address>0x2270</run_address>
         <size>0x190</size>
         <input_file_ref idref="fl-4"/>
      </object_component>
      <object_component id="oc-475">
         <name>.const:.string:_ctypes_</name>
         <load_address>0x2400</load_address>
         <run_address>0x2400</run_address>
         <size>0x101</size>
         <input_file_ref idref="fl-68"/>
      </object_component>
      <object_component id="oc-13e">
         <name>.const</name>
         <load_address>0x2502</load_address>
         <run_address>0x2502</run_address>
         <size>0x8c</size>
         <input_file_ref idref="fl-7"/>
      </object_component>
      <object_component id="oc-445">
         <name>.const:.string</name>
         <load_address>0x258e</load_address>
         <run_address>0x258e</run_address>
         <size>0x26</size>
         <input_file_ref idref="fl-61"/>
      </object_component>
      <object_component id="oc-46f">
         <name>.const:mask$1</name>
         <load_address>0x25b4</load_address>
         <run_address>0x25b4</run_address>
         <size>0x20</size>
         <input_file_ref idref="fl-5f"/>
      </object_component>
      <object_component id="oc-20d">
         <name>.const:.string</name>
         <load_address>0x25d4</load_address>
         <run_address>0x25d4</run_address>
         <size>0x12</size>
         <input_file_ref idref="fl-2"/>
      </object_component>
      <object_component id="oc-470">
         <name>.const:sub$2</name>
         <load_address>0x25e6</load_address>
         <run_address>0x25e6</run_address>
         <size>0x8</size>
         <input_file_ref idref="fl-5f"/>
      </object_component>
      <object_component id="oc-50">
         <name>.int14</name>
         <load_address>0xffdc</load_address>
         <run_address>0xffdc</run_address>
         <size>0x2</size>
         <input_file_ref idref="fl-44"/>
      </object_component>
      <object_component id="oc-51">
         <name>.int15</name>
         <load_address>0xffde</load_address>
         <run_address>0xffde</run_address>
         <size>0x2</size>
         <input_file_ref idref="fl-45"/>
      </object_component>
      <object_component id="oc-52">
         <name>.int16</name>
         <load_address>0xffe0</load_address>
         <run_address>0xffe0</run_address>
         <size>0x2</size>
         <input_file_ref idref="fl-46"/>
      </object_component>
      <object_component id="oc-53">
         <name>.int17</name>
         <load_address>0xffe2</load_address>
         <run_address>0xffe2</run_address>
         <size>0x2</size>
         <input_file_ref idref="fl-7"/>
      </object_component>
      <object_component id="oc-54">
         <name>.int18</name>
         <load_address>0xffe4</load_address>
         <run_address>0xffe4</run_address>
         <size>0x2</size>
         <input_file_ref idref="fl-47"/>
      </object_component>
      <object_component id="oc-55">
         <name>.int19</name>
         <load_address>0xffe6</load_address>
         <run_address>0xffe6</run_address>
         <size>0x2</size>
         <input_file_ref idref="fl-48"/>
      </object_component>
      <object_component id="oc-56">
         <name>.int20</name>
         <load_address>0xffe8</load_address>
         <run_address>0xffe8</run_address>
         <size>0x2</size>
         <input_file_ref idref="fl-7"/>
      </object_component>
      <object_component id="oc-57">
         <name>.int21</name>
         <load_address>0xffea</load_address>
         <run_address>0xffea</run_address>
         <size>0x2</size>
         <input_file_ref idref="fl-7"/>
      </object_component>
      <object_component id="oc-58">
         <name>.int22</name>
         <load_address>0xffec</load_address>
         <run_address>0xffec</run_address>
         <size>0x2</size>
         <input_file_ref idref="fl-49"/>
      </object_component>
      <object_component id="oc-59">
         <name>.int23</name>
         <load_address>0xffee</load_address>
         <run_address>0xffee</run_address>
         <size>0x2</size>
         <input_file_ref idref="fl-4a"/>
      </object_component>
      <object_component id="oc-5a">
         <name>.int24</name>
         <load_address>0xfff0</load_address>
         <run_address>0xfff0</run_address>
         <size>0x2</size>
         <input_file_ref idref="fl-7"/>
      </object_component>
      <object_component id="oc-5b">
         <name>.int25</name>
         <load_address>0xfff2</load_address>
         <run_address>0xfff2</run_address>
         <size>0x2</size>
         <input_file_ref idref="fl-7"/>
      </object_component>
      <object_component id="oc-5c">
         <name>.int26</name>
         <load_address>0xfff4</load_address>
         <run_address>0xfff4</run_address>
         <size>0x2</size>
         <input_file_ref idref="fl-4b"/>
      </object_component>
      <object_component id="oc-5d">
         <name>.int27</name>
         <load_address>0xfff6</load_address>
         <run_address>0xfff6</run_address>
         <size>0x2</size>
         <input_file_ref idref="fl-4c"/>
      </object_component>
      <object_component id="oc-5e">
         <name>.int28</name>
         <load_address>0xfff8</load_address>
         <run_address>0xfff8</run_address>
         <size>0x2</size>
         <input_file_ref idref="fl-7"/>
      </object_component>
      <object_component id="oc-5f">
         <name>.int29</name>
         <load_address>0xfffa</load_address>
         <run_address>0xfffa</run_address>
         <size>0x2</size>
         <input_file_ref idref="fl-4d"/>
      </object_component>
      <object_component id="oc-60">
         <name>.int30</name>
         <load_address>0xfffc</load_address>
         <run_address>0xfffc</run_address>
         <size>0x2</size>
         <input_file_ref idref="fl-4e"/>
      </object_component>
      <object_component id="oc-a6">
         <name>.reset</name>
         <load_address>0xfffe</load_address>
         <run_address>0xfffe</run_address>
         <size>0x2</size>
         <input_file_ref idref="fl-36"/>
      </object_component>
      <object_component id="oc-178">
         <name>.data</name>
         <load_address>0x11f2</load_address>
         <run_address>0x11f2</run_address>
         <size>0x10</size>
         <input_file_ref idref="fl-2"/>
      </object_component>
      <object_component id="oc-2de">
         <name>.data:paTable</name>
         <load_address>0x120c</load_address>
         <run_address>0x120c</run_address>
         <size>0x1</size>
         <input_file_ref idref="fl-7"/>
      </object_component>
      <object_component id="oc-182">
         <name>.data</name>
         <load_address>0x1202</load_address>
         <run_address>0x1202</run_address>
         <size>0xa</size>
         <input_file_ref idref="fl-7"/>
      </object_component>
      <object_component id="oc-15a">
         <name>.debug_info</name>
         <load_address>0x0</load_address>
         <run_address>0x0</run_address>
         <size>0x7c7</size>
         <input_file_ref idref="fl-2"/>
      </object_component>
      <object_component id="oc-179">
         <name>.debug_info</name>
         <load_address>0x7c7</load_address>
         <run_address>0x7c7</run_address>
         <size>0x252</size>
         <input_file_ref idref="fl-2"/>
      </object_component>
      <object_component id="oc-112">
         <name>.debug_info</name>
         <load_address>0xa19</load_address>
         <run_address>0xa19</run_address>
         <size>0x292</size>
         <input_file_ref idref="fl-2"/>
      </object_component>
      <object_component id="oc-17b">
         <name>.debug_info</name>
         <load_address>0xcab</load_address>
         <run_address>0xcab</run_address>
         <size>0x14d</size>
         <input_file_ref idref="fl-2"/>
      </object_component>
      <object_component id="oc-17e">
         <name>.debug_info</name>
         <load_address>0xdf8</load_address>
         <run_address>0xdf8</run_address>
         <size>0x178</size>
         <input_file_ref idref="fl-2"/>
      </object_component>
      <object_component id="oc-1d4">
         <name>.debug_info</name>
         <load_address>0xf70</load_address>
         <run_address>0xf70</run_address>
         <size>0x1bc</size>
         <input_file_ref idref="fl-2"/>
      </object_component>
      <object_component id="oc-15e">
         <name>.debug_info</name>
         <load_address>0x112c</load_address>
         <run_address>0x112c</run_address>
         <size>0x12f</size>
         <input_file_ref idref="fl-2"/>
      </object_component>
      <object_component id="oc-237">
         <name>.debug_info</name>
         <load_address>0x125b</load_address>
         <run_address>0x125b</run_address>
         <size>0x25a</size>
         <input_file_ref idref="fl-2"/>
      </object_component>
      <object_component id="oc-258">
         <name>.debug_info</name>
         <load_address>0x14b5</load_address>
         <run_address>0x14b5</run_address>
         <size>0x99</size>
         <input_file_ref idref="fl-2"/>
      </object_component>
      <object_component id="oc-127">
         <name>.debug_info</name>
         <load_address>0x154e</load_address>
         <run_address>0x154e</run_address>
         <size>0x84</size>
         <input_file_ref idref="fl-2"/>
      </object_component>
      <object_component id="oc-164">
         <name>.debug_info</name>
         <load_address>0x15d2</load_address>
         <run_address>0x15d2</run_address>
         <size>0x18b</size>
         <input_file_ref idref="fl-2"/>
      </object_component>
      <object_component id="oc-3d5">
         <name>.debug_info</name>
         <load_address>0x175d</load_address>
         <run_address>0x175d</run_address>
         <size>0x2c</size>
         <input_file_ref idref="fl-2"/>
      </object_component>
      <object_component id="oc-255">
         <name>.debug_info</name>
         <load_address>0x1789</load_address>
         <run_address>0x1789</run_address>
         <size>0x380</size>
         <input_file_ref idref="fl-3"/>
      </object_component>
      <object_component id="oc-2d9">
         <name>.debug_info</name>
         <load_address>0x1b09</load_address>
         <run_address>0x1b09</run_address>
         <size>0x512</size>
         <input_file_ref idref="fl-3"/>
      </object_component>
      <object_component id="oc-2f9">
         <name>.debug_info</name>
         <load_address>0x201b</load_address>
         <run_address>0x201b</run_address>
         <size>0x372</size>
         <input_file_ref idref="fl-3"/>
      </object_component>
      <object_component id="oc-154">
         <name>.debug_info</name>
         <load_address>0x238d</load_address>
         <run_address>0x238d</run_address>
         <size>0x3e1</size>
         <input_file_ref idref="fl-3"/>
      </object_component>
      <object_component id="oc-2e8">
         <name>.debug_info</name>
         <load_address>0x276e</load_address>
         <run_address>0x276e</run_address>
         <size>0x229</size>
         <input_file_ref idref="fl-3"/>
      </object_component>
      <object_component id="oc-326">
         <name>.debug_info</name>
         <load_address>0x2997</load_address>
         <run_address>0x2997</run_address>
         <size>0x192</size>
         <input_file_ref idref="fl-3"/>
      </object_component>
      <object_component id="oc-2e2">
         <name>.debug_info</name>
         <load_address>0x2b29</load_address>
         <run_address>0x2b29</run_address>
         <size>0x25a</size>
         <input_file_ref idref="fl-3"/>
      </object_component>
      <object_component id="oc-243">
         <name>.debug_info</name>
         <load_address>0x2d83</load_address>
         <run_address>0x2d83</run_address>
         <size>0x1ed</size>
         <input_file_ref idref="fl-3"/>
      </object_component>
      <object_component id="oc-249">
         <name>.debug_info</name>
         <load_address>0x2f70</load_address>
         <run_address>0x2f70</run_address>
         <size>0x245</size>
         <input_file_ref idref="fl-3"/>
      </object_component>
      <object_component id="oc-23d">
         <name>.debug_info</name>
         <load_address>0x31b5</load_address>
         <run_address>0x31b5</run_address>
         <size>0x1f3</size>
         <input_file_ref idref="fl-3"/>
      </object_component>
      <object_component id="oc-24f">
         <name>.debug_info</name>
         <load_address>0x33a8</load_address>
         <run_address>0x33a8</run_address>
         <size>0x1e5</size>
         <input_file_ref idref="fl-3"/>
      </object_component>
      <object_component id="oc-2d3">
         <name>.debug_info</name>
         <load_address>0x358d</load_address>
         <run_address>0x358d</run_address>
         <size>0x1b7</size>
         <input_file_ref idref="fl-3"/>
      </object_component>
      <object_component id="oc-3a7">
         <name>.debug_info</name>
         <load_address>0x3744</load_address>
         <run_address>0x3744</run_address>
         <size>0x1c8</size>
         <input_file_ref idref="fl-3"/>
      </object_component>
      <object_component id="oc-232">
         <name>.debug_info</name>
         <load_address>0x390c</load_address>
         <run_address>0x390c</run_address>
         <size>0x177</size>
         <input_file_ref idref="fl-3"/>
      </object_component>
      <object_component id="oc-229">
         <name>.debug_info</name>
         <load_address>0x3a83</load_address>
         <run_address>0x3a83</run_address>
         <size>0x5c7</size>
         <input_file_ref idref="fl-4"/>
      </object_component>
      <object_component id="oc-226">
         <name>.debug_info</name>
         <load_address>0x404a</load_address>
         <run_address>0x404a</run_address>
         <size>0xf5</size>
         <input_file_ref idref="fl-4"/>
      </object_component>
      <object_component id="oc-298">
         <name>.debug_info</name>
         <load_address>0x413f</load_address>
         <run_address>0x413f</run_address>
         <size>0x189</size>
         <input_file_ref idref="fl-4"/>
      </object_component>
      <object_component id="oc-2c1">
         <name>.debug_info</name>
         <load_address>0x42c8</load_address>
         <run_address>0x42c8</run_address>
         <size>0x365</size>
         <input_file_ref idref="fl-4"/>
      </object_component>
      <object_component id="oc-2f0">
         <name>.debug_info</name>
         <load_address>0x462d</load_address>
         <run_address>0x462d</run_address>
         <size>0x172</size>
         <input_file_ref idref="fl-4"/>
      </object_component>
      <object_component id="oc-25f">
         <name>.debug_info</name>
         <load_address>0x479f</load_address>
         <run_address>0x479f</run_address>
         <size>0x1a7</size>
         <input_file_ref idref="fl-4"/>
      </object_component>
      <object_component id="oc-345">
         <name>.debug_info</name>
         <load_address>0x4946</load_address>
         <run_address>0x4946</run_address>
         <size>0x176</size>
         <input_file_ref idref="fl-4"/>
      </object_component>
      <object_component id="oc-142">
         <name>.debug_info</name>
         <load_address>0x4abc</load_address>
         <run_address>0x4abc</run_address>
         <size>0x182</size>
         <input_file_ref idref="fl-4"/>
      </object_component>
      <object_component id="oc-148">
         <name>.debug_info</name>
         <load_address>0x4c3e</load_address>
         <run_address>0x4c3e</run_address>
         <size>0x182</size>
         <input_file_ref idref="fl-4"/>
      </object_component>
      <object_component id="oc-3ad">
         <name>.debug_info</name>
         <load_address>0x4dc0</load_address>
         <run_address>0x4dc0</run_address>
         <size>0x17c</size>
         <input_file_ref idref="fl-4"/>
      </object_component>
      <object_component id="oc-3a1">
         <name>.debug_info</name>
         <load_address>0x4f3c</load_address>
         <run_address>0x4f3c</run_address>
         <size>0x17e</size>
         <input_file_ref idref="fl-4"/>
      </object_component>
      <object_component id="oc-395">
         <name>.debug_info</name>
         <load_address>0x50ba</load_address>
         <run_address>0x50ba</run_address>
         <size>0x1aa</size>
         <input_file_ref idref="fl-5"/>
      </object_component>
      <object_component id="oc-2c7">
         <name>.debug_info</name>
         <load_address>0x5264</load_address>
         <run_address>0x5264</run_address>
         <size>0x171</size>
         <input_file_ref idref="fl-5"/>
      </object_component>
      <object_component id="oc-2cd">
         <name>.debug_info</name>
         <load_address>0x53d5</load_address>
         <run_address>0x53d5</run_address>
         <size>0x152</size>
         <input_file_ref idref="fl-5"/>
      </object_component>
      <object_component id="oc-32c">
         <name>.debug_info</name>
         <load_address>0x5527</load_address>
         <run_address>0x5527</run_address>
         <size>0x18b</size>
         <input_file_ref idref="fl-5"/>
      </object_component>
      <object_component id="oc-3ef">
         <name>.debug_info</name>
         <load_address>0x56b2</load_address>
         <run_address>0x56b2</run_address>
         <size>0x17c</size>
         <input_file_ref idref="fl-5"/>
      </object_component>
      <object_component id="oc-3f6">
         <name>.debug_info</name>
         <load_address>0x582e</load_address>
         <run_address>0x582e</run_address>
         <size>0x18e</size>
         <input_file_ref idref="fl-5"/>
      </object_component>
      <object_component id="oc-33b">
         <name>.debug_info</name>
         <load_address>0x59bc</load_address>
         <run_address>0x59bc</run_address>
         <size>0x154</size>
         <input_file_ref idref="fl-5"/>
      </object_component>
      <object_component id="oc-332">
         <name>.debug_info</name>
         <load_address>0x5b10</load_address>
         <run_address>0x5b10</run_address>
         <size>0x1b9</size>
         <input_file_ref idref="fl-5"/>
      </object_component>
      <object_component id="oc-275">
         <name>.debug_info</name>
         <load_address>0x5cc9</load_address>
         <run_address>0x5cc9</run_address>
         <size>0x3d3</size>
         <input_file_ref idref="fl-6"/>
      </object_component>
      <object_component id="oc-193">
         <name>.debug_info</name>
         <load_address>0x609c</load_address>
         <run_address>0x609c</run_address>
         <size>0x14f</size>
         <input_file_ref idref="fl-6"/>
      </object_component>
      <object_component id="oc-18b">
         <name>.debug_info</name>
         <load_address>0x61eb</load_address>
         <run_address>0x61eb</run_address>
         <size>0x14f</size>
         <input_file_ref idref="fl-6"/>
      </object_component>
      <object_component id="oc-29e">
         <name>.debug_info</name>
         <load_address>0x633a</load_address>
         <run_address>0x633a</run_address>
         <size>0x14e</size>
         <input_file_ref idref="fl-6"/>
      </object_component>
      <object_component id="oc-355">
         <name>.debug_info</name>
         <load_address>0x6488</load_address>
         <run_address>0x6488</run_address>
         <size>0x1b1</size>
         <input_file_ref idref="fl-6"/>
      </object_component>
      <object_component id="oc-2a6">
         <name>.debug_info</name>
         <load_address>0x6639</load_address>
         <run_address>0x6639</run_address>
         <size>0x34b</size>
         <input_file_ref idref="fl-6"/>
      </object_component>
      <object_component id="oc-38a">
         <name>.debug_info</name>
         <load_address>0x6984</load_address>
         <run_address>0x6984</run_address>
         <size>0x178</size>
         <input_file_ref idref="fl-6"/>
      </object_component>
      <object_component id="oc-3e7">
         <name>.debug_info</name>
         <load_address>0x6afc</load_address>
         <run_address>0x6afc</run_address>
         <size>0x1ca</size>
         <input_file_ref idref="fl-6"/>
      </object_component>
      <object_component id="oc-31a">
         <name>.debug_info</name>
         <load_address>0x6cc6</load_address>
         <run_address>0x6cc6</run_address>
         <size>0x1e7</size>
         <input_file_ref idref="fl-6"/>
      </object_component>
      <object_component id="oc-2ad">
         <name>.debug_info</name>
         <load_address>0x6ead</load_address>
         <run_address>0x6ead</run_address>
         <size>0x1c8</size>
         <input_file_ref idref="fl-6"/>
      </object_component>
      <object_component id="oc-2b4">
         <name>.debug_info</name>
         <load_address>0x7075</load_address>
         <run_address>0x7075</run_address>
         <size>0x1c8</size>
         <input_file_ref idref="fl-6"/>
      </object_component>
      <object_component id="oc-2ba">
         <name>.debug_info</name>
         <load_address>0x723d</load_address>
         <run_address>0x723d</run_address>
         <size>0x16c</size>
         <input_file_ref idref="fl-6"/>
      </object_component>
      <object_component id="oc-22d">
         <name>.debug_info</name>
         <load_address>0x73a9</load_address>
         <run_address>0x73a9</run_address>
         <size>0x48f</size>
         <input_file_ref idref="fl-6"/>
      </object_component>
      <object_component id="oc-12e">
         <name>.debug_info</name>
         <load_address>0x7838</load_address>
         <run_address>0x7838</run_address>
         <size>0x2c</size>
         <input_file_ref idref="fl-6"/>
      </object_component>
      <object_component id="oc-14e">
         <name>.debug_info</name>
         <load_address>0x7864</load_address>
         <run_address>0x7864</run_address>
         <size>0xe55</size>
         <input_file_ref idref="fl-7"/>
      </object_component>
      <object_component id="oc-13f">
         <name>.debug_info</name>
         <load_address>0x86b9</load_address>
         <run_address>0x86b9</run_address>
         <size>0x2a0</size>
         <input_file_ref idref="fl-7"/>
      </object_component>
      <object_component id="oc-2df">
         <name>.debug_info</name>
         <load_address>0x8959</load_address>
         <run_address>0x8959</run_address>
         <size>0xed</size>
         <input_file_ref idref="fl-7"/>
      </object_component>
      <object_component id="oc-183">
         <name>.debug_info</name>
         <load_address>0x8a46</load_address>
         <run_address>0x8a46</run_address>
         <size>0x141</size>
         <input_file_ref idref="fl-7"/>
      </object_component>
      <object_component id="oc-1bb">
         <name>.debug_info</name>
         <load_address>0x8b87</load_address>
         <run_address>0x8b87</run_address>
         <size>0x338</size>
         <input_file_ref idref="fl-7"/>
      </object_component>
      <object_component id="oc-1ce">
         <name>.debug_info</name>
         <load_address>0x8ebf</load_address>
         <run_address>0x8ebf</run_address>
         <size>0x148</size>
         <input_file_ref idref="fl-7"/>
      </object_component>
      <object_component id="oc-16b">
         <name>.debug_info</name>
         <load_address>0x9007</load_address>
         <run_address>0x9007</run_address>
         <size>0x14e</size>
         <input_file_ref idref="fl-7"/>
      </object_component>
      <object_component id="oc-26f">
         <name>.debug_info</name>
         <load_address>0x9155</load_address>
         <run_address>0x9155</run_address>
         <size>0x157</size>
         <input_file_ref idref="fl-7"/>
      </object_component>
      <object_component id="oc-208">
         <name>.debug_info</name>
         <load_address>0x92ac</load_address>
         <run_address>0x92ac</run_address>
         <size>0x135</size>
         <input_file_ref idref="fl-7"/>
      </object_component>
      <object_component id="oc-1fa">
         <name>.debug_info</name>
         <load_address>0x93e1</load_address>
         <run_address>0x93e1</run_address>
         <size>0x139</size>
         <input_file_ref idref="fl-7"/>
      </object_component>
      <object_component id="oc-1c8">
         <name>.debug_info</name>
         <load_address>0x951a</load_address>
         <run_address>0x951a</run_address>
         <size>0x168</size>
         <input_file_ref idref="fl-7"/>
      </object_component>
      <object_component id="oc-215">
         <name>.debug_info</name>
         <load_address>0x9682</load_address>
         <run_address>0x9682</run_address>
         <size>0x176</size>
         <input_file_ref idref="fl-7"/>
      </object_component>
      <object_component id="oc-1dc">
         <name>.debug_info</name>
         <load_address>0x97f8</load_address>
         <run_address>0x97f8</run_address>
         <size>0x1cd</size>
         <input_file_ref idref="fl-7"/>
      </object_component>
      <object_component id="oc-1c1">
         <name>.debug_info</name>
         <load_address>0x99c5</load_address>
         <run_address>0x99c5</run_address>
         <size>0x146</size>
         <input_file_ref idref="fl-7"/>
      </object_component>
      <object_component id="oc-1e2">
         <name>.debug_info</name>
         <load_address>0x9b0b</load_address>
[...]
      </symbol>
      <symbol id="sm-452">
         <name>__TI_int25</name>
         <value>0xfff2</value>
         <object_component_ref idref="oc-5b"/>
      </symbol>
      <symbol id="sm-453">
         <name>__TI_int20</name>
         <value>0xffe8</value>
         <object_component_ref idref="oc-56"/>
      </symbol>
      <symbol id="sm-454">
         <name>__TI_int21</name>
         <value>0xffea</value>
         <object_component_ref idref="oc-57"/>
      </symbol>
      <symbol id="sm-455">
         <name>cc_spiSIMO</name>
         <value>0x255c</value>
         <object_component_ref idref="oc-13e"/>
      </symbol>
      <symbol id="sm-456">
         <name>__TI_int17</name>
         <value>0xffe2</value>
         <object_component_ref idref="oc-53"/>
      </symbol>
      <symbol id="sm-457">
         <name>Port1_ISR</name>
         <value>0x21ec</value>
         <object_component_ref idref="oc-cc"/>
      </symbol>
      <symbol id="sm-458">
         <name>TimeStamp</name>
         <value>0x130e8</value>
         <object_component_ref idref="oc-171"/>
      </symbol>
      <symbol id="sm-459">
         <name>RF_rxDataReady</name>
         <value>0x134c0</value>
         <object_component_ref idref="oc-1e1"/>
      </symbol>
      <symbol id="sm-45a">
         <name>Timer_Habilitar</name>
         <value>0x1350e</value>
         <object_component_ref idref="oc-207"/>
      </symbol>
      <symbol id="sm-45b">
         <name>cc_LNAEN</name>
         <value>0x2534</value>
         <object_component_ref idref="oc-13e"/>
      </symbol>
      <symbol id="sm-45c">
         <name>flag_wakeup</name>
         <value>0x1203</value>
         <object_component_ref idref="oc-182"/>
      </symbol>
      <symbol id="sm-45d">
         <name>port2_ISR</name>
         <value>0x2190</value>
         <object_component_ref idref="oc-c6"/>
      </symbol>
      <symbol id="sm-45e">
         <name>Timer_Desabilitar</name>
         <value>0x13506</value>
         <object_component_ref idref="oc-1f9"/>
      </symbol>
      <symbol id="sm-45f">
         <name>uart_RX</name>
         <value>0x2584</value>
         <object_component_ref idref="oc-13e"/>
      </symbol>
      <symbol id="sm-460">
         <name>bsp_Init</name>
         <value>0x11782</value>
         <object_component_ref idref="oc-1ba"/>
      </symbol>
      <symbol id="sm-461">
         <name>uart_TX</name>
         <value>0x257a</value>
         <object_component_ref idref="oc-13e"/>
      </symbol>
      <symbol id="sm-462">
         <name>cc_spinCS</name>
         <value>0x2552</value>
         <object_component_ref idref="oc-13e"/>
      </symbol>
      <symbol id="sm-463">
         <name>cc_spiCLK</name>
         <value>0x2570</value>
         <object_component_ref idref="oc-13e"/>
      </symbol>
      <symbol id="sm-464">
         <name>Ta1_ISR</name>
         <value>0x2100</value>
         <object_component_ref idref="oc-d2"/>
      </symbol>
      <symbol id="sm-465">
         <name>Tb1_ISR</name>
         <value>0x2218</value>
         <object_component_ref idref="oc-e4"/>
      </symbol>
      <symbol id="sm-466">
         <name>sw_state</name>
         <value>0x133c0</value>
         <object_component_ref idref="oc-1c7"/>
      </symbol>
      <symbol id="sm-467">
         <name>USCI_A0_RX_ISR</name>
         <value>0x2256</value>
         <object_component_ref idref="oc-de"/>
      </symbol>
      <symbol id="sm-468">
         <name>USCI_A0_TX_ISR</name>
         <value>0x2260</value>
         <object_component_ref idref="oc-d8"/>
      </symbol>
      <symbol id="sm-469">
         <name>led_Toggle</name>
         <value>0x1347e</value>
         <object_component_ref idref="oc-26e"/>
      </symbol>
      <symbol id="sm-46a">
         <name>cc_gdo2</name>
         <value>0x2548</value>
         <object_component_ref idref="oc-13e"/>
      </symbol>
      <symbol id="sm-46b">
         <name>cc_gdo0</name>
         <value>0x253e</value>
         <object_component_ref idref="oc-13e"/>
      </symbol>
      <symbol id="sm-46c">
         <name>led_Off</name>
         <value>0x13444</value>
         <object_component_ref idref="oc-16a"/>
      </symbol>
      <symbol id="sm-46d">
         <name>pinLedVerde</name>
         <value>0x2502</value>
         <object_component_ref idref="oc-13e"/>
      </symbol>
      <symbol id="sm-46e">
         <name>cc_PAEN</name>
         <value>0x252a</value>
         <object_component_ref idref="oc-13e"/>
      </symbol>
      <symbol id="sm-46f">
         <name>bsp_msDelay</name>
         <value>0x13372</value>
         <object_component_ref idref="oc-1cd"/>
      </symbol>
      <symbol id="sm-470">
         <name>pinSW1</name>
         <value>0x2516</value>
         <object_component_ref idref="oc-13e"/>
      </symbol>
      <symbol id="sm-471">
         <name>pinSW2</name>
         <value>0x2520</value>
         <object_component_ref idref="oc-13e"/>
      </symbol>
      <symbol id="sm-472">
         <name>pinLedRojo</name>
         <value>0x250c</value>
         <object_component_ref idref="oc-13e"/>
      </symbol>
      <symbol id="sm-473">
         <name>cc_spiSOMI</name>
         <value>0x2566</value>
         <object_component_ref idref="oc-13e"/>
      </symbol>
      <symbol id="sm-474">
         <name>escribir_TimeStamp</name>
         <value>0x1338c</value>
         <object_component_ref idref="oc-201"/>
      </symbol>
      <symbol id="sm-475">
         <name>bsp_contTAR</name>
         <value>0x1204</value>
         <object_component_ref idref="oc-182"/>
      </symbol>
      <symbol id="sm-476">
         <name>paTableLen</name>
         <value>0x1202</value>
         <object_component_ref idref="oc-182"/>
      </symbol>
      <symbol id="sm-477">
         <name>paTable</name>
         <value>0x120c</value>
         <object_component_ref idref="oc-2de"/>
      </symbol>
      <symbol id="sm-480">
         <name>_stack</name>
         <value>0x2088</value>
         <object_component_ref idref="oc-a3"/>
      </symbol>
      <symbol id="sm-481">
         <name>_reset_vector</name>
         <value>0xfffe</value>
         <object_component_ref idref="oc-a6"/>
      </symbol>
      <symbol id="sm-48c">
         <name>_c_int00_noargs_noexit</name>
         <value>0x223c</value>
         <object_component_ref idref="oc-7f"/>
      </symbol>
      <symbol id="sm-4a2">
         <name>__TI_decompress_none</name>
         <value>0x1346c</value>
         <object_component_ref idref="oc-44"/>
      </symbol>
      <symbol id="sm-4c4">
         <name>__TI_decompress_rle24</name>
         <value>0x13516</value>
         <object_component_ref idref="oc-4a"/>
      </symbol>
      <symbol id="sm-4d7">
         <name>__TI_zero_init</name>
         <value>0x132d8</value>
         <object_component_ref idref="oc-61"/>
      </symbol>
      <symbol id="sm-4ea">
         <name>__mspabi_cvtfd</name>
         <value>0x127f8</value>
         <object_component_ref idref="oc-369"/>
      </symbol>
      <symbol id="sm-4f9">
         <name>__mspabi_remul</name>
         <value>0x129d6</value>
         <object_component_ref idref="oc-35a"/>
      </symbol>
      <symbol id="sm-4fa">
         <name>__mspabi_divul</name>
         <value>0x129d6</value>
         <object_component_ref idref="oc-35a"/>
      </symbol>
      <symbol id="sm-505">
         <name>C$$EXIT</name>
         <value>0x13526</value>
         <object_component_ref idref="oc-119"/>
      </symbol>
      <symbol id="sm-506">
         <name>abort</name>
         <value>0x13526</value>
         <object_component_ref idref="oc-119"/>
      </symbol>
      <symbol id="sm-52b">
         <name>__mspabi_subf</name>
         <value>0x11b76</value>
         <object_component_ref idref="oc-37a"/>
      </symbol>
      <symbol id="sm-52c">
         <name>__mspabi_addf</name>
         <value>0x11b7c</value>
         <object_component_ref idref="oc-37a"/>
      </symbol>
      <symbol id="sm-54c">
         <name>__mspabi_divf</name>
         <value>0x12526</value>
         <object_component_ref idref="oc-364"/>
      </symbol>
      <symbol id="sm-55f">
         <name>__mspabi_fltif</name>
         <value>0x12fb8</value>
         <object_component_ref idref="oc-375"/>
      </symbol>
      <symbol id="sm-585">
         <name>__mspabi_mpyf</name>
         <value>0x12278</value>
         <object_component_ref idref="oc-37f"/>
      </symbol>
      <symbol id="sm-59a">
         <name>__mspabi_fixfu</name>
         <value>0x12c54</value>
         <object_component_ref idref="oc-384"/>
      </symbol>
      <symbol id="sm-5ab">
         <name>__mspabi_fltulf</name>
         <value>0x13084</value>
         <object_component_ref idref="oc-35f"/>
      </symbol>
      <symbol id="sm-5ae">
         <name>__TI_int14</name>
         <value>0xffdc</value>
         <object_component_ref idref="oc-50"/>
      </symbol>
      <symbol id="sm-5b1">
         <name>__TI_int15</name>
         <value>0xffde</value>
         <object_component_ref idref="oc-51"/>
      </symbol>
      <symbol id="sm-5b4">
         <name>__TI_int16</name>
         <value>0xffe0</value>
         <object_component_ref idref="oc-52"/>
      </symbol>
      <symbol id="sm-5b7">
         <name>__TI_int18</name>
         <value>0xffe4</value>
         <object_component_ref idref="oc-54"/>
      </symbol>
      <symbol id="sm-5ba">
         <name>__TI_int19</name>
         <value>0xffe6</value>
         <object_component_ref idref="oc-55"/>
      </symbol>
      <symbol id="sm-5bd">
         <name>__TI_int22</name>
         <value>0xffec</value>
         <object_component_ref idref="oc-58"/>
      </symbol>
      <symbol id="sm-5c0">
         <name>__TI_int23</name>
         <value>0xffee</value>
         <object_component_ref idref="oc-59"/>
      </symbol>
      <symbol id="sm-5c3">
         <name>__TI_int26</name>
         <value>0xfff4</value>
         <object_component_ref idref="oc-5c"/>
      </symbol>
      <symbol id="sm-5c6">
         <name>__TI_int27</name>
         <value>0xfff6</value>
         <object_component_ref idref="oc-5d"/>
      </symbol>
      <symbol id="sm-5c9">
         <name>__TI_int29</name>
         <value>0xfffa</value>
         <object_component_ref idref="oc-5f"/>
      </symbol>
      <symbol id="sm-5cc">
         <name>__TI_int30</name>
         <value>0xfffc</value>
         <object_component_ref idref="oc-60"/>
      </symbol>
      <symbol id="sm-5d4">
         <name>__TI_ISR_TRAP</name>
         <value>0x226a</value>
         <object_component_ref idref="oc-c1"/>
      </symbol>
      <symbol id="sm-5dd">
         <name>__mspabi_slli</name>
         <value>0x134f2</value>
         <object_component_ref idref="oc-3fe"/>
      </symbol>
      <symbol id="sm-5eb">
         <name>memcpy</name>
         <value>0x13458</value>
         <object_component_ref idref="oc-a7"/>
      </symbol>
      <symbol id="sm-602">
         <name>__mspabi_mpyi_hw</name>
         <value>0x13406</value>
         <object_component_ref idref="oc-220"/>
      </symbol>
      <symbol id="sm-626">
         <name>_system_pre_init</name>
         <value>0x13522</value>
         <object_component_ref idref="oc-f1"/>
      </symbol>
      <symbol id="sm-635">
         <name>round</name>
         <value>0x120f8</value>
         <object_component_ref idref="oc-36f"/>
      </symbol>
      <symbol id="sm-656">
         <name>sprintf</name>
         <value>0x12d22</value>
         <object_component_ref idref="oc-20e"/>
      </symbol>
      <symbol id="sm-663">
         <name>strlen</name>
         <value>0x134ce</value>
         <object_component_ref idref="oc-3b5"/>
      </symbol>
      <symbol id="sm-66c">
         <name>__mspabi_subd</name>
         <value>0x12fee</value>
         <object_component_ref idref="oc-41e"/>
      </symbol>
      <symbol id="sm-686">
         <name>_Dint</name>
         <value>0x1202c</value>
         <object_component_ref idref="oc-424"/>
      </symbol>
      <symbol id="sm-752">
         <name>__TI_printfi_nofloat</name>
         <value>0x1109e</value>
         <object_component_ref idref="oc-311"/>
      </symbol>
      <symbol id="sm-779">
         <name>__mspabi_addd</name>
         <value>0x106a4</value>
         <object_component_ref idref="oc-418"/>
      </symbol>
      <symbol id="sm-78b">
         <name>__mspabi_sral</name>
         <value>0x13490</value>
         <object_component_ref idref="oc-49a"/>
      </symbol>
      <symbol id="sm-78c">
         <name>__mspabi_sral_15</name>
         <value>0x12da8</value>
         <object_component_ref idref="oc-407"/>
      </symbol>
      <symbol id="sm-78d">
         <name>__mspabi_sral_14</name>
         <value>0x12dac</value>
         <object_component_ref idref="oc-407"/>
      </symbol>
      <symbol id="sm-78e">
         <name>__mspabi_sral_13</name>
         <value>0x12db0</value>
         <object_component_ref idref="oc-407"/>
      </symbol>
      <symbol id="sm-78f">
         <name>__mspabi_sral_12</name>
         <value>0x12db4</value>
         <object_component_ref idref="oc-407"/>
      </symbol>
      <symbol id="sm-790">
         <name>__mspabi_sral_11</name>
         <value>0x12db8</value>
         <object_component_ref idref="oc-407"/>
      </symbol>
      <symbol id="sm-791">
         <name>__mspabi_sral_10</name>
         <value>0x12dbc</value>
         <object_component_ref idref="oc-407"/>
      </symbol>
      <symbol id="sm-792">
         <name>__mspabi_sral_8</name>
         <value>0x12dc4</value>
         <object_component_ref idref="oc-407"/>
      </symbol>
      <symbol id="sm-793">
         <name>__mspabi_sral_9</name>
         <value>0x12dc0</value>
         <object_component_ref idref="oc-407"/>
      </symbol>
      <symbol id="sm-794">
         <name>__mspabi_sral_6</name>
         <value>0x12dcc</value>
         <object_component_ref idref="oc-407"/>
      </symbol>
      <symbol id="sm-795">
         <name>__mspabi_sral_7</name>
         <value>0x12dc8</value>
         <object_component_ref idref="oc-407"/>
      </symbol>
      <symbol id="sm-796">
         <name>__mspabi_sral_4</name>
         <value>0x12dd4</value>
         <object_component_ref idref="oc-407"/>
      </symbol>
      <symbol id="sm-797">
         <name>__mspabi_sral_5</name>
         <value>0x12dd0</value>
         <object_component_ref idref="oc-407"/>
      </symbol>
      <symbol id="sm-798">
         <name>__mspabi_sral_2</name>
         <value>0x12ddc</value>
         <object_component_ref idref="oc-407"/>
      </symbol>
      <symbol id="sm-799">
         <name>__mspabi_sral_3</name>
         <value>0x12dd8</value>
         <object_component_ref idref="oc-407"/>
      </symbol>
      <symbol id="sm-79a">
         <name>__mspabi_sral_1</name>
         <value>0x12de0</value>
         <object_component_ref idref="oc-407"/>
      </symbol>
      <symbol id="sm-7ad">
         <name>atoi</name>
         <value>0x1285c</value>
         <object_component_ref idref="oc-438"/>
      </symbol>
      <symbol id="sm-7c9">
         <name>_auto_init_hold_wdt</name>
         <value>0x12724</value>
         <object_component_ref idref="oc-f7"/>
      </symbol>
      <symbol id="sm-7e3">
         <name>__mspabi_cmpd</name>
         <value>0x11e7e</value>
         <object_component_ref idref="oc-412"/>
      </symbol>
      <symbol id="sm-7ed">
         <name>_ctypes_</name>
         <value>0x2400</value>
         <object_component_ref idref="oc-475"/>
      </symbol>
      <symbol id="sm-7f7">
         <name>__mspabi_remu</name>
         <value>0x133f0</value>
         <object_component_ref idref="oc-4d0"/>
      </symbol>
      <symbol id="sm-7f8">
         <name>__mspabi_divu</name>
         <value>0x133f0</value>
         <object_component_ref idref="oc-4d0"/>
      </symbol>
      <symbol id="sm-82a">
         <name>__mspabi_divull</name>
         <value>0x10000</value>
         <object_component_ref idref="oc-4d5"/>
      </symbol>
      <symbol id="sm-84b">
         <name>__TI_frcaddd</name>
         <value>0x10c38</value>
         <object_component_ref idref="oc-466"/>
      </symbol>
      <symbol id="sm-855">
         <name>__mspabi_slll</name>
         <value>0x134a0</value>
         <object_component_ref idref="oc-490"/>
      </symbol>
      <symbol id="sm-862">
         <name>__mspabi_sllll</name>
         <value>0x12e62</value>
         <object_component_ref idref="oc-4e1"/>
      </symbol>
      <symbol id="sm-872">
         <name>__mspabi_srll_8</name>
         <value>0x12e02</value>
         <object_component_ref idref="oc-4bf"/>
      </symbol>
      <symbol id="sm-873">
         <name>__mspabi_srll_9</name>
         <value>0x12dfe</value>
         <object_component_ref idref="oc-4bf"/>
      </symbol>
      <symbol id="sm-874">
         <name>__mspabi_srll_6</name>
         <value>0x12e0a</value>
         <object_component_ref idref="oc-4bf"/>
      </symbol>
      <symbol id="sm-875">
         <name>__mspabi_srll_7</name>
         <value>0x12e06</value>
         <object_component_ref idref="oc-4bf"/>
      </symbol>
      <symbol id="sm-876">
         <name>__mspabi_srll_4</name>
         <value>0x12e12</value>
         <object_component_ref idref="oc-4bf"/>
      </symbol>
      <symbol id="sm-877">
         <name>__mspabi_srll_5</name>
         <value>0x12e0e</value>
         <object_component_ref idref="oc-4bf"/>
      </symbol>
      <symbol id="sm-878">
         <name>__mspabi_srll_2</name>
         <value>0x12e1a</value>
         <object_component_ref idref="oc-4bf"/>
      </symbol>
      <symbol id="sm-879">
         <name>__mspabi_srll_3</name>
         <value>0x12e16</value>
         <object_component_ref idref="oc-4bf"/>
      </symbol>
      <symbol id="sm-87a">
         <name>__mspabi_srll_1</name>
         <value>0x12e1e</value>
         <object_component_ref idref="oc-4bf"/>
      </symbol>
      <symbol id="sm-87b">
         <name>__mspabi_srll_15</name>
         <value>0x12de6</value>
         <object_component_ref idref="oc-4bf"/>
      </symbol>
      <symbol id="sm-87c">
         <name>__mspabi_srll_14</name>
         <value>0x12dea</value>
         <object_component_ref idref="oc-4bf"/>
      </symbol>
      <symbol id="sm-87d">
         <name>__mspabi_srll_13</name>
         <value>0x12dee</value>
         <object_component_ref idref="oc-4bf"/>
      </symbol>
      <symbol id="sm-87e">
         <name>__mspabi_srll_12</name>
         <value>0x12df2</value>
         <object_component_ref idref="oc-4bf"/>
      </symbol>
      <symbol id="sm-87f">
         <name>__mspabi_srll_11</name>
         <value>0x12df6</value>
         <object_component_ref idref="oc-4bf"/>
      </symbol>
      <symbol id="sm-880">
         <name>__mspabi_srll_10</name>
         <value>0x12dfa</value>
         <object_component_ref idref="oc-4bf"/>
      </symbol>
      <symbol id="sm-881">
         <name>__mspabi_srll</name>
         <value>0x134b0</value>
         <object_component_ref idref="oc-495"/>
      </symbol>
      <symbol id="sm-88e">
         <name>__mspabi_srlll</name>
         <value>0x12e9c</value>
         <object_component_ref idref="oc-4ca"/>
      </symbol>
      <symbol id="sm-89d">
         <name>memccpy</name>
         <value>0x1331c</value>
         <object_component_ref idref="oc-44c"/>
      </symbol>
      <symbol id="sm-8ab">
         <name>memset</name>
         <value>0x133da</value>
         <object_component_ref idref="oc-43e"/>
      </symbol>
      <symbol id="sm-8bf">
         <name>__TI_renormd</name>
         <value>0x1232e</value>
         <object_component_ref idref="oc-49f"/>
      </symbol>
      <symbol id="sm-8c1">
         <name>__TI_INITARRAY_Base</name>
         <value>0x0</value>
      </symbol>
      <symbol id="sm-8c2">
         <name>__TI_INITARRAY_Limit</name>
         <value>0x0</value>
      </symbol>
   </symbol_table>
   <title>Link successful</title>
</link_info>
