<?xml version="1.0"?>
<link_info>
   <banner>MSP430 Linker PC v4.4.3</banner>
   <copyright>Copyright (c) 2003-2015 Texas Instruments Incorporated</copyright>
   <link_time>0x56336dc7</link_time>
   <link_errors>0x0</link_errors>
   <output_file>Copy of ComunicacionModuloTX.out</output_file>
   <entry_point>
      <name>_c_int00_noargs_noexit</name>
      <address>0x21e6</address>
   </entry_point>
   <input_file_list>
      <input_file id="fl-2">
         <path>.\src\</path>
         <kind>object</kind>
         <file>main.obj</file>
         <name>main.obj</name>
      </input_file>
      <input_file id="fl-3">
         <path>.\src\bsp\hal\</path>
         <kind>object</kind>
         <file>hal_cc2500.obj</file>
         <name>hal_cc2500.obj</name>
      </input_file>
      <input_file id="fl-4">
         <path>.\src\bsp\hal\</path>
         <kind>object</kind>
         <file>hal_pin.obj</file>
         <name>hal_pin.obj</name>
      </input_file>
      <input_file id="fl-5">
         <path>.\src\bsp\hal\</path>
         <kind>object</kind>
         <file>hal_usci_spi.obj</file>
         <name>hal_usci_spi.obj</name>
      </input_file>
      <input_file id="fl-6">
         <path>.\src\bsp\hal\</path>
         <kind>object</kind>
         <file>uart.obj</file>
         <name>uart.obj</name>
      </input_file>
      <input_file id="fl-7">
         <path>.\src\bsp\</path>
         <kind>object</kind>
         <file>bsp.obj</file>
         <name>bsp.obj</name>
      </input_file>
      <input_file id="fl-36">
         <path>C:\ti\ccsv6\tools\compiler\ti-cgt-msp430_4.4.3\lib\</path>
         <kind>archive</kind>
         <file>rts430x_lc_rd_eabi.lib</file>
         <name>boot.obj</name>
      </input_file>
      <input_file id="fl-37">
         <path>C:\ti\ccsv6\tools\compiler\ti-cgt-msp430_4.4.3\lib\</path>
         <kind>archive</kind>
         <file>rts430x_lc_rd_eabi.lib</file>
         <name>boot_special.obj</name>
      </input_file>
      <input_file id="fl-38">
         <path>C:\ti\ccsv6\tools\compiler\ti-cgt-msp430_4.4.3\lib\</path>
         <kind>archive</kind>
         <file>rts430x_lc_rd_eabi.lib</file>
         <name>copy_decompress_none.obj</name>
      </input_file>
      <input_file id="fl-39">
         <path>C:\ti\ccsv6\tools\compiler\ti-cgt-msp430_4.4.3\lib\</path>
         <kind>archive</kind>
         <file>rts430x_lc_rd_eabi.lib</file>
         <name>copy_decompress_rle.obj</name>
      </input_file>
      <input_file id="fl-3a">
         <path>C:\ti\ccsv6\tools\compiler\ti-cgt-msp430_4.4.3\lib\</path>
         <kind>archive</kind>
         <file>rts430x_lc_rd_eabi.lib</file>
         <name>copy_zero_init.obj</name>
      </input_file>
      <input_file id="fl-3b">
         <path>C:\ti\ccsv6\tools\compiler\ti-cgt-msp430_4.4.3\lib\</path>
         <kind>archive</kind>
         <file>rts430x_lc_rd_eabi.lib</file>
         <name>cvtfd.obj</name>
      </input_file>
      <input_file id="fl-3c">
         <path>C:\ti\ccsv6\tools\compiler\ti-cgt-msp430_4.4.3\lib\</path>
         <kind>archive</kind>
         <file>rts430x_lc_rd_eabi.lib</file>
         <name>div32u.obj</name>
      </input_file>
      <input_file id="fl-3d">
         <path>C:\ti\ccsv6\tools\compiler\ti-cgt-msp430_4.4.3\lib\</path>
         <kind>archive</kind>
         <file>rts430x_lc_rd_eabi.lib</file>
         <name>exit.obj</name>
      </input_file>
      <input_file id="fl-3e">
         <path>C:\ti\ccsv6\tools\compiler\ti-cgt-msp430_4.4.3\lib\</path>
         <kind>archive</kind>
         <file>rts430x_lc_rd_eabi.lib</file>
         <name>fs_add.obj</name>
      </input_file>
      <input_file id="fl-3f">
         <path>C:\ti\ccsv6\tools\compiler\ti-cgt-msp430_4.4.3\lib\</path>
         <kind>archive</kind>
         <file>rts430x_lc_rd_eabi.lib</file>
         <name>fs_div.obj</name>
      </input_file>
      <input_file id="fl-40">
         <path>C:\ti\ccsv6\tools\compiler\ti-cgt-msp430_4.4.3\lib\</path>
         <kind>archive</kind>
         <file>rts430x_lc_rd_eabi.lib</file>
         <name>fs_itof.obj</name>
      </input_file>
      <input_file id="fl-41">
         <path>C:\ti\ccsv6\tools\compiler\ti-cgt-msp430_4.4.3\lib\</path>
         <kind>archive</kind>
         <file>rts430x_lc_rd_eabi.lib</file>
         <name>fs_mpy.obj</name>
      </input_file>
      <input_file id="fl-42">
         <path>C:\ti\ccsv6\tools\compiler\ti-cgt-msp430_4.4.3\lib\</path>
         <kind>archive</kind>
         <file>rts430x_lc_rd_eabi.lib</file>
         <name>fs_tou.obj</name>
      </input_file>
      <input_file id="fl-43">
         <path>C:\ti\ccsv6\tools\compiler\ti-cgt-msp430_4.4.3\lib\</path>
         <kind>archive</kind>
         <file>rts430x_lc_rd_eabi.lib</file>
         <name>fs_ultof.obj</name>
      </input_file>
      <input_file id="fl-44">
         <path>C:\ti\ccsv6\tools\compiler\ti-cgt-msp430_4.4.3\lib\</path>
         <kind>archive</kind>
         <file>rts430x_lc_rd_eabi.lib</file>
         <name>int14.obj</name>
      </input_file>
      <input_file id="fl-45">
         <path>C:\ti\ccsv6\tools\compiler\ti-cgt-msp430_4.4.3\lib\</path>
         <kind>archive</kind>
         <file>rts430x_lc_rd_eabi.lib</file>
         <name>int15.obj</name>
      </input_file>
      <input_file id="fl-46">
         <path>C:\ti\ccsv6\tools\compiler\ti-cgt-msp430_4.4.3\lib\</path>
         <kind>archive</kind>
         <file>rts430x_lc_rd_eabi.lib</file>
         <name>int16.obj</name>
      </input_file>
      <input_file id="fl-47">
         <path>C:\ti\ccsv6\tools\compiler\ti-cgt-msp430_4.4.3\lib\</path>
         <kind>archive</kind>
         <file>rts430x_lc_rd_eabi.lib</file>
         <name>int18.obj</name>
      </input_file>
      <input_file id="fl-48">
         <path>C:\ti\ccsv6\tools\compiler\ti-cgt-msp430_4.4.3\lib\</path>
         <kind>archive</kind>
         <file>rts430x_lc_rd_eabi.lib</file>
         <name>int21.obj</name>
      </input_file>
      <input_file id="fl-49">
         <path>C:\ti\ccsv6\tools\compiler\ti-cgt-msp430_4.4.3\lib\</path>
         <kind>archive</kind>
         <file>rts430x_lc_rd_eabi.lib</file>
         <name>int23.obj</name>
      </input_file>
      <input_file id="fl-4a">
         <path>C:\ti\ccsv6\tools\compiler\ti-cgt-msp430_4.4.3\lib\</path>
         <kind>archive</kind>
         <file>rts430x_lc_rd_eabi.lib</file>
         <name>int24.obj</name>
      </input_file>
      <input_file id="fl-4b">
         <path>C:\ti\ccsv6\tools\compiler\ti-cgt-msp430_4.4.3\lib\</path>
         <kind>archive</kind>
         <file>rts430x_lc_rd_eabi.lib</file>
         <name>int25.obj</name>
      </input_file>
      <input_file id="fl-4c">
         <path>C:\ti\ccsv6\tools\compiler\ti-cgt-msp430_4.4.3\lib\</path>
         <kind>archive</kind>
         <file>rts430x_lc_rd_eabi.lib</file>
         <name>int27.obj</name>
      </input_file>
      <input_file id="fl-4d">
         <path>C:\ti\ccsv6\tools\compiler\ti-cgt-msp430_4.4.3\lib\</path>
         <kind>archive</kind>
         <file>rts430x_lc_rd_eabi.lib</file>
         <name>isr_trap.obj</name>
      </input_file>
      <input_file id="fl-4e">
         <path>C:\ti\ccsv6\tools\compiler\ti-cgt-msp430_4.4.3\lib\</path>
         <kind>archive</kind>
         <file>rts430x_lc_rd_eabi.lib</file>
         <name>lsl16.obj</name>
      </input_file>
      <input_file id="fl-4f">
         <path>C:\ti\ccsv6\tools\compiler\ti-cgt-msp430_4.4.3\lib\</path>
         <kind>archive</kind>
         <file>rts430x_lc_rd_eabi.lib</file>
         <name>memcpy.obj</name>
      </input_file>
      <input_file id="fl-50">
         <path>C:\ti\ccsv6\tools\compiler\ti-cgt-msp430_4.4.3\lib\</path>
         <kind>archive</kind>
         <file>rts430x_lc_rd_eabi.lib</file>
         <name>mpu_init.obj</name>
      </input_file>
      <input_file id="fl-51">
         <path>C:\ti\ccsv6\tools\compiler\ti-cgt-msp430_4.4.3\lib\</path>
         <kind>archive</kind>
         <file>rts430x_lc_rd_eabi.lib</file>
         <name>mult16.obj</name>
      </input_file>
      <input_file id="fl-52">
         <path>C:\ti\ccsv6\tools\compiler\ti-cgt-msp430_4.4.3\lib\</path>
         <kind>archive</kind>
         <file>rts430x_lc_rd_eabi.lib</file>
         <name>mult1632_hw.obj</name>
      </input_file>
      <input_file id="fl-53">
         <path>C:\ti\ccsv6\tools\compiler\ti-cgt-msp430_4.4.3\lib\</path>
         <kind>archive</kind>
         <file>rts430x_lc_rd_eabi.lib</file>
         <name>mult16_hw.obj</name>
      </input_file>
      <input_file id="fl-54">
         <path>C:\ti\ccsv6\tools\compiler\ti-cgt-msp430_4.4.3\lib\</path>
         <kind>archive</kind>
         <file>rts430x_lc_rd_eabi.lib</file>
         <name>mult3264_hw.obj</name>
      </input_file>
      <input_file id="fl-55">
         <path>C:\ti\ccsv6\tools\compiler\ti-cgt-msp430_4.4.3\lib\</path>
         <kind>archive</kind>
         <file>rts430x_lc_rd_eabi.lib</file>
         <name>mult32_hw.obj</name>
      </input_file>
      <input_file id="fl-56">
         <path>C:\ti\ccsv6\tools\compiler\ti-cgt-msp430_4.4.3\lib\</path>
         <kind>archive</kind>
         <file>rts430x_lc_rd_eabi.lib</file>
         <name>mult64_hw.obj</name>
      </input_file>
      <input_file id="fl-57">
         <path>C:\ti\ccsv6\tools\compiler\ti-cgt-msp430_4.4.3\lib\</path>
         <kind>archive</kind>
         <file>rts430x_lc_rd_eabi.lib</file>
         <name>pre_init.obj</name>
      </input_file>
      <input_file id="fl-58">
         <path>C:\ti\ccsv6\tools\compiler\ti-cgt-msp430_4.4.3\lib\</path>
         <kind>archive</kind>
         <file>rts430x_lc_rd_eabi.lib</file>
         <name>round.obj</name>
      </input_file>
      <input_file id="fl-59">
         <path>C:\ti\ccsv6\tools\compiler\ti-cgt-msp430_4.4.3\lib\</path>
         <kind>archive</kind>
         <file>rts430x_lc_rd_eabi.lib</file>
         <name>strlen.obj</name>
      </input_file>
      <input_file id="fl-5a">
         <path>C:\ti\ccsv6\tools\compiler\ti-cgt-msp430_4.4.3\lib\</path>
         <kind>archive</kind>
         <file>rts430x_lc_rd_eabi.lib</file>
         <name>subd.obj</name>
      </input_file>
      <input_file id="fl-5b">
         <path>C:\ti\ccsv6\tools\compiler\ti-cgt-msp430_4.4.3\lib\</path>
         <kind>archive</kind>
         <file>rts430x_lc_rd_eabi.lib</file>
         <name>xdint.obj</name>
      </input_file>
      <input_file id="fl-5c">
         <path>C:\ti\ccsv6\tools\compiler\ti-cgt-msp430_4.4.3\lib\</path>
         <kind>archive</kind>
         <file>rts430x_lc_rd_eabi.lib</file>
         <name>_lock.obj</name>
      </input_file>
      <input_file id="fl-5d">
         <path>C:\ti\ccsv6\tools\compiler\ti-cgt-msp430_4.4.3\lib\</path>
         <kind>archive</kind>
         <file>rts430x_lc_rd_eabi.lib</file>
         <name>addd.obj</name>
      </input_file>
      <input_file id="fl-5e">
         <path>C:\ti\ccsv6\tools\compiler\ti-cgt-msp430_4.4.3\lib\</path>
         <kind>archive</kind>
         <file>rts430x_lc_rd_eabi.lib</file>
         <name>args_main.obj</name>
      </input_file>
      <input_file id="fl-5f">
         <path>C:\ti\ccsv6\tools\compiler\ti-cgt-msp430_4.4.3\lib\</path>
         <kind>archive</kind>
         <file>rts430x_lc_rd_eabi.lib</file>
         <name>asr32.obj</name>
      </input_file>
      <input_file id="fl-60">
         <path>C:\ti\ccsv6\tools\compiler\ti-cgt-msp430_4.4.3\lib\</path>
         <kind>archive</kind>
         <file>rts430x_lc_rd_eabi.lib</file>
         <name>autoinit_wdt.obj</name>
      </input_file>
      <input_file id="fl-61">
         <path>C:\ti\ccsv6\tools\compiler\ti-cgt-msp430_4.4.3\lib\</path>
         <kind>archive</kind>
         <file>rts430x_lc_rd_eabi.lib</file>
         <name>cmpd.obj</name>
      </input_file>
      <input_file id="fl-62">
         <path>C:\ti\ccsv6\tools\compiler\ti-cgt-msp430_4.4.3\lib\</path>
         <kind>archive</kind>
         <file>rts430x_lc_rd_eabi.lib</file>
         <name>frcaddd.obj</name>
      </input_file>
      <input_file id="fl-63">
         <path>C:\ti\ccsv6\tools\compiler\ti-cgt-msp430_4.4.3\lib\</path>
         <kind>archive</kind>
         <file>rts430x_lc_rd_eabi.lib</file>
         <name>lsl32.obj</name>
      </input_file>
      <input_file id="fl-64">
         <path>C:\ti\ccsv6\tools\compiler\ti-cgt-msp430_4.4.3\lib\</path>
         <kind>archive</kind>
         <file>rts430x_lc_rd_eabi.lib</file>
         <name>lsr32.obj</name>
      </input_file>
      <input_file id="fl-65">
         <path>C:\ti\ccsv6\tools\compiler\ti-cgt-msp430_4.4.3\lib\</path>
         <kind>archive</kind>
         <file>rts430x_lc_rd_eabi.lib</file>
         <name>renormd.obj</name>
      </input_file>
   </input_file_list>
   <object_component_list>
      <object_component id="oc-153">
         <name>.common:bspFlags</name>
         <uninitialized>true</uninitialized>
         <run_address>0x11d4</run_address>
         <size>0x2</size>
      </object_component>
      <object_component id="oc-163">
         <name>.common:LedVerde</name>
         <uninitialized>true</uninitialized>
         <run_address>0x11c8</run_address>
         <size>0x4</size>
      </object_component>
      <object_component id="oc-1ac">
         <name>.common:LedRojo</name>
         <uninitialized>true</uninitialized>
         <run_address>0x11c4</run_address>
         <size>0x4</size>
      </object_component>
      <object_component id="oc-275">
         <name>.common:Switch1</name>
         <uninitialized>true</uninitialized>
         <run_address>0x11cc</run_address>
         <size>0x4</size>
      </object_component>
      <object_component id="oc-1ad">
         <name>.common:i</name>
         <uninitialized>true</uninitialized>
         <run_address>0x11d9</run_address>
         <size>0x1</size>
      </object_component>
      <object_component id="oc-2b1">
         <name>.common:rxBuffer</name>
         <uninitialized>true</uninitialized>
         <run_address>0x11de</run_address>
         <size>0x1</size>
      </object_component>
      <object_component id="oc-1ae">
         <name>.common:rxPacket</name>
         <uninitialized>true</uninitialized>
         <run_address>0x1182</run_address>
         <size>0x12</size>
      </object_component>
      <object_component id="oc-1d3">
         <name>.common:rxBufferRecibi</name>
         <uninitialized>true</uninitialized>
         <run_address>0x1194</run_address>
         <size>0x10</size>
      </object_component>
      <object_component id="oc-170">
         <name>.common:datoRx</name>
         <uninitialized>true</uninitialized>
         <run_address>0x11d8</run_address>
         <size>0x1</size>
      </object_component>
      <object_component id="oc-2f9">
         <name>.common:spiBaseAdd</name>
         <uninitialized>true</uninitialized>
         <run_address>0x11d0</run_address>
         <size>0x4</size>
      </object_component>
      <object_component id="oc-21f">
         <name>.common:prtInfList</name>
         <uninitialized>true</uninitialized>
         <run_address>0x115a</run_address>
         <size>0x14</size>
      </object_component>
      <object_component id="oc-17d">
         <name>.common:bsp_contMs</name>
         <uninitialized>true</uninitialized>
         <run_address>0x11d6</run_address>
         <size>0x2</size>
      </object_component>
      <object_component id="oc-14b">
         <name>.common:rf_rxBuffer</name>
         <uninitialized>true</uninitialized>
         <run_address>0x116e</run_address>
         <size>0x14</size>
      </object_component>
      <object_component id="oc-156">
         <name>.common:rf_rxLen</name>
         <uninitialized>true</uninitialized>
         <run_address>0x11db</run_address>
         <size>0x1</size>
      </object_component>
      <object_component id="oc-14c">
         <name>.common:rf_rxRssi</name>
         <uninitialized>true</uninitialized>
         <run_address>0x11dd</run_address>
         <size>0x1</size>
      </object_component>
      <object_component id="oc-147">
         <name>.common:rf_rxLqi</name>
         <uninitialized>true</uninitialized>
         <run_address>0x11dc</run_address>
         <size>0x1</size>
      </object_component>
      <object_component id="oc-14a">
         <name>.common:rf_rxAddr</name>
         <uninitialized>true</uninitialized>
         <run_address>0x11da</run_address>
         <size>0x1</size>
      </object_component>
      <object_component id="oc-259">
         <name>.common:cnf</name>
         <uninitialized>true</uninitialized>
         <run_address>0x1100</run_address>
         <size>0x2e</size>
      </object_component>
      <object_component id="oc-25a">
         <name>.common:uartUsartRegs</name>
         <uninitialized>true</uninitialized>
         <run_address>0x112e</run_address>
         <size>0x2c</size>
      </object_component>
      <object_component id="oc-261">
         <name>.common:uartTxBuf</name>
         <uninitialized>true</uninitialized>
         <run_address>0x11b4</run_address>
         <size>0x10</size>
      </object_component>
      <object_component id="oc-268">
         <name>.common:uartRxBuf</name>
         <uninitialized>true</uninitialized>
         <run_address>0x11a4</run_address>
         <size>0x10</size>
      </object_component>
      <object_component id="oc-a3">
         <name>.stack</name>
         <uninitialized>true</uninitialized>
         <run_address>0x2088</run_address>
         <size>0x4</size>
         <input_file_ref idref="fl-36"/>
      </object_component>
      <object_component id="oc-385">
         <name>.stack</name>
         <uninitialized>true</uninitialized>
         <run_address>0x2088</run_address>
         <size>0x0</size>
      </object_component>
      <object_component id="oc-276">
         <name>.text:hal_pin_config</name>
         <load_address>0x10000</load_address>
         <run_address>0x10000</run_address>
         <size>0x30a</size>
         <input_file_ref idref="fl-4"/>
      </object_component>
      <object_component id="oc-25b">
         <name>.text:configUSARTUart</name>
         <load_address>0x1030a</load_address>
         <run_address>0x1030a</run_address>
         <size>0x272</size>
         <input_file_ref idref="fl-6"/>
      </object_component>
      <object_component id="oc-28e">
         <name>.text:hal_cc2500_WriteRFSettings</name>
         <load_address>0x1057c</load_address>
         <run_address>0x1057c</run_address>
         <size>0x19c</size>
         <input_file_ref idref="fl-3"/>
      </object_component>
      <object_component id="oc-1a0">
         <name>.text:bsp_Init</name>
         <load_address>0x10718</load_address>
         <run_address>0x10718</run_address>
         <size>0x18c</size>
         <input_file_ref idref="fl-7"/>
      </object_component>
      <object_component id="oc-14d">
         <name>.text:hal_cc2500_receivePacket</name>
         <load_address>0x108a4</load_address>
         <run_address>0x108a4</run_address>
         <size>0x130</size>
         <input_file_ref idref="fl-3"/>
      </object_component>
      <object_component id="oc-2a5">
         <name>.text:hal_cc2500_sendPacket</name>
         <load_address>0x109d4</load_address>
         <run_address>0x109d4</run_address>
         <size>0xd6</size>
         <input_file_ref idref="fl-3"/>
      </object_component>
      <object_component id="oc-10b">
         <name>.text:main</name>
         <load_address>0x10aaa</load_address>
         <run_address>0x10aaa</run_address>
         <size>0x96</size>
         <input_file_ref idref="fl-2"/>
      </object_component>
      <object_component id="oc-26f">
         <name>.text:enableUartRx</name>
         <load_address>0x10b40</load_address>
         <run_address>0x10b40</run_address>
         <size>0x78</size>
         <input_file_ref idref="fl-6"/>
      </object_component>
      <object_component id="oc-297">
         <name>.text:hal_cc2500_writeBurstReg</name>
         <load_address>0x10bb8</load_address>
         <run_address>0x10bb8</run_address>
         <size>0x70</size>
         <input_file_ref idref="fl-3"/>
      </object_component>
      <object_component id="oc-f1">
         <name>.text:_auto_init_hold_wdt</name>
         <load_address>0x10c28</load_address>
         <run_address>0x10c28</run_address>
         <size>0x6c</size>
         <input_file_ref idref="fl-60"/>
      </object_component>
      <object_component id="oc-b4">
         <name>.text:__TI_decompress_rle_core</name>
         <load_address>0x10c94</load_address>
         <run_address>0x10c94</run_address>
         <size>0x68</size>
         <input_file_ref idref="fl-39"/>
      </object_component>
      <object_component id="oc-1c1">
         <name>.text:procesar_uart</name>
         <load_address>0x10cfc</load_address>
         <run_address>0x10cfc</run_address>
         <size>0x66</size>
         <input_file_ref idref="fl-2"/>
      </object_component>
      <object_component id="oc-202">
         <name>.text:hal_cc2500_readBurstReg</name>
         <load_address>0x10d62</load_address>
         <run_address>0x10d62</run_address>
         <size>0x5e</size>
         <input_file_ref idref="fl-3"/>
      </object_component>
      <object_component id="oc-225">
         <name>.text:hal_pin_out</name>
         <load_address>0x10dc0</load_address>
         <run_address>0x10dc0</run_address>
         <size>0x5c</size>
         <input_file_ref idref="fl-4"/>
      </object_component>
      <object_component id="oc-2e9">
         <name>.text</name>
         <load_address>0x10e1c</load_address>
         <run_address>0x10e1c</run_address>
         <size>0x58</size>
         <input_file_ref idref="fl-3c"/>
      </object_component>
      <object_component id="oc-269">
         <name>.text:setUartRxBuffer</name>
         <load_address>0x10e74</load_address>
         <run_address>0x10e74</run_address>
         <size>0x56</size>
         <input_file_ref idref="fl-6"/>
      </object_component>
      <object_component id="oc-262">
         <name>.text:setUartTxBuffer</name>
         <load_address>0x10eca</load_address>
         <run_address>0x10eca</run_address>
         <size>0x56</size>
         <input_file_ref idref="fl-6"/>
      </object_component>
      <object_component id="oc-288">
         <name>.text:hal_cc2500_powerupReset</name>
         <load_address>0x10f20</load_address>
         <run_address>0x10f20</run_address>
         <size>0x52</size>
         <input_file_ref idref="fl-3"/>
      </object_component>
      <object_component id="oc-2e3">
         <name>.text:initUartPort</name>
         <load_address>0x10f72</load_address>
         <run_address>0x10f72</run_address>
         <size>0x52</size>
         <input_file_ref idref="fl-6"/>
      </object_component>
      <object_component id="oc-2ee">
         <name>.text:initBufferDefaults</name>
         <load_address>0x10fc4</load_address>
         <run_address>0x10fc4</run_address>
         <size>0x46</size>
         <input_file_ref idref="fl-6"/>
      </object_component>
      <object_component id="oc-29d">
         <name>.text:hal_cc2500_writeReg</name>
         <load_address>0x1100a</load_address>
         <run_address>0x1100a</run_address>
         <size>0x44</size>
         <input_file_ref idref="fl-3"/>
      </object_component>
      <object_component id="oc-27c">
         <name>.text:spi1_setup</name>
         <load_address>0x1104e</load_address>
         <run_address>0x1104e</run_address>
         <size>0x42</size>
         <input_file_ref idref="fl-5"/>
      </object_component>
      <object_component id="oc-2c6">
         <name>.text:spi1_wr</name>
         <load_address>0x11090</load_address>
         <run_address>0x11090</run_address>
         <size>0x3e</size>
         <input_file_ref idref="fl-5"/>
      </object_component>
      <object_component id="oc-1fc">
         <name>.text:hal_cc2500_readReg</name>
         <load_address>0x110ce</load_address>
         <run_address>0x110ce</run_address>
         <size>0x3a</size>
         <input_file_ref idref="fl-3"/>
      </object_component>
      <object_component id="oc-1f6">
         <name>.text:hal_cc2500_readStatus</name>
         <load_address>0x11108</load_address>
         <run_address>0x11108</run_address>
         <size>0x3a</size>
         <input_file_ref idref="fl-3"/>
      </object_component>
      <object_component id="oc-218">
         <name>.text:hal_pin_toggle</name>
         <load_address>0x11142</load_address>
         <run_address>0x11142</run_address>
         <size>0x36</size>
         <input_file_ref idref="fl-4"/>
      </object_component>
      <object_component id="oc-310">
         <name>.text:hal_cc2500_status</name>
         <load_address>0x11178</load_address>
         <run_address>0x11178</run_address>
         <size>0x32</size>
         <input_file_ref idref="fl-3"/>
      </object_component>
      <object_component id="oc-24d">
         <name>.text:hal_pin_init</name>
         <load_address>0x111aa</load_address>
         <run_address>0x111aa</run_address>
         <size>0x32</size>
         <input_file_ref idref="fl-4"/>
      </object_component>
      <object_component id="oc-325">
         <name>.text:spi1_rxFinish</name>
         <load_address>0x111dc</load_address>
         <run_address>0x111dc</run_address>
         <size>0x32</size>
         <input_file_ref idref="fl-5"/>
      </object_component>
      <object_component id="oc-208">
         <name>.text:hal_cc2500_strobe</name>
         <load_address>0x1120e</load_address>
         <run_address>0x1120e</run_address>
         <size>0x30</size>
         <input_file_ref idref="fl-3"/>
      </object_component>
      <object_component id="oc-2ba">
         <name>.text:hal_cc2500_wakeup</name>
         <load_address>0x1123e</load_address>
         <run_address>0x1123e</run_address>
         <size>0x30</size>
         <input_file_ref idref="fl-3"/>
      </object_component>
      <object_component id="oc-304">
         <name>.text:hal_pin_in</name>
         <load_address>0x1126e</load_address>
         <run_address>0x1126e</run_address>
         <size>0x30</size>
         <input_file_ref idref="fl-4"/>
      </object_component>
      <object_component id="oc-13b">
         <name>.text:hal_pin_intGetFlag</name>
         <load_address>0x1129e</load_address>
         <run_address>0x1129e</run_address>
         <size>0x30</size>
         <input_file_ref idref="fl-4"/>
      </object_component>
      <object_component id="oc-141">
         <name>.text:hal_pin_intClearFlag</name>
         <load_address>0x112ce</load_address>
         <run_address>0x112ce</run_address>
         <size>0x2c</size>
         <input_file_ref idref="fl-4"/>
      </object_component>
      <object_component id="oc-253">
         <name>.text:initUartDriver</name>
         <load_address>0x112fa</load_address>
         <run_address>0x112fa</run_address>
         <size>0x2c</size>
         <input_file_ref idref="fl-6"/>
      </object_component>
      <object_component id="oc-31e">
         <name>.text:spi1_txBufReady</name>
         <load_address>0x11326</load_address>
         <run_address>0x11326</run_address>
         <size>0x2a</size>
         <input_file_ref idref="fl-5"/>
      </object_component>
      <object_component id="oc-30a">
         <name>.text:hal_pin_intDisable</name>
         <load_address>0x11350</load_address>
         <run_address>0x11350</run_address>
         <size>0x28</size>
         <input_file_ref idref="fl-4"/>
      </object_component>
      <object_component id="oc-316">
         <name>.text:hal_pin_intEnable</name>
         <load_address>0x11378</load_address>
         <run_address>0x11378</run_address>
         <size>0x28</size>
         <input_file_ref idref="fl-4"/>
      </object_component>
      <object_component id="oc-61">
         <name>.text:decompress:ZI:__TI_zero_init</name>
         <load_address>0x113a0</load_address>
         <run_address>0x113a0</run_address>
         <size>0x24</size>
         <input_file_ref idref="fl-3a"/>
      </object_component>
      <object_component id="oc-2c0">
         <name>.text:spi1_write</name>
         <load_address>0x113c4</load_address>
         <run_address>0x113c4</run_address>
         <size>0x1e</size>
         <input_file_ref idref="fl-5"/>
      </object_component>
      <object_component id="oc-1af">
         <name>.text:RF_SendPacket</name>
         <load_address>0x113e2</load_address>
         <run_address>0x113e2</run_address>
         <size>0x1a</size>
         <input_file_ref idref="fl-7"/>
      </object_component>
      <object_component id="oc-1b5">
         <name>.text:bsp_msDelay</name>
         <load_address>0x113fc</load_address>
         <run_address>0x113fc</run_address>
         <size>0x1a</size>
         <input_file_ref idref="fl-7"/>
      </object_component>
      <object_component id="oc-1da">
         <name>.text</name>
         <load_address>0x11416</load_address>
         <run_address>0x11416</run_address>
         <size>0x16</size>
         <input_file_ref idref="fl-53"/>
      </object_component>
      <object_component id="oc-1c7">
         <name>.text:uart_rxData</name>
         <load_address>0x1142c</load_address>
         <run_address>0x1142c</run_address>
         <size>0x16</size>
         <input_file_ref idref="fl-7"/>
      </object_component>
      <object_component id="oc-17e">
         <name>.text:app_TimerISR_1ms</name>
         <load_address>0x11442</load_address>
         <run_address>0x11442</run_address>
         <size>0x14</size>
         <input_file_ref idref="fl-2"/>
      </object_component>
      <object_component id="oc-174">
         <name>.text:led_Off</name>
         <load_address>0x11456</load_address>
         <run_address>0x11456</run_address>
         <size>0x14</size>
         <input_file_ref idref="fl-7"/>
      </object_component>
      <object_component id="oc-a7">
         <name>.text:memcpy</name>
         <load_address>0x1146a</load_address>
         <run_address>0x1146a</run_address>
         <size>0x14</size>
         <input_file_ref idref="fl-4f"/>
      </object_component>
      <object_component id="oc-44">
         <name>.text:decompress:none:__TI_decompress_none</name>
         <load_address>0x1147e</load_address>
         <run_address>0x1147e</run_address>
         <size>0x12</size>
         <input_file_ref idref="fl-38"/>
      </object_component>
      <object_component id="oc-164">
         <name>.text:led_Toggle</name>
         <load_address>0x11490</load_address>
         <run_address>0x11490</run_address>
         <size>0x12</size>
         <input_file_ref idref="fl-7"/>
      </object_component>
      <object_component id="oc-16a">
         <name>.text:usart1_rx_char_ISR</name>
         <load_address>0x114a2</load_address>
         <run_address>0x114a2</run_address>
         <size>0x10</size>
         <input_file_ref idref="fl-6"/>
      </object_component>
      <object_component id="oc-2cf">
         <name>.text:spi1_busy</name>
         <load_address>0x114b2</load_address>
         <run_address>0x114b2</run_address>
         <size>0xc</size>
         <input_file_ref idref="fl-5"/>
      </object_component>
      <object_component id="oc-1a6">
         <name>.text:RF_PwrUpRx</name>
         <load_address>0x114be</load_address>
         <run_address>0x114be</run_address>
         <size>0xa</size>
         <input_file_ref idref="fl-7"/>
      </object_component>
      <object_component id="oc-32d">
         <name>.text</name>
         <load_address>0x114c8</load_address>
         <run_address>0x114c8</run_address>
         <size>0xa</size>
         <input_file_ref idref="fl-4e"/>
      </object_component>
      <object_component id="oc-282">
         <name>.text:spi1_start</name>
         <load_address>0x114d2</load_address>
         <run_address>0x114d2</run_address>
         <size>0xa</size>
         <input_file_ref idref="fl-5"/>
      </object_component>
      <object_component id="oc-4a">
         <name>.text:decompress:rle24:__TI_decompress_rle24</name>
         <load_address>0x114dc</load_address>
         <run_address>0x114dc</run_address>
         <size>0x6</size>
         <input_file_ref idref="fl-39"/>
      </object_component>
      <object_component id="oc-1cd">
         <name>.text:getDato</name>
         <load_address>0x114e2</load_address>
         <run_address>0x114e2</run_address>
         <size>0x6</size>
         <input_file_ref idref="fl-7"/>
      </object_component>
      <object_component id="oc-eb">
         <name>.text:_system_pre_init</name>
         <load_address>0x114e8</load_address>
         <run_address>0x114e8</run_address>
         <size>0x4</size>
         <input_file_ref idref="fl-57"/>
      </object_component>
      <object_component id="oc-113">
         <name>.text:abort</name>
         <load_address>0x114ec</load_address>
         <run_address>0x114ec</run_address>
         <size>0x4</size>
         <input_file_ref idref="fl-3d"/>
      </object_component>
      <object_component id="oc-157">
         <name>.text:app_RxPacketISR</name>
         <load_address>0x114f0</load_address>
         <run_address>0x114f0</run_address>
         <size>0x2</size>
         <input_file_ref idref="fl-2"/>
      </object_component>
      <object_component id="oc-c6">
         <name>.text:_isr:port2_ISR</name>
         <load_address>0x2100</load_address>
         <run_address>0x2100</run_address>
         <size>0x5c</size>
         <input_file_ref idref="fl-7"/>
      </object_component>
      <object_component id="oc-cc">
         <name>.text:_isr:usart1_rx</name>
         <load_address>0x215c</load_address>
         <run_address>0x215c</run_address>
         <size>0x3e</size>
         <input_file_ref idref="fl-7"/>
      </object_component>
      <object_component id="oc-d2">
         <name>.text:_isr:Port1_ISR</name>
         <load_address>0x219a</load_address>
         <run_address>0x219a</run_address>
         <size>0x28</size>
         <input_file_ref idref="fl-7"/>
      </object_component>
      <object_component id="oc-de">
         <name>.text:_isr:Tb1_ISR</name>
         <load_address>0x21c2</load_address>
         <run_address>0x21c2</run_address>
         <size>0x24</size>
         <input_file_ref idref="fl-7"/>
      </object_component>
      <object_component id="oc-7f">
         <name>.text:_isr:_c_int00_noargs_noexit</name>
         <load_address>0x21e6</load_address>
         <run_address>0x21e6</run_address>
         <size>0x1a</size>
         <input_file_ref idref="fl-37"/>
      </object_component>
      <object_component id="oc-c1">
         <name>.text:_isr:__TI_ISR_TRAP</name>
         <load_address>0x2200</load_address>
         <run_address>0x2200</run_address>
         <size>0x6</size>
         <input_file_ref idref="fl-4d"/>
      </object_component>
      <object_component id="oc-d8">
         <name>.text:_isr:ISR_trap</name>
         <load_address>0x2206</load_address>
         <run_address>0x2206</run_address>
         <size>0x2</size>
         <input_file_ref idref="fl-7"/>
      </object_component>
      <object_component id="oc-384">
         <name>.cinit..data.load</name>
         <load_address>0x2424</load_address>
         <run_address>0x2424</run_address>
         <size>0x19</size>
      </object_component>
      <object_component id="oc-381">
         <name>__TI_handler_table</name>
         <load_address>0x243e</load_address>
         <run_address>0x243e</run_address>
         <size>0xc</size>
      </object_component>
      <object_component id="oc-383">
         <name>.cinit..bss.load</name>
         <load_address>0x244a</load_address>
         <run_address>0x244a</run_address>
         <size>0x6</size>
      </object_component>
      <object_component id="oc-382">
         <name>__TI_cinit_table</name>
         <load_address>0x2450</load_address>
         <run_address>0x2450</run_address>
         <size>0x10</size>
      </object_component>
      <object_component id="oc-1df">
         <name>.const:pinPort</name>
         <load_address>0x2208</load_address>
         <run_address>0x2208</run_address>
         <size>0x190</size>
         <input_file_ref idref="fl-4"/>
      </object_component>
      <object_component id="oc-138">
         <name>.const</name>
         <load_address>0x2398</load_address>
         <run_address>0x2398</run_address>
         <size>0x8c</size>
         <input_file_ref idref="fl-7"/>
      </object_component>
      <object_component id="oc-50">
         <name>.int14</name>
         <load_address>0xffdc</load_address>
         <run_address>0xffdc</run_address>
         <size>0x2</size>
         <input_file_ref idref="fl-44"/>
      </object_component>
      <object_component id="oc-51">
         <name>.int15</name>
         <load_address>0xffde</load_address>
         <run_address>0xffde</run_address>
         <size>0x2</size>
         <input_file_ref idref="fl-45"/>
      </object_component>
      <object_component id="oc-52">
         <name>.int16</name>
         <load_address>0xffe0</load_address>
         <run_address>0xffe0</run_address>
         <size>0x2</size>
         <input_file_ref idref="fl-46"/>
      </object_component>
      <object_component id="oc-53">
         <name>.int17</name>
         <load_address>0xffe2</load_address>
         <run_address>0xffe2</run_address>
         <size>0x2</size>
         <input_file_ref idref="fl-7"/>
      </object_component>
      <object_component id="oc-54">
         <name>.int18</name>
         <load_address>0xffe4</load_address>
         <run_address>0xffe4</run_address>
         <size>0x2</size>
         <input_file_ref idref="fl-47"/>
      </object_component>
      <object_component id="oc-55">
         <name>.int19</name>
         <load_address>0xffe6</load_address>
         <run_address>0xffe6</run_address>
         <size>0x2</size>
         <input_file_ref idref="fl-7"/>
      </object_component>
      <object_component id="oc-56">
         <name>.int20</name>
         <load_address>0xffe8</load_address>
         <run_address>0xffe8</run_address>
         <size>0x2</size>
         <input_file_ref idref="fl-7"/>
      </object_component>
      <object_component id="oc-57">
         <name>.int21</name>
         <load_address>0xffea</load_address>
         <run_address>0xffea</run_address>
         <size>0x2</size>
         <input_file_ref idref="fl-48"/>
      </object_component>
      <object_component id="oc-58">
         <name>.int22</name>
         <load_address>0xffec</load_address>
         <run_address>0xffec</run_address>
         <size>0x2</size>
         <input_file_ref idref="fl-7"/>
      </object_component>
      <object_component id="oc-59">
         <name>.int23</name>
         <load_address>0xffee</load_address>
         <run_address>0xffee</run_address>
         <size>0x2</size>
         <input_file_ref idref="fl-49"/>
      </object_component>
      <object_component id="oc-5a">
         <name>.int24</name>
         <load_address>0xfff0</load_address>
         <run_address>0xfff0</run_address>
         <size>0x2</size>
         <input_file_ref idref="fl-4a"/>
      </object_component>
      <object_component id="oc-5b">
         <name>.int25</name>
         <load_address>0xfff2</load_address>
         <run_address>0xfff2</run_address>
         <size>0x2</size>
         <input_file_ref idref="fl-4b"/>
      </object_component>
      <object_component id="oc-5c">
         <name>.int26</name>
         <load_address>0xfff4</load_address>
         <run_address>0xfff4</run_address>
         <size>0x2</size>
         <input_file_ref idref="fl-7"/>
      </object_component>
      <object_component id="oc-5d">
         <name>.int27</name>
         <load_address>0xfff6</load_address>
         <run_address>0xfff6</run_address>
         <size>0x2</size>
         <input_file_ref idref="fl-4c"/>
      </object_component>
      <object_component id="oc-5e">
         <name>.int28</name>
         <load_address>0xfff8</load_address>
         <run_address>0xfff8</run_address>
         <size>0x2</size>
         <input_file_ref idref="fl-7"/>
      </object_component>
      <object_component id="oc-5f">
         <name>.int29</name>
         <load_address>0xfffa</load_address>
         <run_address>0xfffa</run_address>
         <size>0x2</size>
         <input_file_ref idref="fl-7"/>
      </object_component>
      <object_component id="oc-60">
         <name>.int30</name>
         <load_address>0xfffc</load_address>
         <run_address>0xfffc</run_address>
         <size>0x2</size>
         <input_file_ref idref="fl-7"/>
      </object_component>
      <object_component id="oc-a6">
         <name>.reset</name>
         <load_address>0xfffe</load_address>
         <run_address>0xfffe</run_address>
         <size>0x2</size>
         <input_file_ref idref="fl-36"/>
      </object_component>
      <object_component id="oc-1bb">
         <name>.data</name>
         <load_address>0x11e0</load_address>
         <run_address>0x11e0</run_address>
         <size>0x1a</size>
         <input_file_ref idref="fl-2"/>
      </object_component>
      <object_component id="oc-294">
         <name>.data:paTable</name>
         <load_address>0x1202</load_address>
         <run_address>0x1202</run_address>
         <size>0x1</size>
         <input_file_ref idref="fl-7"/>
      </object_component>
      <object_component id="oc-171">
         <name>.data</name>
         <load_address>0x11fa</load_address>
         <run_address>0x11fa</run_address>
         <size>0x7</size>
         <input_file_ref idref="fl-7"/>
      </object_component>
      <object_component id="oc-154">
         <name>.debug_info</name>
         <load_address>0x0</load_address>
         <run_address>0x0</run_address>
         <size>0x67c</size>
         <input_file_ref idref="fl-2"/>
      </object_component>
      <object_component id="oc-1bc">
         <name>.debug_info</name>
         <load_address>0x67c</load_address>
         <run_address>0x67c</run_address>
         <size>0x2fe</size>
         <input_file_ref idref="fl-2"/>
      </object_component>
      <object_component id="oc-10c">
         <name>.debug_info</name>
         <load_address>0x97a</load_address>
         <run_address>0x97a</run_address>
         <size>0x1ad</size>
         <input_file_ref idref="fl-2"/>
      </object_component>
      <object_component id="oc-17f">
         <name>.debug_info</name>
         <load_address>0xb27</load_address>
         <run_address>0xb27</run_address>
         <size>0x14a</size>
         <input_file_ref idref="fl-2"/>
      </object_component>
      <object_component id="oc-1be">
         <name>.debug_info</name>
         <load_address>0xc71</load_address>
         <run_address>0xc71</run_address>
         <size>0x140</size>
         <input_file_ref idref="fl-2"/>
      </object_component>
      <object_component id="oc-158">
         <name>.debug_info</name>
         <load_address>0xdb1</load_address>
         <run_address>0xdb1</run_address>
         <size>0x129</size>
         <input_file_ref idref="fl-2"/>
      </object_component>
      <object_component id="oc-1c2">
         <name>.debug_info</name>
         <load_address>0xeda</load_address>
         <run_address>0xeda</run_address>
         <size>0x131</size>
         <input_file_ref idref="fl-2"/>
      </object_component>
      <object_component id="oc-1f1">
         <name>.debug_info</name>
         <load_address>0x100b</load_address>
         <run_address>0x100b</run_address>
         <size>0x2b2</size>
         <input_file_ref idref="fl-2"/>
      </object_component>
      <object_component id="oc-212">
         <name>.debug_info</name>
         <load_address>0x12bd</load_address>
         <run_address>0x12bd</run_address>
         <size>0x98</size>
         <input_file_ref idref="fl-2"/>
      </object_component>
      <object_component id="oc-121">
         <name>.debug_info</name>
         <load_address>0x1355</load_address>
         <run_address>0x1355</run_address>
         <size>0x84</size>
         <input_file_ref idref="fl-2"/>
      </object_component>
      <object_component id="oc-15e">
         <name>.debug_info</name>
         <load_address>0x13d9</load_address>
         <run_address>0x13d9</run_address>
         <size>0x18b</size>
         <input_file_ref idref="fl-2"/>
      </object_component>
      <object_component id="oc-20f">
         <name>.debug_info</name>
         <load_address>0x1564</load_address>
         <run_address>0x1564</run_address>
         <size>0x37d</size>
         <input_file_ref idref="fl-3"/>
      </object_component>
      <object_component id="oc-28f">
         <name>.debug_info</name>
         <load_address>0x18e1</load_address>
         <run_address>0x18e1</run_address>
         <size>0x50f</size>
         <input_file_ref idref="fl-3"/>
      </object_component>
      <object_component id="oc-2a6">
         <name>.debug_info</name>
         <load_address>0x1df0</load_address>
         <run_address>0x1df0</run_address>
         <size>0x36f</size>
         <input_file_ref idref="fl-3"/>
      </object_component>
      <object_component id="oc-14e">
         <name>.debug_info</name>
         <load_address>0x215f</load_address>
         <run_address>0x215f</run_address>
         <size>0x3de</size>
         <input_file_ref idref="fl-3"/>
      </object_component>
      <object_component id="oc-29e">
         <name>.debug_info</name>
         <load_address>0x253d</load_address>
         <run_address>0x253d</run_address>
         <size>0x226</size>
         <input_file_ref idref="fl-3"/>
      </object_component>
      <object_component id="oc-2bb">
         <name>.debug_info</name>
         <load_address>0x2763</load_address>
         <run_address>0x2763</run_address>
         <size>0x18f</size>
         <input_file_ref idref="fl-3"/>
      </object_component>
      <object_component id="oc-298">
         <name>.debug_info</name>
         <load_address>0x28f2</load_address>
         <run_address>0x28f2</run_address>
         <size>0x257</size>
         <input_file_ref idref="fl-3"/>
      </object_component>
      <object_component id="oc-1fd">
         <name>.debug_info</name>
         <load_address>0x2b49</load_address>
         <run_address>0x2b49</run_address>
         <size>0x1ea</size>
         <input_file_ref idref="fl-3"/>
      </object_component>
      <object_component id="oc-203">
         <name>.debug_info</name>
         <load_address>0x2d33</load_address>
         <run_address>0x2d33</run_address>
         <size>0x242</size>
         <input_file_ref idref="fl-3"/>
      </object_component>
      <object_component id="oc-1f7">
         <name>.debug_info</name>
         <load_address>0x2f75</load_address>
         <run_address>0x2f75</run_address>
         <size>0x1f0</size>
         <input_file_ref idref="fl-3"/>
      </object_component>
      <object_component id="oc-209">
         <name>.debug_info</name>
         <load_address>0x3165</load_address>
         <run_address>0x3165</run_address>
         <size>0x1e2</size>
         <input_file_ref idref="fl-3"/>
      </object_component>
      <object_component id="oc-289">
         <name>.debug_info</name>
         <load_address>0x3347</load_address>
         <run_address>0x3347</run_address>
         <size>0x1b4</size>
         <input_file_ref idref="fl-3"/>
      </object_component>
      <object_component id="oc-311">
         <name>.debug_info</name>
         <load_address>0x34fb</load_address>
         <run_address>0x34fb</run_address>
         <size>0x1c5</size>
         <input_file_ref idref="fl-3"/>
      </object_component>
      <object_component id="oc-1ec">
         <name>.debug_info</name>
         <load_address>0x36c0</load_address>
         <run_address>0x36c0</run_address>
         <size>0x177</size>
         <input_file_ref idref="fl-3"/>
      </object_component>
      <object_component id="oc-1e3">
         <name>.debug_info</name>
         <load_address>0x3837</load_address>
         <run_address>0x3837</run_address>
         <size>0x5c4</size>
         <input_file_ref idref="fl-4"/>
      </object_component>
      <object_component id="oc-1e0">
         <name>.debug_info</name>
         <load_address>0x3dfb</load_address>
         <run_address>0x3dfb</run_address>
         <size>0xf2</size>
         <input_file_ref idref="fl-4"/>
      </object_component>
      <object_component id="oc-24e">
         <name>.debug_info</name>
         <load_address>0x3eed</load_address>
         <run_address>0x3eed</run_address>
         <size>0x186</size>
         <input_file_ref idref="fl-4"/>
      </object_component>
      <object_component id="oc-277">
         <name>.debug_info</name>
         <load_address>0x4073</load_address>
         <run_address>0x4073</run_address>
         <size>0x362</size>
         <input_file_ref idref="fl-4"/>
      </object_component>
      <object_component id="oc-305">
         <name>.debug_info</name>
         <load_address>0x43d5</load_address>
         <run_address>0x43d5</run_address>
         <size>0x16f</size>
         <input_file_ref idref="fl-4"/>
      </object_component>
      <object_component id="oc-226">
         <name>.debug_info</name>
         <load_address>0x4544</load_address>
         <run_address>0x4544</run_address>
         <size>0x1a4</size>
         <input_file_ref idref="fl-4"/>
      </object_component>
      <object_component id="oc-219">
         <name>.debug_info</name>
         <load_address>0x46e8</load_address>
         <run_address>0x46e8</run_address>
         <size>0x173</size>
         <input_file_ref idref="fl-4"/>
      </object_component>
      <object_component id="oc-13c">
         <name>.debug_info</name>
         <load_address>0x485b</load_address>
         <run_address>0x485b</run_address>
         <size>0x17f</size>
         <input_file_ref idref="fl-4"/>
      </object_component>
      <object_component id="oc-142">
         <name>.debug_info</name>
         <load_address>0x49da</load_address>
         <run_address>0x49da</run_address>
         <size>0x17f</size>
         <input_file_ref idref="fl-4"/>
      </object_component>
      <object_component id="oc-317">
         <name>.debug_info</name>
         <load_address>0x4b59</load_address>
         <run_address>0x4b59</run_address>
         <size>0x179</size>
         <input_file_ref idref="fl-4"/>
      </object_component>
      <object_component id="oc-30b">
         <name>.debug_info</name>
         <load_address>0x4cd2</load_address>
         <run_address>0x4cd2</run_address>
         <size>0x17b</size>
         <input_file_ref idref="fl-4"/>
      </object_component>
      <object_component id="oc-2fa">
         <name>.debug_info</name>
         <load_address>0x4e4d</load_address>
         <run_address>0x4e4d</run_address>
         <size>0x1a7</size>
         <input_file_ref idref="fl-5"/>
      </object_component>
      <object_component id="oc-27d">
         <name>.debug_info</name>
         <load_address>0x4ff4</load_address>
         <run_address>0x4ff4</run_address>
         <size>0x16e</size>
         <input_file_ref idref="fl-5"/>
      </object_component>
      <object_component id="oc-283">
         <name>.debug_info</name>
         <load_address>0x5162</load_address>
         <run_address>0x5162</run_address>
         <size>0x14f</size>
         <input_file_ref idref="fl-5"/>
      </object_component>
      <object_component id="oc-2c1">
         <name>.debug_info</name>
         <load_address>0x52b1</load_address>
         <run_address>0x52b1</run_address>
         <size>0x188</size>
         <input_file_ref idref="fl-5"/>
      </object_component>
      <object_component id="oc-31f">
         <name>.debug_info</name>
         <load_address>0x5439</load_address>
         <run_address>0x5439</run_address>
         <size>0x179</size>
         <input_file_ref idref="fl-5"/>
      </object_component>
      <object_component id="oc-326">
         <name>.debug_info</name>
         <load_address>0x55b2</load_address>
         <run_address>0x55b2</run_address>
         <size>0x18b</size>
         <input_file_ref idref="fl-5"/>
      </object_component>
      <object_component id="oc-2d0">
         <name>.debug_info</name>
         <load_address>0x573d</load_address>
         <run_address>0x573d</run_address>
         <size>0x151</size>
         <input_file_ref idref="fl-5"/>
      </object_component>
      <object_component id="oc-2c7">
         <name>.debug_info</name>
         <load_address>0x588e</load_address>
         <run_address>0x588e</run_address>
         <size>0x1b6</size>
         <input_file_ref idref="fl-5"/>
      </object_component>
      <object_component id="oc-220">
         <name>.debug_info</name>
         <load_address>0x5a44</load_address>
         <run_address>0x5a44</run_address>
         <size>0x3d0</size>
         <input_file_ref idref="fl-6"/>
      </object_component>
      <object_component id="oc-254">
         <name>.debug_info</name>
         <load_address>0x5e14</load_address>
         <run_address>0x5e14</run_address>
         <size>0x14b</size>
         <input_file_ref idref="fl-6"/>
      </object_component>
      <object_component id="oc-2e4">
         <name>.debug_info</name>
         <load_address>0x5f5f</load_address>
         <run_address>0x5f5f</run_address>
         <size>0x1ae</size>
         <input_file_ref idref="fl-6"/>
      </object_component>
      <object_component id="oc-2ef">
         <name>.debug_info</name>
         <load_address>0x610d</load_address>
         <run_address>0x610d</run_address>
         <size>0x175</size>
         <input_file_ref idref="fl-6"/>
      </object_component>
      <object_component id="oc-25c">
         <name>.debug_info</name>
         <load_address>0x6282</load_address>
         <run_address>0x6282</run_address>
         <size>0x1fb</size>
         <input_file_ref idref="fl-6"/>
      </object_component>
      <object_component id="oc-263">
         <name>.debug_info</name>
         <load_address>0x647d</load_address>
         <run_address>0x647d</run_address>
         <size>0x1c5</size>
         <input_file_ref idref="fl-6"/>
      </object_component>
      <object_component id="oc-26a">
         <name>.debug_info</name>
         <load_address>0x6642</load_address>
         <run_address>0x6642</run_address>
         <size>0x1c5</size>
         <input_file_ref idref="fl-6"/>
      </object_component>
      <object_component id="oc-270">
         <name>.debug_info</name>
         <load_address>0x6807</load_address>
         <run_address>0x6807</run_address>
         <size>0x169</size>
         <input_file_ref idref="fl-6"/>
      </object_component>
      <object_component id="oc-16b">
         <name>.debug_info</name>
         <load_address>0x6970</load_address>
         <run_address>0x6970</run_address>
         <size>0x14e</size>
         <input_file_ref idref="fl-6"/>
      </object_component>
      <object_component id="oc-1e7">
         <name>.debug_info</name>
         <load_address>0x6abe</load_address>
         <run_address>0x6abe</run_address>
         <size>0x48f</size>
         <input_file_ref idref="fl-6"/>
      </object_component>
      <object_component id="oc-128">
         <name>.debug_info</name>
         <load_address>0x6f4d</load_address>
         <run_address>0x6f4d</run_address>
         <size>0x2c</size>
         <input_file_ref idref="fl-6"/>
      </object_component>
      <object_component id="oc-148">
         <name>.debug_info</name>
         <load_address>0x6f79</load_address>
         <run_address>0x6f79</run_address>
         <size>0xc1b</size>
         <input_file_ref idref="fl-7"/>
      </object_component>
      <object_component id="oc-139">
         <name>.debug_info</name>
         <load_address>0x7b94</load_address>
         <run_address>0x7b94</run_address>
         <size>0x29d</size>
         <input_file_ref idref="fl-7"/>
      </object_component>
      <object_component id="oc-295">
         <name>.debug_info</name>
         <load_address>0x7e31</load_address>
         <run_address>0x7e31</run_address>
         <size>0xea</size>
         <input_file_ref idref="fl-7"/>
      </object_component>
      <object_component id="oc-172">
         <name>.debug_info</name>
         <load_address>0x7f1b</load_address>
         <run_address>0x7f1b</run_address>
         <size>0x157</size>
         <input_file_ref idref="fl-7"/>
      </object_component>
      <object_component id="oc-1a1">
         <name>.debug_info</name>
         <load_address>0x8072</load_address>
         <run_address>0x8072</run_address>
         <size>0x368</size>
         <input_file_ref idref="fl-7"/>
      </object_component>
      <object_component id="oc-1b6">
         <name>.debug_info</name>
         <load_address>0x83da</load_address>
         <run_address>0x83da</run_address>
         <size>0x145</size>
         <input_file_ref idref="fl-7"/>
      </object_component>
      <object_component id="oc-175">
         <name>.debug_info</name>
         <load_address>0x851f</load_address>
         <run_address>0x851f</run_address>
         <size>0x14b</size>
         <input_file_ref idref="fl-7"/>
      </object_component>
      <object_component id="oc-165">
         <name>.debug_info</name>
         <load_address>0x866a</load_address>
         <run_address>0x866a</run_address>
         <size>0x154</size>
         <input_file_ref idref="fl-7"/>
      </object_component>
      <object_component id="oc-1b0">
         <name>.debug_info</name>
         <load_address>0x87be</load_address>
         <run_address>0x87be</run_address>
         <size>0x1ca</size>
         <input_file_ref idref="fl-7"/>
      </object_component>
      <object_component id="oc-1a7">
         <name>.debug_info</name>
         <load_address>0x8988</load_address>
         <run_address>0x8988</run_address>
         <size>0x143</size>
         <input_file_ref idref="fl-7"/>
      </object_component>
      <object_component id="oc-1c8">
         <name>.debug_info</name>
         <load_address>0x8acb</load_address>
         <run_address>0x8acb</run_address>
         <size>0x131</size>
         <input_file_ref idref="fl-7"/>
      </object_component>
      <object_component id="oc-1ce">
         <name>.debug_info</name>
         <load_address>0x8bfc</load_address>
         <run_address>0x8bfc</run_address>
         <size>0x129</size>
         <input_file_ref idref="fl-7"/>
      </object_component>
      <object_component id="oc-c7">
         <name>.debug_info</name>
         <load_address>0x8d25</load_address>
         <run_address>0x8d25</run_address>
         <size>0x1a5</size>
         <input_file_ref idref="fl-7"/>
      </object_component>
      <object_component id="oc-df">
         <name>.debug_info</name>
         <load_address>0x8eca</load_address>
         <run_address>0x8eca</run_address>
         <size>0x13d</size>
         <input_file_ref idref="fl-7"/>
      </object_component>
      <object_component id="oc-d3">
         <name>.debug_info</name>
         <load_address>0x9007</load_address>
         <run_address>0x9007</run_address>
         <size>0x16f</size>
         <input_file_ref idref="fl-7"/>
      </object_component>
      <object_component id="oc-d9">
         <name>.debug_info</name>
         <load_address>0x9176</load_address>
         <run_address>0x9176</run_address>
         <size>0x11d</size>
         <input_file_ref idref="fl-7"/>
      </object_component>
      <object_component id="oc-cd">
         <name>.debug_info</name>
         <load_address>0x9293</load_address>
         <run_address>0x9293</run_address>
         <size>0x162</size>
         <input_file_ref idref="fl-7"/>
      </object_component>
      <object_component id="oc-a4">
         <name>.debug_info</name>
         <load_address>0x93f5</load_address>
         <run_address>0x93f5</run_address>
         <size>0xd8</size>
         <input_file_ref idref="fl-36"/>
      </object_component>
      <object_component id="oc-82">
         <name>.debug_info</name>
         <load_address>0x94cd</load_address>
         <run_address>0x94cd</run_address>
         <size>0x179</size>
         <input_file_ref idref="fl-37"/>
      </object_component>
      <object_component id="oc-b3">
         <name>.debug_info</name>
         <load_address>0x9646</load_address>
         <run_address>0x9646</run_address>
         <size>0x1a9</size>
         <input_file_ref idref="fl-38"/>
      </object_component>
      <object_component id="oc-46">
         <name>.debug_info</name>
         <load_address>0x97ef</load_address>
         <run_address>0x97ef</run_address>
         <size>0x1ab</size>
         <input_file_ref idref="fl-38"/>
      </object_component>
      <object_component id="oc-ae">
         <name>.debug_info</name>
         <load_address>0x999a</load_address>
         <run_address>0x999a</run_address>
         <size>0x46</size>
         <input_file_ref idref="fl-38"/>
      </object_component>
      <object_component id="oc-12f">
         <name>.debug_info</name>
         <load_address>0x99e0</load_address>
         <run_address>0x99e0</run_address>
         <size>0x2c</size>
         <input_file_ref idref="fl-38"/>
      </object_component>
      <object_component id="oc-bb">
         <name>.debug_info</name>
         <load_address>0x9a0c</load_address>
         <run_address>0x9a0c</run_address>
         <size>0x166</size>
         <input_file_ref idref="fl-39"/>
      </object_component>
      <object_component id="oc-b6">
         <name>.debug_info</name>
         <load_address>0x9b72</load_address>
         <run_address>0x9b72</run_address>
         <size>0x21d</size>
         <input_file_ref idref="fl-39"/>
      </object_component>
      <object_component id="oc-4c">
         <name>.debug_info</name>
         <load_address>0x9d8f</load_address>
         <run_address>0x9d8f</run_address>
         <size>0x194</size>
         <input_file_ref idref="fl-39"/>
      </object_component>
      <object_component id="oc-bc">
         <name>.debug_info</name>
         <load_address>0x9f23</load_address>
         <run_address>0x9f23</run_address>
         <size>0x39</size>
         <input_file_ref idref="fl-39"/>
      </object_component>
      <object_component id="oc-ea">
         <name>.debug_info</name>
         <load_address>0x9f5c</load_address>
         <run_address>0x9f5c</run_address>
         <size>0x157</size>
         <input_file_ref idref="fl-3a"/>
      </object_component>
      <object_component id="oc-62">
         <name>.debug_info</name>
         <load_address>0xa0b3</load_address>
         <run_address>0xa0b3</run_address>
         <size>0x19d</size>
         <input_file_ref idref="fl-3a"/>
      </object_component>
      <object_component id="oc-e5">
         <name>.debug_info</name>
         <load_address>0xa250</load_address>
         <run_address>0xa250</run_address>
         <size>0x46</size>
         <input_file_ref idref="fl-3a"/>
      </object_component>
      <object_component id="oc-2eb">
         <name>.debug_info</name>
         <load_address>0xa296</load_address>
         <run_address>0xa296</run_address>
         <size>0x102</size>
         <input_file_ref idref="fl-3c"/>
      </object_component>
      <object_component id="oc-115">
         <name>.debug_info</name>
         <load_address>0xa398</load_address>
         <run_address>0xa398</run_address>
         <size>0xfa</size>
         <input_file_ref idref="fl-3d"/>
      </object_component>
      <object_component id="oc-c2">
         <name>.debug_info</name>
         <load_address>0xa492</load_address>
         <run_address>0xa492</run_address>
         <size>0xee</size>
         <input_file_ref idref="fl-4d"/>
      </object_component>
      <object_component id="oc-32e">
         <name>.debug_info</name>
         <load_address>0xa580</load_address>
         <run_address>0xa580</run_address>
         <size>0xff</size>
         <input_file_ref idref="fl-4e"/>
      </object_component>
      <object_component id="oc-127">
         <name>.debug_info</name>
         <load_address>0xa67f</load_address>
         <run_address>0xa67f</run_address>
         <size>0x15f</size>
         <input_file_ref idref="fl-4f"/>
      </object_component>
      <object_component id="oc-a8">
         <name>.debug_info</name>
         <load_address>0xa7de</load_address>
         <run_address>0xa7de</run_address>
         <size>0x174</size>
         <input_file_ref idref="fl-4f"/>
      </object_component>
      <object_component id="oc-1db">
         <name>.debug_info</name>
         <load_address>0xa952</load_address>
         <run_address>0xa952</run_address>
         <size>0x109</size>
         <input_file_ref idref="fl-53"/>
      </object_component>
      <object_component id="oc-ec">
         <name>.debug_info</name>
         <load_address>0xaa5b</load_address>
         <run_address>0xaa5b</run_address>
         <size>0x12b</size>
         <input_file_ref idref="fl-57"/>
      </object_component>
      <object_component id="oc-189">
         <name>.debug_info</name>
         <load_address>0xab86</load_address>
         <run_address>0xab86</run_address>
         <size>0x306</size>
         <input_file_ref idref="fl-60"/>
      </object_component>
      <object_component id="oc-f2">
         <name>.debug_info</name>
         <load_address>0xae8c</load_address>
         <run_address>0xae8c</run_address>
         <size>0x1da</size>
         <input_file_ref idref="fl-60"/>
      </object_component>
      <object_component id="oc-22f">
         <name>.debug_info</name>
         <load_address>0xb066</load_address>
         <run_address>0xb066</run_address>
         <size>0x39</size>
         <input_file_ref idref="fl-60"/>
      </object_component>
      <object_component id="oc-18a">
         <name>.debug_info</name>
         <load_address>0xb09f</load_address>
         <run_address>0xb09f</run_address>
         <size>0x2c</size>
         <input_file_ref idref="fl-60"/>
      </object_component>
      <object_component id="oc-387">
         <name>.debug_info</name>
         <load_address>0xb0cb</load_address>
         <run_address>0xb0cb</run_address>
         <size>0xbb</size>
      </object_component>
      <object_component id="oc-211">
         <name>.debug_line</name>
         <load_address>0x0</load_address>
         <run_address>0x0</run_address>
         <size>0x45</size>
         <input_file_ref idref="fl-2"/>
      </object_component>
      <object_component id="oc-2ae">
         <name>.debug_line</name>
         <load_address>0x45</load_address>
         <run_address>0x45</run_address>
         <size>0x31</size>
         <input_file_ref idref="fl-2"/>
      </object_component>
      <object_component id="oc-10f">
         <name>.debug_line</name>
         <load_address>0x76</load_address>
         <run_address>0x76</run_address>
         <size>0x7a</size>
         <input_file_ref idref="fl-2"/>
      </object_component>
      <object_component id="oc-182">
         <name>.debug_line</name>
         <load_address>0xf0</load_address>
         <run_address>0xf0</run_address>
         <size>0x50</size>
         <input_file_ref idref="fl-2"/>
      </object_component>
      <object_component id="oc-2b0">
         <name>.debug_line</name>
         <load_address>0x140</load_address>
         <run_address>0x140</run_address>
         <size>0x47</size>
         <input_file_ref idref="fl-2"/>
      </object_component>
      <object_component id="oc-15b">
         <name>.debug_line</name>
         <load_address>0x187</load_address>
         <run_address>0x187</run_address>
         <size>0x44</size>
         <input_file_ref idref="fl-2"/>
      </object_component>
      <object_component id="oc-1c5">
         <name>.debug_line</name>
         <load_address>0x1cb</load_address>
         <run_address>0x1cb</run_address>
         <size>0x6d</size>
         <input_file_ref idref="fl-2"/>
      </object_component>
      <object_component id="oc-1f4">
         <name>.debug_line</name>
         <load_address>0x238</load_address>
         <run_address>0x238</run_address>
         <size>0x34</size>
         <input_file_ref idref="fl-2"/>
      </object_component>
      <object_component id="oc-215">
         <name>.debug_line</name>
         <load_address>0x26c</load_address>
         <run_address>0x26c</run_address>
         <size>0x31</size>
         <input_file_ref idref="fl-2"/>
      </object_component>
      <object_component id="oc-124">
         <name>.debug_line</name>
         <load_address>0x29d</load_address>
         <run_address>0x29d</run_address>
         <size>0x20</size>
         <input_file_ref idref="fl-2"/>
      </object_component>
      <object_component id="oc-161">
         <name>.debug_line</name>
         <load_address>0x2bd</load_address>
         <run_address>0x2bd</run_address>
         <size>0x63</size>
         <input_file_ref idref="fl-2"/>
      </object_component>
      <object_component id="oc-2d7">
         <name>.debug_line</name>
         <load_address>0x320</load_address>
         <run_address>0x320</run_address>
         <size>0xc3</size>
         <input_file_ref idref="fl-3"/>
      </object_component>
      <object_component id="oc-292">
         <name>.debug_line</name>
         <load_address>0x3e3</load_address>
         <run_address>0x3e3</run_address>
         <size>0x78</size>
         <input_file_ref idref="fl-3"/>
      </object_component>
      <object_component id="oc-2a9">
         <name>.debug_line</name>
         <load_address>0x45b</load_address>
         <run_address>0x45b</run_address>
         <size>0x6f</size>
         <input_file_ref idref="fl-3"/>
      </object_component>
      <object_component id="oc-151">
         <name>.debug_line</name>
         <load_address>0x4ca</load_address>
         <run_address>0x4ca</run_address>
         <size>0x77</size>
         <input_file_ref idref="fl-3"/>
      </object_component>
      <object_component id="oc-2a1">
         <name>.debug_line</name>
         <load_address>0x541</load_address>
         <run_address>0x541</run_address>
         <size>0x5b</size>
         <input_file_ref idref="fl-3"/>
      </object_component>
      <object_component id="oc-2be">
         <name>.debug_line</name>
         <load_address>0x59c</load_address>
         <run_address>0x59c</run_address>
         <size>0x5d</size>
         <input_file_ref idref="fl-3"/>
      </object_component>
      <object_component id="oc-29b">
         <name>.debug_line</name>
         <load_address>0x5f9</load_address>
         <run_address>0x5f9</run_address>
         <size>0x6a</size>
         <input_file_ref idref="fl-3"/>
      </object_component>
      <object_component id="oc-200">
         <name>.debug_line</name>
         <load_address>0x663</load_address>
         <run_address>0x663</run_address>
         <size>0x5a</size>
         <input_file_ref idref="fl-3"/>
      </object_component>
      <object_component id="oc-206">
         <name>.debug_line</name>
         <load_address>0x6bd</load_address>
         <run_address>0x6bd</run_address>
         <size>0x66</size>
         <input_file_ref idref="fl-3"/>
      </object_component>
      <object_component id="oc-1fa">
         <name>.debug_line</name>
         <load_address>0x723</load_address>
         <run_address>0x723</run_address>
         <size>0x5a</size>
         <input_file_ref idref="fl-3"/>
      </object_component>
      <object_component id="oc-20c">
         <name>.debug_line</name>
         <load_address>0x77d</load_address>
         <run_address>0x77d</run_address>
         <size>0x59</size>
         <input_file_ref idref="fl-3"/>
      </object_component>
      <object_component id="oc-28c">
         <name>.debug_line</name>
         <load_address>0x7d6</load_address>
         <run_address>0x7d6</run_address>
         <size>0x5b</size>
         <input_file_ref idref="fl-3"/>
      </object_component>
      <object_component id="oc-314">
         <name>.debug_line</name>
         <load_address>0x831</load_address>
         <run_address>0x831</run_address>
         <size>0x5a</size>
         <input_file_ref idref="fl-3"/>
      </object_component>
      <object_component id="oc-1ef">
         <name>.debug_line</name>
         <load_address>0x88b</load_address>
         <run_address>0x88b</run_address>
         <size>0x3c</size>
         <input_file_ref idref="fl-3"/>
      </object_component>
      <object_component id="oc-2b9">
         <name>.debug_line</name>
         <load_address>0x8c7</load_address>
         <run_address>0x8c7</run_address>
         <size>0x56</size>
         <input_file_ref idref="fl-4"/>
      </object_component>
      <object_component id="oc-2b7">
         <name>.debug_line</name>
         <load_address>0x91d</load_address>
         <run_address>0x91d</run_address>
         <size>0x3c</size>
         <input_file_ref idref="fl-4"/>
      </object_component>
      <object_component id="oc-251">
         <name>.debug_line</name>
         <load_address>0x959</load_address>
         <run_address>0x959</run_address>
         <size>0x5b</size>
         <input_file_ref idref="fl-4"/>
      </object_component>
      <object_component id="oc-27a">
         <name>.debug_line</name>
         <load_address>0x9b4</load_address>
         <run_address>0x9b4</run_address>
         <size>0xab</size>
         <input_file_ref idref="fl-4"/>
      </object_component>
      <object_component id="oc-308">
         <name>.debug_line</name>
         <load_address>0xa5f</load_address>
         <run_address>0xa5f</run_address>
         <size>0x56</size>
         <input_file_ref idref="fl-4"/>
      </object_component>
      <object_component id="oc-229">
         <name>.debug_line</name>
         <load_address>0xab5</load_address>
         <run_address>0xab5</run_address>
         <size>0x61</size>
         <input_file_ref idref="fl-4"/>
      </object_component>
      <object_component id="oc-21c">
         <name>.debug_line</name>
         <load_address>0xb16</load_address>
         <run_address>0xb16</run_address>
         <size>0x56</size>
         <input_file_ref idref="fl-4"/>
      </object_component>
      <object_component id="oc-13f">
         <name>.debug_line</name>
         <load_address>0xb6c</load_address>
         <run_address>0xb6c</run_address>
         <size>0x56</size>
         <input_file_ref idref="fl-4"/>
      </object_component>
      <object_component id="oc-145">
         <name>.debug_line</name>
         <load_address>0xbc2</load_address>
         <run_address>0xbc2</run_address>
         <size>0x53</size>
         <input_file_ref idref="fl-4"/>
      </object_component>
      <object_component id="oc-31a">
         <name>.debug_line</name>
         <load_address>0xc15</load_address>
         <run_address>0xc15</run_address>
         <size>0x52</size>
         <input_file_ref idref="fl-4"/>
      </object_component>
      <object_component id="oc-30e">
         <name>.debug_line</name>
         <load_address>0xc67</load_address>
         <run_address>0xc67</run_address>
         <size>0x52</size>
         <input_file_ref idref="fl-4"/>
      </object_component>
      <object_component id="oc-336">
         <name>.debug_line</name>
         <load_address>0xcb9</load_address>
         <run_address>0xcb9</run_address>
         <size>0x77</size>
         <input_file_ref idref="fl-5"/>
      </object_component>
      <object_component id="oc-280">
         <name>.debug_line</name>
         <load_address>0xd30</load_address>
         <run_address>0xd30</run_address>
         <size>0x59</size>
         <input_file_ref idref="fl-5"/>
      </object_component>
      <object_component id="oc-286">
         <name>.debug_line</name>
         <load_address>0xd89</load_address>
         <run_address>0xd89</run_address>
         <size>0x54</size>
         <input_file_ref idref="fl-5"/>
      </object_component>
      <object_component id="oc-2c4">
         <name>.debug_line</name>
         <load_address>0xddd</load_address>
         <run_address>0xddd</run_address>
         <size>0x57</size>
         <input_file_ref idref="fl-5"/>
      </object_component>
      <object_component id="oc-322">
         <name>.debug_line</name>
         <load_address>0xe34</load_address>
         <run_address>0xe34</run_address>
         <size>0x60</size>
         <input_file_ref idref="fl-5"/>
      </object_component>
      <object_component id="oc-329">
         <name>.debug_line</name>
         <load_address>0xe94</load_address>
         <run_address>0xe94</run_address>
         <size>0x62</size>
         <input_file_ref idref="fl-5"/>
      </object_component>
      <object_component id="oc-2d3">
         <name>.debug_line</name>
         <load_address>0xef6</load_address>
         <run_address>0xef6</run_address>
         <size>0x57</size>
         <input_file_ref idref="fl-5"/>
      </object_component>
      <object_component id="oc-2ca">
         <name>.debug_line</name>
         <load_address>0xf4d</load_address>
         <run_address>0xf4d</run_address>
         <size>0x65</size>
         <input_file_ref idref="fl-5"/>
      </object_component>
      <object_component id="oc-2da">
         <name>.debug_line</name>
         <load_address>0xfb2</load_address>
         <run_address>0xfb2</run_address>
         <size>0xb2</size>
         <input_file_ref idref="fl-6"/>
      </object_component>
      <object_component id="oc-257">
         <name>.debug_line</name>
         <load_address>0x1064</load_address>
         <run_address>0x1064</run_address>
         <size>0x5b</size>
         <input_file_ref idref="fl-6"/>
      </object_component>
      <object_component id="oc-2e7">
         <name>.debug_line</name>
         <load_address>0x10bf</load_address>
         <run_address>0x10bf</run_address>
         <size>0x63</size>
         <input_file_ref idref="fl-6"/>
      </object_component>
      <object_component id="oc-2f2">
         <name>.debug_line</name>
         <load_address>0x1122</load_address>
         <run_address>0x1122</run_address>
         <size>0x55</size>
         <input_file_ref idref="fl-6"/>
      </object_component>
      <object_component id="oc-25f">
         <name>.debug_line</name>
         <load_address>0x1177</load_address>
         <run_address>0x1177</run_address>
         <size>0x102</size>
         <input_file_ref idref="fl-6"/>
      </object_component>
      <object_component id="oc-266">
         <name>.debug_line</name>
         <load_address>0x1279</load_address>
         <run_address>0x1279</run_address>
         <size>0x62</size>
         <input_file_ref idref="fl-6"/>
      </object_component>
      <object_component id="oc-26d">
         <name>.debug_line</name>
         <load_address>0x12db</load_address>
         <run_address>0x12db</run_address>
         <size>0x62</size>
         <input_file_ref idref="fl-6"/>
      </object_component>
      <object_component id="oc-273">
         <name>.debug_line</name>
         <load_address>0x133d</load_address>
         <run_address>0x133d</run_address>
         <size>0x5a</size>
         <input_file_ref idref="fl-6"/>
      </object_component>
      <object_component id="oc-16e">
         <name>.debug_line</name>
         <load_address>0x1397</load_address>
         <run_address>0x1397</run_address>
         <size>0x4f</size>
         <input_file_ref idref="fl-6"/>
      </object_component>
      <object_component id="oc-1ea">
         <name>.debug_line</name>
         <load_address>0x13e6</load_address>
         <run_address>0x13e6</run_address>
         <size>0x39</size>
         <input_file_ref idref="fl-6"/>
      </object_component>
      <object_component id="oc-12b">
         <name>.debug_line</name>
[...]
      </symbol>
      <symbol id="sm-191">
         <name>flagEnviado</name>
         <value>0x11f0</value>
         <object_component_ref idref="oc-1bb"/>
      </symbol>
      <symbol id="sm-192">
         <name>app_RxPacketISR</name>
         <value>0x114f0</value>
         <object_component_ref idref="oc-157"/>
      </symbol>
      <symbol id="sm-193">
         <name>contador</name>
         <value>0x11f4</value>
         <object_component_ref idref="oc-1bb"/>
      </symbol>
      <symbol id="sm-194">
         <name>app_TimerISR_1ms</name>
         <value>0x11442</value>
         <object_component_ref idref="oc-17e"/>
      </symbol>
      <symbol id="sm-195">
         <name>flagCalibration</name>
         <value>0x11e5</value>
         <object_component_ref idref="oc-1bb"/>
      </symbol>
      <symbol id="sm-196">
         <name>main</name>
         <value>0x10aaa</value>
         <object_component_ref idref="oc-10b"/>
      </symbol>
      <symbol id="sm-197">
         <name>tiem_envio</name>
         <value>0x11e7</value>
         <object_component_ref idref="oc-1bb"/>
      </symbol>
      <symbol id="sm-198">
         <name>tar_segundo</name>
         <value>0x11e0</value>
         <object_component_ref idref="oc-1bb"/>
      </symbol>
      <symbol id="sm-199">
         <name>net_myAddr</name>
         <value>0x11e4</value>
         <object_component_ref idref="oc-1bb"/>
      </symbol>
      <symbol id="sm-19a">
         <name>checkSum</name>
         <value>0x11f2</value>
         <object_component_ref idref="oc-1bb"/>
      </symbol>
      <symbol id="sm-19b">
         <name>estado</name>
         <value>0x11e3</value>
         <object_component_ref idref="oc-1bb"/>
      </symbol>
      <symbol id="sm-19c">
         <name>flag_calibracion_automatica</name>
         <value>0x11ea</value>
         <object_component_ref idref="oc-1bb"/>
      </symbol>
      <symbol id="sm-19d">
         <name>procesar_uart</name>
         <value>0x10cfc</value>
         <object_component_ref idref="oc-1c1"/>
      </symbol>
      <symbol id="sm-19e">
         <name>correccion</name>
         <value>0x11e8</value>
         <object_component_ref idref="oc-1bb"/>
      </symbol>
      <symbol id="sm-19f">
         <name>length</name>
         <value>0x11ee</value>
         <object_component_ref idref="oc-1bb"/>
      </symbol>
      <symbol id="sm-212">
         <name>hal_cc2500_readReg</name>
         <value>0x110ce</value>
         <object_component_ref idref="oc-1fc"/>
      </symbol>
      <symbol id="sm-213">
         <name>hal_cc2500_wakeup</name>
         <value>0x1123e</value>
         <object_component_ref idref="oc-2ba"/>
      </symbol>
      <symbol id="sm-214">
         <name>hal_cc2500_readStatus</name>
         <value>0x11108</value>
         <object_component_ref idref="oc-1f6"/>
      </symbol>
      <symbol id="sm-215">
         <name>hal_cc2500_writeReg</name>
         <value>0x1100a</value>
         <object_component_ref idref="oc-29d"/>
      </symbol>
      <symbol id="sm-216">
         <name>hal_cc2500_WriteRFSettings</name>
         <value>0x1057c</value>
         <object_component_ref idref="oc-28e"/>
      </symbol>
      <symbol id="sm-217">
         <name>hal_cc2500_readBurstReg</name>
         <value>0x10d62</value>
         <object_component_ref idref="oc-202"/>
      </symbol>
      <symbol id="sm-218">
         <name>hal_cc2500_receivePacket</name>
         <value>0x108a4</value>
         <object_component_ref idref="oc-14d"/>
      </symbol>
      <symbol id="sm-219">
         <name>hal_cc2500_sendPacket</name>
         <value>0x109d4</value>
         <object_component_ref idref="oc-2a5"/>
      </symbol>
      <symbol id="sm-21a">
         <name>hal_cc2500_powerupReset</name>
         <value>0x10f20</value>
         <object_component_ref idref="oc-288"/>
      </symbol>
      <symbol id="sm-21b">
         <name>hal_cc2500_strobe</name>
         <value>0x1120e</value>
         <object_component_ref idref="oc-208"/>
      </symbol>
      <symbol id="sm-21c">
         <name>hal_cc2500_status</name>
         <value>0x11178</value>
         <object_component_ref idref="oc-310"/>
      </symbol>
      <symbol id="sm-21d">
         <name>hal_cc2500_writeBurstReg</name>
         <value>0x10bb8</value>
         <object_component_ref idref="oc-297"/>
      </symbol>
      <symbol id="sm-280">
         <name>hal_pin_toggle</name>
         <value>0x11142</value>
         <object_component_ref idref="oc-218"/>
      </symbol>
      <symbol id="sm-281">
         <name>hal_pin_in</name>
         <value>0x1126e</value>
         <object_component_ref idref="oc-304"/>
      </symbol>
      <symbol id="sm-282">
         <name>hal_pin_init</name>
         <value>0x111aa</value>
         <object_component_ref idref="oc-24d"/>
      </symbol>
      <symbol id="sm-283">
         <name>hal_pin_intGetFlag</name>
         <value>0x1129e</value>
         <object_component_ref idref="oc-13b"/>
      </symbol>
      <symbol id="sm-284">
         <name>hal_pin_config</name>
         <value>0x10000</value>
         <object_component_ref idref="oc-276"/>
      </symbol>
      <symbol id="sm-285">
         <name>hal_pin_intDisable</name>
         <value>0x11350</value>
         <object_component_ref idref="oc-30a"/>
      </symbol>
      <symbol id="sm-286">
         <name>hal_pin_out</name>
         <value>0x10dc0</value>
         <object_component_ref idref="oc-225"/>
      </symbol>
      <symbol id="sm-287">
         <name>hal_pin_intClearFlag</name>
         <value>0x112ce</value>
         <object_component_ref idref="oc-141"/>
      </symbol>
      <symbol id="sm-288">
         <name>hal_pin_intEnable</name>
         <value>0x11378</value>
         <object_component_ref idref="oc-316"/>
      </symbol>
      <symbol id="sm-289">
         <name>pinPort</name>
         <value>0x2208</value>
         <object_component_ref idref="oc-1df"/>
      </symbol>
      <symbol id="sm-2ca">
         <name>spiBaseAdd</name>
         <value>0x11d0</value>
      </symbol>
      <symbol id="sm-2cb">
         <name>spi1_txBufReady</name>
         <value>0x11326</value>
         <object_component_ref idref="oc-31e"/>
      </symbol>
      <symbol id="sm-2cc">
         <name>spi1_start</name>
         <value>0x114d2</value>
         <object_component_ref idref="oc-282"/>
      </symbol>
      <symbol id="sm-2cd">
         <name>spi1_setup</name>
         <value>0x1104e</value>
         <object_component_ref idref="oc-27c"/>
      </symbol>
      <symbol id="sm-2ce">
         <name>spi1_wr</name>
         <value>0x11090</value>
         <object_component_ref idref="oc-2c6"/>
      </symbol>
      <symbol id="sm-2cf">
         <name>spi1_busy</name>
         <value>0x114b2</value>
         <object_component_ref idref="oc-2cf"/>
      </symbol>
      <symbol id="sm-2d0">
         <name>spi1_rxFinish</name>
         <value>0x111dc</value>
         <object_component_ref idref="oc-325"/>
      </symbol>
      <symbol id="sm-2d1">
         <name>spi1_write</name>
         <value>0x113c4</value>
         <object_component_ref idref="oc-2c0"/>
      </symbol>
      <symbol id="sm-334">
         <name>prtInfList</name>
         <value>0x115a</value>
      </symbol>
      <symbol id="sm-335">
         <name>setUartRxBuffer</name>
         <value>0x10e74</value>
         <object_component_ref idref="oc-269"/>
      </symbol>
      <symbol id="sm-336">
         <name>initUartPort</name>
         <value>0x10f72</value>
         <object_component_ref idref="oc-2e3"/>
      </symbol>
      <symbol id="sm-337">
         <name>initUartDriver</name>
         <value>0x112fa</value>
         <object_component_ref idref="oc-253"/>
      </symbol>
      <symbol id="sm-338">
         <name>setUartTxBuffer</name>
         <value>0x10eca</value>
         <object_component_ref idref="oc-262"/>
      </symbol>
      <symbol id="sm-339">
         <name>usart1_rx_char_ISR</name>
         <value>0x114a2</value>
         <object_component_ref idref="oc-16a"/>
      </symbol>
      <symbol id="sm-33a">
         <name>configUSARTUart</name>
         <value>0x1030a</value>
         <object_component_ref idref="oc-25b"/>
      </symbol>
      <symbol id="sm-33b">
         <name>initBufferDefaults</name>
         <value>0x10fc4</value>
         <object_component_ref idref="oc-2ee"/>
      </symbol>
      <symbol id="sm-33c">
         <name>enableUartRx</name>
         <value>0x10b40</value>
         <object_component_ref idref="oc-26f"/>
      </symbol>
      <symbol id="sm-3c2">
         <name>bsp_contMs</name>
         <value>0x11d6</value>
      </symbol>
      <symbol id="sm-3c3">
         <name>rf_rxBuffer</name>
         <value>0x116e</value>
      </symbol>
      <symbol id="sm-3c4">
         <name>rf_rxLen</name>
         <value>0x11db</value>
      </symbol>
      <symbol id="sm-3c5">
         <name>rf_rxRssi</name>
         <value>0x11dd</value>
      </symbol>
      <symbol id="sm-3c6">
         <name>rf_rxLqi</name>
         <value>0x11dc</value>
      </symbol>
      <symbol id="sm-3c7">
         <name>rf_rxAddr</name>
         <value>0x11da</value>
      </symbol>
      <symbol id="sm-3c8">
         <name>cnf</name>
         <value>0x1100</value>
      </symbol>
      <symbol id="sm-3c9">
         <name>uartUsartRegs</name>
         <value>0x112e</value>
      </symbol>
      <symbol id="sm-3ca">
         <name>uartTxBuf</name>
         <value>0x11b4</value>
      </symbol>
      <symbol id="sm-3cb">
         <name>uartRxBuf</name>
         <value>0x11a4</value>
      </symbol>
      <symbol id="sm-3cc">
         <name>RF_PwrUpRx</name>
         <value>0x114be</value>
         <object_component_ref idref="oc-1a6"/>
      </symbol>
      <symbol id="sm-3cd">
         <name>__TI_int28</name>
         <value>0xfff8</value>
         <object_component_ref idref="oc-5e"/>
      </symbol>
      <symbol id="sm-3ce">
         <name>__TI_int29</name>
         <value>0xfffa</value>
         <object_component_ref idref="oc-5f"/>
      </symbol>
      <symbol id="sm-3cf">
         <name>__TI_int26</name>
         <value>0xfff4</value>
         <object_component_ref idref="oc-5c"/>
      </symbol>
      <symbol id="sm-3d0">
         <name>RF_SendPacket</name>
         <value>0x113e2</value>
         <object_component_ref idref="oc-1af"/>
      </symbol>
      <symbol id="sm-3d1">
         <name>__TI_int22</name>
         <value>0xffec</value>
         <object_component_ref idref="oc-58"/>
      </symbol>
      <symbol id="sm-3d2">
         <name>__TI_int20</name>
         <value>0xffe8</value>
         <object_component_ref idref="oc-56"/>
      </symbol>
      <symbol id="sm-3d3">
         <name>__TI_int30</name>
         <value>0xfffc</value>
         <object_component_ref idref="oc-60"/>
      </symbol>
      <symbol id="sm-3d4">
         <name>cc_spiSIMO</name>
         <value>0x23f2</value>
         <object_component_ref idref="oc-138"/>
      </symbol>
      <symbol id="sm-3d5">
         <name>__TI_int19</name>
         <value>0xffe6</value>
         <object_component_ref idref="oc-55"/>
      </symbol>
      <symbol id="sm-3d6">
         <name>__TI_int17</name>
         <value>0xffe2</value>
         <object_component_ref idref="oc-53"/>
      </symbol>
      <symbol id="sm-3d7">
         <name>usart1_rx</name>
         <value>0x215c</value>
         <object_component_ref idref="oc-cc"/>
      </symbol>
      <symbol id="sm-3d8">
         <name>Port1_ISR</name>
         <value>0x219a</value>
         <object_component_ref idref="oc-d2"/>
      </symbol>
      <symbol id="sm-3d9">
         <name>uart_rxData</name>
         <value>0x1142c</value>
         <object_component_ref idref="oc-1c7"/>
      </symbol>
      <symbol id="sm-3da">
         <name>cont</name>
         <value>0x1200</value>
         <object_component_ref idref="oc-171"/>
      </symbol>
      <symbol id="sm-3db">
         <name>cc_LNAEN</name>
         <value>0x23ca</value>
         <object_component_ref idref="oc-138"/>
      </symbol>
      <symbol id="sm-3dc">
         <name>flag_wakeup</name>
         <value>0x11fb</value>
         <object_component_ref idref="oc-171"/>
      </symbol>
      <symbol id="sm-3dd">
         <name>ISR_trap</name>
         <value>0x2206</value>
         <object_component_ref idref="oc-d8"/>
      </symbol>
      <symbol id="sm-3de">
         <name>port2_ISR</name>
         <value>0x2100</value>
         <object_component_ref idref="oc-c6"/>
      </symbol>
      <symbol id="sm-3df">
         <name>getDato</name>
         <value>0x114e2</value>
         <object_component_ref idref="oc-1cd"/>
      </symbol>
      <symbol id="sm-3e0">
         <name>uart_RX</name>
         <value>0x241a</value>
         <object_component_ref idref="oc-138"/>
      </symbol>
      <symbol id="sm-3e1">
         <name>bsp_Init</name>
         <value>0x10718</value>
         <object_component_ref idref="oc-1a0"/>
      </symbol>
      <symbol id="sm-3e2">
         <name>uart_TX</name>
         <value>0x2410</value>
         <object_component_ref idref="oc-138"/>
      </symbol>
      <symbol id="sm-3e3">
         <name>cc_spinCS</name>
         <value>0x23e8</value>
         <object_component_ref idref="oc-138"/>
      </symbol>
      <symbol id="sm-3e4">
         <name>cc_spiCLK</name>
         <value>0x2406</value>
         <object_component_ref idref="oc-138"/>
      </symbol>
      <symbol id="sm-3e5">
         <name>Tb1_ISR</name>
         <value>0x21c2</value>
         <object_component_ref idref="oc-de"/>
      </symbol>
      <symbol id="sm-3e6">
         <name>led_Toggle</name>
         <value>0x11490</value>
         <object_component_ref idref="oc-164"/>
      </symbol>
      <symbol id="sm-3e7">
         <name>cc_gdo2</name>
         <value>0x23de</value>
         <object_component_ref idref="oc-138"/>
      </symbol>
      <symbol id="sm-3e8">
         <name>cc_gdo0</name>
         <value>0x23d4</value>
         <object_component_ref idref="oc-138"/>
      </symbol>
      <symbol id="sm-3e9">
         <name>led_Off</name>
         <value>0x11456</value>
         <object_component_ref idref="oc-174"/>
      </symbol>
      <symbol id="sm-3ea">
         <name>pinLedVerde</name>
         <value>0x2398</value>
         <object_component_ref idref="oc-138"/>
      </symbol>
      <symbol id="sm-3eb">
         <name>cc_PAEN</name>
         <value>0x23c0</value>
         <object_component_ref idref="oc-138"/>
      </symbol>
      <symbol id="sm-3ec">
         <name>bsp_msDelay</name>
         <value>0x113fc</value>
         <object_component_ref idref="oc-1b5"/>
      </symbol>
      <symbol id="sm-3ed">
         <name>pinSW1</name>
         <value>0x23ac</value>
         <object_component_ref idref="oc-138"/>
      </symbol>
      <symbol id="sm-3ee">
         <name>pinSW2</name>
         <value>0x23b6</value>
         <object_component_ref idref="oc-138"/>
      </symbol>
      <symbol id="sm-3ef">
         <name>pinLedRojo</name>
         <value>0x23a2</value>
         <object_component_ref idref="oc-138"/>
      </symbol>
      <symbol id="sm-3f0">
         <name>cc_spiSOMI</name>
         <value>0x23fc</value>
         <object_component_ref idref="oc-138"/>
      </symbol>
      <symbol id="sm-3f1">
         <name>bsp_contTAR</name>
         <value>0x11fc</value>
         <object_component_ref idref="oc-171"/>
      </symbol>
      <symbol id="sm-3f2">
         <name>paTableLen</name>
         <value>0x11fa</value>
         <object_component_ref idref="oc-171"/>
      </symbol>
      <symbol id="sm-3f3">
         <name>paTable</name>
         <value>0x1202</value>
         <object_component_ref idref="oc-294"/>
      </symbol>
      <symbol id="sm-3fc">
         <name>_stack</name>
         <value>0x2088</value>
         <object_component_ref idref="oc-a3"/>
      </symbol>
      <symbol id="sm-3fd">
         <name>_reset_vector</name>
         <value>0xfffe</value>
         <object_component_ref idref="oc-a6"/>
      </symbol>
      <symbol id="sm-408">
         <name>_c_int00_noargs_noexit</name>
         <value>0x21e6</value>
         <object_component_ref idref="oc-7f"/>
      </symbol>
      <symbol id="sm-41e">
         <name>__TI_decompress_none</name>
         <value>0x1147e</value>
         <object_component_ref idref="oc-44"/>
      </symbol>
      <symbol id="sm-440">
         <name>__TI_decompress_rle24</name>
         <value>0x114dc</value>
         <object_component_ref idref="oc-4a"/>
      </symbol>
      <symbol id="sm-453">
         <name>__TI_zero_init</name>
         <value>0x113a0</value>
         <object_component_ref idref="oc-61"/>
      </symbol>
      <symbol id="sm-463">
         <name>__mspabi_remul</name>
         <value>0x10e1c</value>
         <object_component_ref idref="oc-2e9"/>
      </symbol>
      <symbol id="sm-464">
         <name>__mspabi_divul</name>
         <value>0x10e1c</value>
         <object_component_ref idref="oc-2e9"/>
      </symbol>
      <symbol id="sm-46f">
         <name>C$$EXIT</name>
         <value>0x114ec</value>
         <object_component_ref idref="oc-113"/>
      </symbol>
      <symbol id="sm-470">
         <name>abort</name>
         <value>0x114ec</value>
         <object_component_ref idref="oc-113"/>
      </symbol>
      <symbol id="sm-4b1">
         <name>__TI_int14</name>
         <value>0xffdc</value>
         <object_component_ref idref="oc-50"/>
      </symbol>
      <symbol id="sm-4b4">
         <name>__TI_int15</name>
         <value>0xffde</value>
         <object_component_ref idref="oc-51"/>
      </symbol>
      <symbol id="sm-4b7">
         <name>__TI_int16</name>
         <value>0xffe0</value>
         <object_component_ref idref="oc-52"/>
      </symbol>
      <symbol id="sm-4ba">
         <name>__TI_int18</name>
         <value>0xffe4</value>
         <object_component_ref idref="oc-54"/>
      </symbol>
      <symbol id="sm-4bd">
         <name>__TI_int21</name>
         <value>0xffea</value>
         <object_component_ref idref="oc-57"/>
      </symbol>
      <symbol id="sm-4c0">
         <name>__TI_int23</name>
         <value>0xffee</value>
         <object_component_ref idref="oc-59"/>
      </symbol>
      <symbol id="sm-4c3">
         <name>__TI_int24</name>
         <value>0xfff0</value>
         <object_component_ref idref="oc-5a"/>
      </symbol>
      <symbol id="sm-4c6">
         <name>__TI_int25</name>
         <value>0xfff2</value>
         <object_component_ref idref="oc-5b"/>
      </symbol>
      <symbol id="sm-4c9">
         <name>__TI_int27</name>
         <value>0xfff6</value>
         <object_component_ref idref="oc-5d"/>
      </symbol>
      <symbol id="sm-4d1">
         <name>__TI_ISR_TRAP</name>
         <value>0x2200</value>
         <object_component_ref idref="oc-c1"/>
      </symbol>
      <symbol id="sm-4da">
         <name>__mspabi_slli</name>
         <value>0x114c8</value>
         <object_component_ref idref="oc-32d"/>
      </symbol>
      <symbol id="sm-4e8">
         <name>memcpy</name>
         <value>0x1146a</value>
         <object_component_ref idref="oc-a7"/>
      </symbol>
      <symbol id="sm-4ff">
         <name>__mspabi_mpyi_hw</name>
         <value>0x11416</value>
         <object_component_ref idref="oc-1da"/>
      </symbol>
      <symbol id="sm-522">
         <name>_system_pre_init</name>
         <value>0x114e8</value>
         <object_component_ref idref="oc-eb"/>
      </symbol>
      <symbol id="sm-547">
         <name>_auto_init_hold_wdt</name>
         <value>0x10c28</value>
         <object_component_ref idref="oc-f1"/>
      </symbol>
      <symbol id="sm-54e">
         <name>__TI_INITARRAY_Base</name>
         <value>0x0</value>
      </symbol>
      <symbol id="sm-54f">
         <name>__TI_INITARRAY_Limit</name>
         <value>0x0</value>
      </symbol>
   </symbol_table>
   <title>Link successful</title>
</link_info>
